Archive member included to satisfy reference by file (symbol)

c:/program files (x86)/atmel/studio/7.0/toolchain/arm/arm-gnu-toolchain/bin/../lib/gcc/arm-none-eabi/5.3.1/armv7-m\libgcc.a(_arm_addsubdf3.o)
                              src/include/math.o (__aeabi_dadd)
c:/program files (x86)/atmel/studio/7.0/toolchain/arm/arm-gnu-toolchain/bin/../lib/gcc/arm-none-eabi/5.3.1/armv7-m\libgcc.a(_arm_muldivdf3.o)
                              src/include/math.o (__aeabi_dmul)
c:/program files (x86)/atmel/studio/7.0/toolchain/arm/arm-gnu-toolchain/bin/../lib/gcc/arm-none-eabi/5.3.1/armv7-m\libgcc.a(_arm_fixunsdfsi.o)
                              src/include/math.o (__aeabi_d2uiz)
c:/program files (x86)/atmel/studio/7.0/toolchain/arm/arm-gnu-toolchain/bin/../lib/gcc/arm-none-eabi/5.3.1/armv7-m\libgcc.a(_aeabi_uldivmod.o)
                              src/include/fuelcalc.o (__aeabi_uldivmod)
c:/program files (x86)/atmel/studio/7.0/toolchain/arm/arm-gnu-toolchain/bin/../lib/gcc/arm-none-eabi/5.3.1/armv7-m\libgcc.a(_udivmoddi4.o)
                              c:/program files (x86)/atmel/studio/7.0/toolchain/arm/arm-gnu-toolchain/bin/../lib/gcc/arm-none-eabi/5.3.1/armv7-m\libgcc.a(_aeabi_uldivmod.o) (__udivmoddi4)
c:/program files (x86)/atmel/studio/7.0/toolchain/arm/arm-gnu-toolchain/bin/../lib/gcc/arm-none-eabi/5.3.1/armv7-m\libgcc.a(_dvmd_tls.o)
                              c:/program files (x86)/atmel/studio/7.0/toolchain/arm/arm-gnu-toolchain/bin/../lib/gcc/arm-none-eabi/5.3.1/armv7-m\libgcc.a(_aeabi_uldivmod.o) (__aeabi_ldiv0)
c:/program files (x86)/atmel/studio/7.0/toolchain/arm/arm-gnu-toolchain/bin/../lib/gcc/arm-none-eabi/5.3.1/../../../../arm-none-eabi/lib/armv7-m\libc.a(lib_a-exit.o)
                              c:/program files (x86)/atmel/studio/7.0/toolchain/arm/arm-gnu-toolchain/bin/../lib/gcc/arm-none-eabi/5.3.1/../../../../arm-none-eabi/lib/armv7-m/crt0.o (exit)
c:/program files (x86)/atmel/studio/7.0/toolchain/arm/arm-gnu-toolchain/bin/../lib/gcc/arm-none-eabi/5.3.1/../../../../arm-none-eabi/lib/armv7-m\libc.a(lib_a-impure.o)
                              c:/program files (x86)/atmel/studio/7.0/toolchain/arm/arm-gnu-toolchain/bin/../lib/gcc/arm-none-eabi/5.3.1/../../../../arm-none-eabi/lib/armv7-m\libc.a(lib_a-exit.o) (_global_impure_ptr)
c:/program files (x86)/atmel/studio/7.0/toolchain/arm/arm-gnu-toolchain/bin/../lib/gcc/arm-none-eabi/5.3.1/../../../../arm-none-eabi/lib/armv7-m\libc.a(lib_a-init.o)
                              c:/program files (x86)/atmel/studio/7.0/toolchain/arm/arm-gnu-toolchain/bin/../lib/gcc/arm-none-eabi/5.3.1/../../../../arm-none-eabi/lib/armv7-m/crt0.o (__libc_init_array)
c:/program files (x86)/atmel/studio/7.0/toolchain/arm/arm-gnu-toolchain/bin/../lib/gcc/arm-none-eabi/5.3.1/../../../../arm-none-eabi/lib/armv7-m\libc.a(lib_a-iprintf.o)
                              src/ASF/sam/drivers/adc/adc.o (iprintf)
c:/program files (x86)/atmel/studio/7.0/toolchain/arm/arm-gnu-toolchain/bin/../lib/gcc/arm-none-eabi/5.3.1/../../../../arm-none-eabi/lib/armv7-m\libc.a(lib_a-malloc.o)
                              src/include/tables.o (malloc)
c:/program files (x86)/atmel/studio/7.0/toolchain/arm/arm-gnu-toolchain/bin/../lib/gcc/arm-none-eabi/5.3.1/../../../../arm-none-eabi/lib/armv7-m\libc.a(lib_a-mallocr.o)
                              c:/program files (x86)/atmel/studio/7.0/toolchain/arm/arm-gnu-toolchain/bin/../lib/gcc/arm-none-eabi/5.3.1/../../../../arm-none-eabi/lib/armv7-m\libc.a(lib_a-malloc.o) (_malloc_r)
c:/program files (x86)/atmel/studio/7.0/toolchain/arm/arm-gnu-toolchain/bin/../lib/gcc/arm-none-eabi/5.3.1/../../../../arm-none-eabi/lib/armv7-m\libc.a(lib_a-memset.o)
                              c:/program files (x86)/atmel/studio/7.0/toolchain/arm/arm-gnu-toolchain/bin/../lib/gcc/arm-none-eabi/5.3.1/../../../../arm-none-eabi/lib/armv7-m/crt0.o (memset)
c:/program files (x86)/atmel/studio/7.0/toolchain/arm/arm-gnu-toolchain/bin/../lib/gcc/arm-none-eabi/5.3.1/../../../../arm-none-eabi/lib/armv7-m\libc.a(lib_a-mlock.o)
                              c:/program files (x86)/atmel/studio/7.0/toolchain/arm/arm-gnu-toolchain/bin/../lib/gcc/arm-none-eabi/5.3.1/../../../../arm-none-eabi/lib/armv7-m\libc.a(lib_a-mallocr.o) (__malloc_lock)
c:/program files (x86)/atmel/studio/7.0/toolchain/arm/arm-gnu-toolchain/bin/../lib/gcc/arm-none-eabi/5.3.1/../../../../arm-none-eabi/lib/armv7-m\libc.a(lib_a-puts.o)
                              src/ASF/sam/drivers/adc/adc.o (puts)
c:/program files (x86)/atmel/studio/7.0/toolchain/arm/arm-gnu-toolchain/bin/../lib/gcc/arm-none-eabi/5.3.1/../../../../arm-none-eabi/lib/armv7-m\libc.a(lib_a-sbrkr.o)
                              c:/program files (x86)/atmel/studio/7.0/toolchain/arm/arm-gnu-toolchain/bin/../lib/gcc/arm-none-eabi/5.3.1/../../../../arm-none-eabi/lib/armv7-m\libc.a(lib_a-mallocr.o) (_sbrk_r)
[...]
Memory Configuration

Name             Origin             Length             Attributes
rom              0x00080000         0x00080000         xr
sram0            0x20000000         0x00010000         xrw
sram1            0x20080000         0x00008000         xrw
ram              0x20070000         0x00018000         xrw
*default*        0x00000000         0xffffffff

Linker script and memory map

LOAD c:/program files (x86)/atmel/studio/7.0/toolchain/arm/arm-gnu-toolchain/bin/../lib/gcc/arm-none-eabi/5.3.1/armv7-m/crti.o
LOAD c:/program files (x86)/atmel/studio/7.0/toolchain/arm/arm-gnu-toolchain/bin/../lib/gcc/arm-none-eabi/5.3.1/armv7-m/crtbegin.o
LOAD c:/program files (x86)/atmel/studio/7.0/toolchain/arm/arm-gnu-toolchain/bin/../lib/gcc/arm-none-eabi/5.3.1/../../../../arm-none-eabi/lib/armv7-m/crt0.o
LOAD src/ASF/common/components/memory/eeprom/at24cxx/at24cxx.o
LOAD src/ASF/common/services/delay/sam/cycle_counter.o
LOAD src/ASF/sam/drivers/adc/adc.o
LOAD src/ASF/sam/drivers/adc/adc_sam3u.o
LOAD src/ASF/common/services/clock/sam3x/sysclk.o
LOAD src/ASF/common/utils/interrupt/interrupt_sam_nvic.o
LOAD src/ASF/sam/boards/arduino_due_x/init.o
LOAD src/ASF/sam/drivers/pdc/pdc.o
LOAD src/ASF/sam/drivers/pio/pio.o
LOAD src/ASF/sam/drivers/pio/pio_handler.o
LOAD src/ASF/sam/drivers/pmc/pmc.o
LOAD src/ASF/sam/drivers/pmc/sleep.o
LOAD src/ASF/sam/drivers/tc/tc.o
LOAD src/ASF/sam/drivers/twi/twi.o
LOAD src/ASF/sam/utils/cmsis/sam3x/source/templates/exceptions.o
LOAD src/ASF/sam/utils/cmsis/sam3x/source/templates/gcc/startup_sam3x.o
LOAD src/ASF/sam/utils/cmsis/sam3x/source/templates/system_sam3x.o
LOAD src/ASF/sam/utils/syscalls/gcc/syscalls.o
LOAD src/include/ADC.o
LOAD src/include/decoders.o
LOAD src/include/eeprom.o
LOAD src/include/fuelcalc.o
LOAD src/include/global.o
LOAD src/include/igncalc.o
LOAD src/include/interrupts.o
LOAD src/include/math.o
LOAD src/include/sensors.o
LOAD src/include/storage.o
LOAD src/include/tables.o
LOAD src/include/timers.o
LOAD src/include/tunerstudiocomm.o
LOAD src/include/uart.o
LOAD src/main.o
START GROUP
LOAD ../src/ASF/thirdparty/CMSIS/Lib/GCC\libarm_cortexM3l_math.a
LOAD c:/program files (x86)/atmel/studio/7.0/toolchain/arm/arm-gnu-toolchain/bin/../lib/gcc/arm-none-eabi/5.3.1/../../../../arm-none-eabi/lib/armv7-m\libm.a
END GROUP
START GROUP
LOAD c:/program files (x86)/atmel/studio/7.0/toolchain/arm/arm-gnu-toolchain/bin/../lib/gcc/arm-none-eabi/5.3.1/armv7-m\libgcc.a
LOAD c:/program files (x86)/atmel/studio/7.0/toolchain/arm/arm-gnu-toolchain/bin/../lib/gcc/arm-none-eabi/5.3.1/../../../../arm-none-eabi/lib/armv7-m\libc.a
END GROUP
LOAD c:/program files (x86)/atmel/studio/7.0/toolchain/arm/arm-gnu-toolchain/bin/../lib/gcc/arm-none-eabi/5.3.1/armv7-m/crtend.o
LOAD c:/program files (x86)/atmel/studio/7.0/toolchain/arm/arm-gnu-toolchain/bin/../lib/gcc/arm-none-eabi/5.3.1/armv7-m/crtn.o
                0x00002000                __stack_size__ = DEFINED (__stack_size__)?__stack_size__:0x2000
                0x20087ffc                __ram_end__ = ((ORIGIN (ram) + LENGTH (ram)) - 0x4)

.text           0x00080000     0x3524
                0x00080000                . = ALIGN (0x4)
                0x00080000                _sfixed = .
 *(.vectors .vectors.*)
 .vectors       0x00080000       0xf4 src/ASF/sam/utils/cmsis/sam3x/source/templates/gcc/startup_sam3x.o
                0x00080000                exception_table
 *(.text .text.* .gnu.linkonce.t.*)
 .text          0x000800f4       0x5c c:/program files (x86)/atmel/studio/7.0/toolchain/arm/arm-gnu-toolchain/bin/../lib/gcc/arm-none-eabi/5.3.1/armv7-m/crtbegin.o
 .text.at24cxx_acknowledge_polling
                0x00080150       0x48 src/ASF/common/components/memory/eeprom/at24cxx/at24cxx.o
 .text.at24cxx_write_byte
                0x00080198       0x50 src/ASF/common/components/memory/eeprom/at24cxx/at24cxx.o
                0x00080198                at24cxx_write_byte
 .text.at24cxx_read_byte
                0x000801e8       0x38 src/ASF/common/components/memory/eeprom/at24cxx/at24cxx.o
                0x000801e8                at24cxx_read_byte
 .text.at24cxx_read_continuous
                0x00080220       0x38 src/ASF/common/components/memory/eeprom/at24cxx/at24cxx.o
                0x00080220                at24cxx_read_continuous
 .text.adc_init
                0x00080258       0x32 src/ASF/sam/drivers/adc/adc.o
                0x00080258                adc_init
 .text.adc_set_resolution
                0x0008028a       0x10 src/ASF/sam/drivers/adc/adc.o
                0x0008028a                adc_set_resolution
 .text.adc_configure_trigger
                0x0008029a        0xe src/ASF/sam/drivers/adc/adc.o
                0x0008029a                adc_configure_trigger
 .text.adc_configure_timing
                0x000802a8       0x1a src/ASF/sam/drivers/adc/adc.o
                0x000802a8                adc_configure_timing
 .text.adc_start
                0x000802c2        0x6 src/ASF/sam/drivers/adc/adc.o
                0x000802c2                adc_start
 .text.adc_enable_channel
                0x000802c8        0xa src/ASF/sam/drivers/adc/adc.o
                0x000802c8                adc_enable_channel
 .text.adc_enable_tag
                0x000802d2        0xa src/ASF/sam/drivers/adc/adc.o
                0x000802d2                adc_enable_tag
 .text.adc_enable_interrupt
                0x000802dc        0x4 src/ASF/sam/drivers/adc/adc.o
                0x000802dc                adc_enable_interrupt
 .text.sysclk_init
                0x000802e0       0x68 src/ASF/common/services/clock/sam3x/sysclk.o
                0x000802e0                sysclk_init
 .text.board_init
                0x00080348       0x84 src/ASF/sam/boards/arduino_due_x/init.o
                0x00080348                board_init
 .text.pdc_tx_init
                0x000803cc       0x16 src/ASF/sam/drivers/pdc/pdc.o
                0x000803cc                pdc_tx_init
 .text.pdc_enable_transfer
                0x000803e2        0xc src/ASF/sam/drivers/pdc/pdc.o
                0x000803e2                pdc_enable_transfer
 .text.pio_clear
                0x000803ee        0x4 src/ASF/sam/drivers/pio/pio.o
                0x000803ee                pio_clear
 .text.pio_set_peripheral
                0x000803f2       0x3c src/ASF/sam/drivers/pio/pio.o
                0x000803f2                pio_set_peripheral
 .text.pio_set_input
                0x0008042e       0x2c src/ASF/sam/drivers/pio/pio.o
                0x0008042e                pio_set_input
 .text.pio_set_output
                0x0008045a       0x24 src/ASF/sam/drivers/pio/pio.o
                0x0008045a                pio_set_output
 *fill*         0x0008047e        0x2 
 .text.pio_configure_pin
                0x00080480       0xc8 src/ASF/sam/drivers/pio/pio.o
                0x00080480                pio_configure_pin
 .text.pio_configure_pin_group
                0x00080548       0x88 src/ASF/sam/drivers/pio/pio.o
                0x00080548                pio_configure_pin_group
 .text.pmc_switch_mck_to_pllack
                0x000805d0       0x44 src/ASF/sam/drivers/pmc/pmc.o
                0x000805d0                pmc_switch_mck_to_pllack
 .text.pmc_switch_mainck_to_xtal
                0x00080614       0x50 src/ASF/sam/drivers/pmc/pmc.o
                0x00080614                pmc_switch_mainck_to_xtal
 .text.pmc_osc_is_ready_mainck
                0x00080664       0x10 src/ASF/sam/drivers/pmc/pmc.o
                0x00080664                pmc_osc_is_ready_mainck
 .text.pmc_disable_pllack
                0x00080674       0x10 src/ASF/sam/drivers/pmc/pmc.o
                0x00080674                pmc_disable_pllack
 .text.pmc_is_locked_pllack
                0x00080684       0x10 src/ASF/sam/drivers/pmc/pmc.o
                0x00080684                pmc_is_locked_pllack
 .text.pmc_enable_periph_clk
                0x00080694       0x40 src/ASF/sam/drivers/pmc/pmc.o
                0x00080694                pmc_enable_periph_clk
 .text.tc_init  0x000806d4       0x16 src/ASF/sam/drivers/tc/tc.o
                0x000806d4                tc_init
 .text.tc_start
                0x000806ea        0x8 src/ASF/sam/drivers/tc/tc.o
                0x000806ea                tc_start
 .text.tc_read_cv
                0x000806f2        0x8 src/ASF/sam/drivers/tc/tc.o
                0x000806f2                tc_read_cv
 .text.tc_write_ra
                0x000806fa        0x8 src/ASF/sam/drivers/tc/tc.o
                0x000806fa                tc_write_ra
 .text.tc_write_rc
                0x00080702        0x8 src/ASF/sam/drivers/tc/tc.o
                0x00080702                tc_write_rc
 .text.tc_enable_interrupt
                0x0008070a        0x8 src/ASF/sam/drivers/tc/tc.o
                0x0008070a                tc_enable_interrupt
 *fill*         0x00080712        0x2 
 .text.twi_set_speed
                0x00080714       0x90 src/ASF/sam/drivers/twi/twi.o
                0x00080714                twi_set_speed
 .text.twi_master_init
                0x000807a4       0x40 src/ASF/sam/drivers/twi/twi.o
                0x000807a4                twi_master_init
 .text.twi_mk_addr
                0x000807e4       0x22 src/ASF/sam/drivers/twi/twi.o
                0x000807e4                twi_mk_addr
 *fill*         0x00080806        0x2 
 .text.twi_master_read
                0x00080808       0x9c src/ASF/sam/drivers/twi/twi.o
                0x00080808                twi_master_read
 .text.twi_master_write
                0x000808a4       0x6c src/ASF/sam/drivers/twi/twi.o
                0x000808a4                twi_master_write
 .text.Dummy_Handler
                0x00080910        0x2 src/ASF/sam/utils/cmsis/sam3x/source/templates/exceptions.o
                0x00080910                DACC_Handler
                0x00080910                DebugMon_Handler
                0x00080910                DMAC_Handler
                0x00080910                TRNG_Handler
                0x00080910                HardFault_Handler
                0x00080910                SysTick_Handler
                0x00080910                USART3_Handler
                0x00080910                TWI1_Handler
                0x00080910                PendSV_Handler
                0x00080910                NMI_Handler
                0x00080910                SMC_Handler
                0x00080910                USART0_Handler
                0x00080910                RTT_Handler
                0x00080910                EFC1_Handler
                0x00080910                PIOB_Handler
                0x00080910                RTC_Handler
                0x00080910                UsageFault_Handler
                0x00080910                WDT_Handler
                0x00080910                CAN0_Handler
                0x00080910                HSMCI_Handler
                0x00080910                Dummy_Handler
                0x00080910                TWI0_Handler
                0x00080910                USART1_Handler
                0x00080910                SSC_Handler
                0x00080910                EFC0_Handler
                0x00080910                PMC_Handler
                0x00080910                PWM_Handler
                0x00080910                CAN1_Handler
                0x00080910                MemManage_Handler
                0x00080910                SUPC_Handler
                0x00080910                SVC_Handler
                0x00080910                USART2_Handler
                0x00080910                PIOD_Handler
                0x00080910                EMAC_Handler
                0x00080910                PIOC_Handler
                0x00080910                BusFault_Handler
                0x00080910                RSTC_Handler
                0x00080910                UOTGHS_Handler
                0x00080910                SPI0_Handler
 *fill*         0x00080912        0x2 
 .text.Reset_Handler
                0x00080914       0x80 src/ASF/sam/utils/cmsis/sam3x/source/templates/gcc/startup_sam3x.o
                0x00080914                Reset_Handler
 .text.SystemCoreClockUpdate
                0x00080994       0xd0 src/ASF/sam/utils/cmsis/sam3x/source/templates/system_sam3x.o
                0x00080994                SystemCoreClockUpdate
 .text._sbrk    0x00080a64       0x2c src/ASF/sam/utils/syscalls/gcc/syscalls.o
                0x00080a64                _sbrk
 .text.adc_initialize
                0x00080a90       0x98 src/include/ADC.o
                0x00080a90                adc_initialize
 .text.adc_turn_on_multiple_channels
                0x00080b28       0x58 src/include/ADC.o
                0x00080b28                adc_turn_on_multiple_channels
 .text.ADC_Handler
                0x00080b80       0x4c src/include/ADC.o
                0x00080b80                ADC_Handler
 .text.decoders_crank_primary
                0x00080bcc      0x14c src/include/decoders.o
                0x00080bcc                decoders_crank_primary
 .text.eeprom_init
                0x00080d18       0x5c src/include/eeprom.o
                0x00080d18                eeprom_init
 .text.eeprom_read_byte
                0x00080d74       0x5c src/include/eeprom.o
                0x00080d74                eeprom_read_byte
 .text.cylinder_init
                0x00080dd0       0x20 src/include/global.o
                0x00080dd0                cylinder_init
 .text.global_init
                0x00080df0       0xf8 src/include/global.o
                0x00080df0                global_init
 .text.igncalc_ign_time_teeth
                0x00080ee8       0x1c src/include/igncalc.o
                0x00080ee8                igncalc_ign_time_teeth
 .text.igncalc_ign_time_interval
                0x00080f04       0x38 src/include/igncalc.o
                0x00080f04                igncalc_ign_time_interval
 .text.igncalc_dwell_correction
                0x00080f3c       0x2c src/include/igncalc.o
                0x00080f3c                igncalc_dwell_correction
 .text.igncalc_dwell_time
                0x00080f68       0x4c src/include/igncalc.o
                0x00080f68                igncalc_dwell_time
 .text.interrupts_enable_interrupt_vector
                0x00080fb4       0x54 src/include/interrupts.o
                0x00080fb4                interrupts_enable_interrupt_vector
 .text.interrupts_enable_pio
                0x00081008       0x74 src/include/interrupts.o
                0x00081008                interrupts_enable_pio
 .text.PIOA_Handler
                0x0008107c      0x15c src/include/interrupts.o
                0x0008107c                PIOA_Handler
 .text.math_map_adc
                0x000811d8        0x8 src/include/math.o
                0x000811d8                math_map_adc
 .text.math_map
                0x000811e0       0x10 src/include/math.o
                0x000811e0                math_map
 .text.math_find_median
                0x000811f0       0x8c src/include/math.o
                0x000811f0                math_find_median
 .text.math_find_interpolation_index
                0x0008127c       0x32 src/include/math.o
                0x0008127c                math_find_interpolation_index
 .text.math_interpolation
                0x000812ae       0x22 src/include/math.o
                0x000812ae                math_interpolation
 .text.math_interpolation_vector
                0x000812d0       0x74 src/include/math.o
                0x000812d0                math_interpolation_vector
 .text.sensors_init
                0x00081344       0x50 src/include/sensors.o
                0x00081344                sensors_init
 .text.sensors_read_adc
                0x00081394       0xcc src/include/sensors.o
                0x00081394                sensors_read_adc
 .text.storage_struct_read_eeprom_init
                0x00081460       0x10 src/include/storage.o
                0x00081460                storage_struct_read_eeprom_init
 .text.storage_init_struct_to_zero
                0x00081470       0x16 src/include/storage.o
                0x00081470                storage_init_struct_to_zero
 *fill*         0x00081486        0x2 
 .text.tables_Table3D_alloc_mem
                0x00081488       0x4c src/include/tables.o
                0x00081488                tables_Table3D_alloc_mem
 .text.tables_Table3D_read_eeprom
                0x000814d4       0x4c src/include/tables.o
                0x000814d4                tables_Table3D_read_eeprom
 .text.tables_Table3D_init
                0x00081520       0x20 src/include/tables.o
                0x00081520                tables_Table3D_init
 .text.table_init
                0x00081540       0x3c src/include/tables.o
                0x00081540                table_init
 .text.timer_init
                0x0008157c       0x9c src/include/timers.o
                0x0008157c                timer_init
 .text.TC0_Handler
                0x00081618       0x2c src/include/timers.o
                0x00081618                TC0_Handler
 .text.TC1_Handler
                0x00081644       0x2c src/include/timers.o
                0x00081644                TC1_Handler
 .text.TC2_Handler
                0x00081670       0x30 src/include/timers.o
                0x00081670                TC2_Handler
 .text.TC3_Handler
                0x000816a0       0x2c src/include/timers.o
                0x000816a0                TC3_Handler
 .text.TC4_Handler
                0x000816cc        0x2 src/include/timers.o
                0x000816cc                TC4_Handler
 .text.TC5_Handler
                0x000816ce        0x2 src/include/timers.o
                0x000816ce                TC5_Handler
 .text.TC6_Handler
                0x000816d0        0x2 src/include/timers.o
                0x000816d0                TC6_Handler
 .text.TC7_Handler
                0x000816d2        0x2 src/include/timers.o
                0x000816d2                TC7_Handler
 .text.TC8_Handler
                0x000816d4       0xac src/include/timers.o
                0x000816d4                TC8_Handler
 .text.tunerstudio_init
                0x00081780       0x38 src/include/tunerstudiocomm.o
                0x00081780                tunerstudio_init
 .text.tunerstudio_send_struct
                0x000817b8       0x28 src/include/tunerstudiocomm.o
                0x000817b8                tunerstudio_send_struct
 .text.tunerstudio_send_Table3D
                0x000817e0       0x38 src/include/tunerstudiocomm.o
                0x000817e0                tunerstudio_send_Table3D
 .text.tunerstudio_send_page
                0x00081818       0x80 src/include/tunerstudiocomm.o
                0x00081818                tunerstudio_send_page
 .text.tunerstudio_write_Table3D
                0x00081898       0x38 src/include/tunerstudiocomm.o
                0x00081898                tunerstudio_write_Table3D
 .text.tunerstudio_write_data
                0x000818d0       0x90 src/include/tunerstudiocomm.o
                0x000818d0                tunerstudio_write_data
 .text.tunerstudio_burn_value_if_changed
                0x00081960       0x28 src/include/tunerstudiocomm.o
                0x00081960                tunerstudio_burn_value_if_changed
 .text.tunerstudio_burn_struct
                0x00081988       0x48 src/include/tunerstudiocomm.o
                0x00081988                tunerstudio_burn_struct
 .text.tunerstudio_burn_Table3D
                0x000819d0       0x6c src/include/tunerstudiocomm.o
                0x000819d0                tunerstudio_burn_Table3D
 .text.tunerstudio_burn_page_eeprom
                0x00081a3c       0xa0 src/include/tunerstudiocomm.o
                0x00081a3c                tunerstudio_burn_page_eeprom
 .text.tunerstudio_update_calib_vect_helper
                0x00081adc       0x6c src/include/tunerstudiocomm.o
                0x00081adc                tunerstudio_update_calib_vect_helper
 .text.tunerstudio_update_calib_vect
                0x00081b48       0x64 src/include/tunerstudiocomm.o
                0x00081b48                tunerstudio_update_calib_vect
 .text.tunerstudio_debug_global_function
                0x00081bac      0x118 src/include/tunerstudiocomm.o
                0x00081bac                tunerstudio_debug_global_function
 .text.tunerstudio_command
                0x00081cc4      0x140 src/include/tunerstudiocomm.o
                0x00081cc4                tunerstudio_command
 .text.uart_init
                0x00081e04       0x38 src/include/uart.o
                0x00081e04                uart_init
 .text.uart_tx_interrupt_init
                0x00081e3c       0x58 src/include/uart.o
                0x00081e3c                uart_tx_interrupt_init
 .text.uart_interrupt_transfer
                0x00081e94       0x40 src/include/uart.o
                0x00081e94                uart_interrupt_transfer
 .text.uart_load_tx_buffer
                0x00081ed4       0x1c src/include/uart.o
                0x00081ed4                uart_load_tx_buffer
 .text.uart_enable_tx_interrupt
                0x00081ef0        0xc src/include/uart.o
                0x00081ef0                uart_enable_tx_interrupt
 .text.uart_enable_rx_interrupt
                0x00081efc       0x1c src/include/uart.o
                0x00081efc                uart_enable_rx_interrupt
 .text.uart_disable_rx_interrupt
                0x00081f18        0xc src/include/uart.o
                0x00081f18                uart_disable_rx_interrupt
 .text.uart_rx_read_buffer
                0x00081f24       0x4c src/include/uart.o
                0x00081f24                uart_rx_read_buffer
 .text.uart_transfer
                0x00081f70       0x14 src/include/uart.o
                0x00081f70                uart_transfer
 .text.uart_print_int
                0x00081f84       0x44 src/include/uart.o
                0x00081f84                uart_print_int
 .text.uart_new_line
                0x00081fc8        0xc src/include/uart.o
                0x00081fc8                uart_new_line
 .text.uart_print_string
                0x00081fd4       0x28 src/include/uart.o
                0x00081fd4                uart_print_string
 .text.UART_Handler
                0x00081ffc       0x98 src/include/uart.o
                0x00081ffc                UART_Handler
 .text.uart_receive
                0x00082094       0x14 src/include/uart.o
                0x00082094                uart_receive
 .text.uart_load_pdc_tx_buffer
                0x000820a8       0x34 src/include/uart.o
                0x000820a8                uart_load_pdc_tx_buffer
 .text.startup.main
                0x000820dc      0x1f0 src/main.o
                0x000820dc                main
 .text          0x000822cc      0x370 c:/program files (x86)/atmel/studio/7.0/toolchain/arm/arm-gnu-toolchain/bin/../lib/gcc/arm-none-eabi/5.3.1/armv7-m\libgcc.a(_arm_addsubdf3.o)
                0x000822cc                __aeabi_drsub
                0x000822d4                __aeabi_dsub
                0x000822d4                __subdf3
                0x000822d8                __aeabi_dadd
                0x000822d8                __adddf3
                0x00082550                __floatunsidf
                0x00082550                __aeabi_ui2d
                0x00082570                __floatsidf
                0x00082570                __aeabi_i2d
                0x00082594                __aeabi_f2d
                0x00082594                __extendsfdf2
                0x000825d0                __floatundidf
                0x000825d0                __aeabi_ul2d
                0x000825e0                __floatdidf
                0x000825e0                __aeabi_l2d
 .text          0x0008263c      0x424 c:/program files (x86)/atmel/studio/7.0/toolchain/arm/arm-gnu-toolchain/bin/../lib/gcc/arm-none-eabi/5.3.1/armv7-m\libgcc.a(_arm_muldivdf3.o)
                0x0008263c                __aeabi_dmul
                0x0008263c                __muldf3
                0x00082890                __divdf3
                0x00082890                __aeabi_ddiv
 .text          0x00082a60       0x40 c:/program files (x86)/atmel/studio/7.0/toolchain/arm/arm-gnu-toolchain/bin/../lib/gcc/arm-none-eabi/5.3.1/armv7-m\libgcc.a(_arm_fixunsdfsi.o)
                0x00082a60                __aeabi_d2uiz
                0x00082a60                __fixunsdfsi
 .text.__libc_init_array
                0x00082aa0       0x50 c:/program files (x86)/atmel/studio/7.0/toolchain/arm/arm-gnu-toolchain/bin/../lib/gcc/arm-none-eabi/5.3.1/../../../../arm-none-eabi/lib/armv7-m\libc.a(lib_a-init.o)
                0x00082aa0                __libc_init_array
 .text.malloc   0x00082af0       0x10 c:/program files (x86)/atmel/studio/7.0/toolchain/arm/arm-gnu-toolchain/bin/../lib/gcc/arm-none-eabi/5.3.1/../../../../arm-none-eabi/lib/armv7-m\libc.a(lib_a-malloc.o)
                0x00082af0                malloc
 .text._malloc_r
                0x00082b00      0x558 c:/program files (x86)/atmel/studio/7.0/toolchain/arm/arm-gnu-toolchain/bin/../lib/gcc/arm-none-eabi/5.3.1/../../../../arm-none-eabi/lib/armv7-m\libc.a(lib_a-mallocr.o)
                0x00082b00                _malloc_r
 .text.__malloc_lock
                0x00083058        0x4 c:/program files (x86)/atmel/studio/7.0/toolchain/arm/arm-gnu-toolchain/bin/../lib/gcc/arm-none-eabi/5.3.1/../../../../arm-none-eabi/lib/armv7-m\libc.a(lib_a-mlock.o)
                0x00083058                __malloc_lock
 .text.__malloc_unlock
                0x0008305c        0x4 c:/program files (x86)/atmel/studio/7.0/toolchain/arm/arm-gnu-toolchain/bin/../lib/gcc/arm-none-eabi/5.3.1/../../../../arm-none-eabi/lib/armv7-m\libc.a(lib_a-mlock.o)
                0x0008305c                __malloc_unlock
 .text._sbrk_r  0x00083060       0x24 c:/program files (x86)/atmel/studio/7.0/toolchain/arm/arm-gnu-toolchain/bin/../lib/gcc/arm-none-eabi/5.3.1/../../../../arm-none-eabi/lib/armv7-m\libc.a(lib_a-sbrkr.o)
                0x00083060                _sbrk_r
 .text.startup.register_fini
                0x00083084       0x14 c:/program files (x86)/atmel/studio/7.0/toolchain/arm/arm-gnu-toolchain/bin/../lib/gcc/arm-none-eabi/5.3.1/../../../../arm-none-eabi/lib/armv7-m\libc.a(lib_a-__call_atexit.o)
 .text.atexit   0x00083098        0xc c:/program files (x86)/atmel/studio/7.0/toolchain/arm/arm-gnu-toolchain/bin/../lib/gcc/arm-none-eabi/5.3.1/../../../../arm-none-eabi/lib/armv7-m\libc.a(lib_a-atexit.o)
                0x00083098                atexit
 .text.__libc_fini_array
                0x000830a4       0x28 c:/program files (x86)/atmel/studio/7.0/toolchain/arm/arm-gnu-toolchain/bin/../lib/gcc/arm-none-eabi/5.3.1/../../../../arm-none-eabi/lib/armv7-m\libc.a(lib_a-fini.o)
                0x000830a4                __libc_fini_array
 .text._malloc_trim_r
                0x000830cc       0x9c c:/program files (x86)/atmel/studio/7.0/toolchain/arm/arm-gnu-toolchain/bin/../lib/gcc/arm-none-eabi/5.3.1/../../../../arm-none-eabi/lib/armv7-m\libc.a(lib_a-freer.o)
                0x000830cc                _malloc_trim_r
 .text._free_r  0x00083168      0x1d0 c:/program files (x86)/atmel/studio/7.0/toolchain/arm/arm-gnu-toolchain/bin/../lib/gcc/arm-none-eabi/5.3.1/../../../../arm-none-eabi/lib/armv7-m\libc.a(lib_a-freer.o)
                0x00083168                _free_r
 .text.__register_exitproc
                0x00083338       0xa4 c:/program files (x86)/atmel/studio/7.0/toolchain/arm/arm-gnu-toolchain/bin/../lib/gcc/arm-none-eabi/5.3.1/../../../../arm-none-eabi/lib/armv7-m\libc.a(lib_a-__atexit.o)
                0x00083338                __register_exitproc
 *(.glue_7t)
 .glue_7t       0x000833dc        0x0 linker stubs
 *(.glue_7)
 .glue_7        0x000833dc        0x0 linker stubs
 *(.rodata .rodata* .gnu.linkonce.r.*)
 .rodata.str1.1
                0x000833dc        0xb src/include/eeprom.o
 .rodata.str1.1
                0x000833e7       0xf5 src/include/tunerstudiocomm.o
 .rodata        0x000834dc        0x7 src/main.o
 .rodata.str1.1
                0x000834e3       0x15 src/main.o
 .rodata.str1.4
                0x000834f8        0x4 c:/program files (x86)/atmel/studio/7.0/toolchain/arm/arm-gnu-toolchain/bin/../lib/gcc/arm-none-eabi/5.3.1/../../../../arm-none-eabi/lib/armv7-m\libc.a(lib_a-impure.o)
                                  0x2 (size before relaxing)
 .rodata._global_impure_ptr
                0x000834fc        0x4 c:/program files (x86)/atmel/studio/7.0/toolchain/arm/arm-gnu-toolchain/bin/../lib/gcc/arm-none-eabi/5.3.1/../../../../arm-none-eabi/lib/armv7-m\libc.a(lib_a-impure.o)
                0x000834fc                _global_impure_ptr
 *(.ARM.extab* .gnu.linkonce.armextab.*)
                0x00083500                . = ALIGN (0x4)
 *(.init)
 .init          0x00083500        0x4 c:/program files (x86)/atmel/studio/7.0/toolchain/arm/arm-gnu-toolchain/bin/../lib/gcc/arm-none-eabi/5.3.1/armv7-m/crti.o
                0x00083500                _init
 .init          0x00083504        0x8 c:/program files (x86)/atmel/studio/7.0/toolchain/arm/arm-gnu-toolchain/bin/../lib/gcc/arm-none-eabi/5.3.1/armv7-m/crtn.o
                0x0008350c                . = ALIGN (0x4)
                0x0008350c                __preinit_array_start = .
 *(.preinit_array)
                0x0008350c                __preinit_array_end = .
                0x0008350c                . = ALIGN (0x4)
                0x0008350c                __init_array_start = .
 *(SORT(.init_array.*))
 .init_array.00000
                0x0008350c        0x4 c:/program files (x86)/atmel/studio/7.0/toolchain/arm/arm-gnu-toolchain/bin/../lib/gcc/arm-none-eabi/5.3.1/../../../../arm-none-eabi/lib/armv7-m\libc.a(lib_a-__call_atexit.o)
 *(.init_array)
 .init_array    0x00083510        0x4 c:/program files (x86)/atmel/studio/7.0/toolchain/arm/arm-gnu-toolchain/bin/../lib/gcc/arm-none-eabi/5.3.1/armv7-m/crtbegin.o
                0x00083514                __init_array_end = .
                0x00083514                . = ALIGN (0x4)
 *crtbegin.o(.ctors)
 *(EXCLUDE_FILE(*crtend.o) .ctors)
 *(SORT(.ctors.*))
 *crtend.o(.ctors)
                0x00083514                . = ALIGN (0x4)
 *(.fini)
 .fini          0x00083514        0x4 c:/program files (x86)/atmel/studio/7.0/toolchain/arm/arm-gnu-toolchain/bin/../lib/gcc/arm-none-eabi/5.3.1/armv7-m/crti.o
                0x00083514                _fini
 .fini          0x00083518        0x8 c:/program files (x86)/atmel/studio/7.0/toolchain/arm/arm-gnu-toolchain/bin/../lib/gcc/arm-none-eabi/5.3.1/armv7-m/crtn.o
                0x00083520                . = ALIGN (0x4)
                0x00083520                __fini_array_start = .
 *(.fini_array)
 .fini_array    0x00083520        0x4 c:/program files (x86)/atmel/studio/7.0/toolchain/arm/arm-gnu-toolchain/bin/../lib/gcc/arm-none-eabi/5.3.1/armv7-m/crtbegin.o
 *(SORT(.fini_array.*))
                0x00083524                __fini_array_end = .
 *crtbegin.o(.dtors)
 *(EXCLUDE_FILE(*crtend.o) .dtors)
 *(SORT(.dtors.*))
 *crtend.o(.dtors)
                0x00083524                . = ALIGN (0x4)
                0x00083524                _efixed = .
                [!provide]                PROVIDE (__exidx_start, .)

.vfp11_veneer   0x00083524        0x0
 .vfp11_veneer  0x00083524        0x0 linker stubs

.v4_bx          0x00083524        0x0
 .v4_bx         0x00083524        0x0 linker stubs

.iplt           0x00083524        0x0
 .iplt          0x00083524        0x0 c:/program files (x86)/atmel/studio/7.0/toolchain/arm/arm-gnu-toolchain/bin/../lib/gcc/arm-none-eabi/5.3.1/armv7-m/crtbegin.o

.eh_frame       0x00083524        0x0
 .eh_frame      0x00083524        0x0 c:/program files (x86)/atmel/studio/7.0/toolchain/arm/arm-gnu-toolchain/bin/../lib/gcc/arm-none-eabi/5.3.1/armv7-m/crtbegin.o

.rel.dyn        0x00083524        0x0
 .rel.iplt      0x00083524        0x0 c:/program files (x86)/atmel/studio/7.0/toolchain/arm/arm-gnu-toolchain/bin/../lib/gcc/arm-none-eabi/5.3.1/armv7-m/crtbegin.o

.jcr            0x00083524        0x0
 .jcr           0x00083524        0x0 c:/program files (x86)/atmel/studio/7.0/toolchain/arm/arm-gnu-toolchain/bin/../lib/gcc/arm-none-eabi/5.3.1/armv7-m/crtbegin.o

.igot.plt       0x00083524        0x0
 .igot.plt      0x00083524        0x0 c:/program files (x86)/atmel/studio/7.0/toolchain/arm/arm-gnu-toolchain/bin/../lib/gcc/arm-none-eabi/5.3.1/armv7-m/crtbegin.o

.ARM.exidx
 *(.ARM.exidx* .gnu.linkonce.armexidx.*)
                [!provide]                PROVIDE (__exidx_end, .)
                0x00083524                . = ALIGN (0x4)
                0x00083524                _etext = .

.relocate       0x20070000      0x92c load address 0x00083524
                0x20070000                . = ALIGN (0x4)
                0x20070000                _srelocate = .
 *(.ramfunc .ramfunc.*)
 .ramfunc       0x20070000       0xec src/ASF/sam/utils/cmsis/sam3x/source/templates/system_sam3x.o
                0x20070000                SystemInit
                0x20070088                system_init_flash
 *(.data .data.*)
 .data.SystemCoreClock
                0x200700ec        0x4 src/ASF/sam/utils/cmsis/sam3x/source/templates/system_sam3x.o
                0x200700ec                SystemCoreClock
 .data.impure_data
                0x200700f0      0x428 c:/program files (x86)/atmel/studio/7.0/toolchain/arm/arm-gnu-toolchain/bin/../lib/gcc/arm-none-eabi/5.3.1/../../../../arm-none-eabi/lib/armv7-m\libc.a(lib_a-impure.o)
 .data._impure_ptr
                0x20070518        0x4 c:/program files (x86)/atmel/studio/7.0/toolchain/arm/arm-gnu-toolchain/bin/../lib/gcc/arm-none-eabi/5.3.1/../../../../arm-none-eabi/lib/armv7-m\libc.a(lib_a-impure.o)
                0x20070518                _impure_ptr
 .data.__malloc_av_
                0x2007051c      0x408 c:/program files (x86)/atmel/studio/7.0/toolchain/arm/arm-gnu-toolchain/bin/../lib/gcc/arm-none-eabi/5.3.1/../../../../arm-none-eabi/lib/armv7-m\libc.a(lib_a-mallocr.o)
                0x2007051c                __malloc_av_
 .data.__malloc_trim_threshold
                0x20070924        0x4 c:/program files (x86)/atmel/studio/7.0/toolchain/arm/arm-gnu-toolchain/bin/../lib/gcc/arm-none-eabi/5.3.1/../../../../arm-none-eabi/lib/armv7-m\libc.a(lib_a-mallocr.o)
                0x20070924                __malloc_trim_threshold
 .data.__malloc_sbrk_base
                0x20070928        0x4 c:/program files (x86)/atmel/studio/7.0/toolchain/arm/arm-gnu-toolchain/bin/../lib/gcc/arm-none-eabi/5.3.1/../../../../arm-none-eabi/lib/armv7-m\libc.a(lib_a-mallocr.o)
                0x20070928                __malloc_sbrk_base
                0x2007092c                . = ALIGN (0x4)
                0x2007092c                _erelocate = .

.bss            0x2007092c     0x1834 load address 0x00083e50
                0x2007092c                . = ALIGN (0x4)
                0x2007092c                _sbss = .
                0x2007092c                _szero = .
 *(.bss .bss.*)
 .bss           0x2007092c       0x1c c:/program files (x86)/atmel/studio/7.0/toolchain/arm/arm-gnu-toolchain/bin/../lib/gcc/arm-none-eabi/5.3.1/armv7-m/crtbegin.o
 .bss.heap.5287
                0x20070948        0x4 src/ASF/sam/utils/syscalls/gcc/syscalls.o
 .bss.__malloc_max_total_mem
                0x2007094c        0x4 c:/program files (x86)/atmel/studio/7.0/toolchain/arm/arm-gnu-toolchain/bin/../lib/gcc/arm-none-eabi/5.3.1/../../../../arm-none-eabi/lib/armv7-m\libc.a(lib_a-mallocr.o)
                0x2007094c                __malloc_max_total_mem
 .bss.__malloc_max_sbrked_mem
                0x20070950        0x4 c:/program files (x86)/atmel/studio/7.0/toolchain/arm/arm-gnu-toolchain/bin/../lib/gcc/arm-none-eabi/5.3.1/../../../../arm-none-eabi/lib/armv7-m\libc.a(lib_a-mallocr.o)
                0x20070950                __malloc_max_sbrked_mem
 .bss.__malloc_top_pad
                0x20070954        0x4 c:/program files (x86)/atmel/studio/7.0/toolchain/arm/arm-gnu-toolchain/bin/../lib/gcc/arm-none-eabi/5.3.1/../../../../arm-none-eabi/lib/armv7-m\libc.a(lib_a-mallocr.o)
                0x20070954                __malloc_top_pad
 .bss.__malloc_current_mallinfo
                0x20070958       0x28 c:/program files (x86)/atmel/studio/7.0/toolchain/arm/arm-gnu-toolchain/bin/../lib/gcc/arm-none-eabi/5.3.1/../../../../arm-none-eabi/lib/armv7-m\libc.a(lib_a-mallocr.o)
                0x20070958                __malloc_current_mallinfo
 *(COMMON)
 COMMON         0x20070980     0x17dc src/include/ADC.o
                0x20070980                CrankTimerCounts
                0x20070984                DwellFirstInterval
                0x20070988                CamCurrCycleCounts
                0x2007098c                TxStringTail
                0x2007098e                WriteFlag
                0x20070990                TxStringHead
                0x20070994                CrankRevCounts
                0x20070998                engine_config6
                0x200709d8                CurrPage
                0x200709dc                DebugCounter
                0x200709e0                CrankCurrCycleCounts
                0x200709e4                TC8_Overflow
                0x200709e5                DwellSecondFlag
                0x200709e6                TxString
                0x20070de8                cylinder
                0x20070e28                VE
                0x20070e38                engine_config9
                0x20070ef8                engine_config2
                0x20070f3a                engine_config4
                0x20070f7a                RxString
                0x2007137a                engine_realtime
                0x2007139c                CamTimerCounts
                0x200713a0                RxFlag
                0x200713a4                PdcInterface
                0x200713a8                DwellSecondTach
                0x200713aa                RxStringTail
                0x200713ac                CltAdc_LUT
                0x200717ac                RxStringHead
                0x200717ae                AdcData
                0x20071808                GlobalTimerFreqUARTScaler
                0x2007180c                CrankSecondInterval
                0x20071810                CrankSecondTach
                0x20071811                AdcMedianCounter
                0x20071820                GlobalTimerFreqADCScaler
                0x20071822                IatAdc_LUT
                0x20071c22                OffsetFlag
                0x20071c23                Offset1
                0x20071c24                AFR
                0x20071c34                Offset2
                0x20071c38                DwellSecondInterval
                0x20071c3c                GlobalTimerFreqTelemetryScaler
                0x20071c3e                engine_config7
                0x20071c7e                CrankFirstTach
                0x20071c80                IGN
                0x20071c90                CamSignalFlag
                0x20071c91                AdcFlag
                0x20071c92                AdcChannels
                0x20071c99                AfrAdc_LUT
                0x20072099                DwellFirstFlag
                0x2007209a                CrankTooth
                0x2007209c                engine_config8
                0x2007213c                DwellFirstTach
                0x20072140                CrankPrevCycleCounts
                0x20072144                PdcTxPacket
                0x2007214c                CrankSignalFlag
                0x2007214d                NewPageFlag
                0x2007214e                TachPulse
                0x20072150                millis
                0x20072154                DwellDegree
                0x20072158                CrankFirstInterval
 COMMON         0x2007215c        0x4 c:/program files (x86)/atmel/studio/7.0/toolchain/arm/arm-gnu-toolchain/bin/../lib/gcc/arm-none-eabi/5.3.1/../../../../arm-none-eabi/lib/armv7-m\libc.a(lib_a-reent.o)
                0x2007215c                errno
                0x20072160                . = ALIGN (0x4)
                0x20072160                _ebss = .
                0x20072160                _ezero = .

.stack          0x20072160     0x2000 load address 0x00085684
                0x20072160                . = ALIGN (0x8)
                0x20072160                _sstack = .
                0x20074160                . = (. + __stack_size__)
 *fill*         0x20072160     0x2000 
                0x20074160                . = ALIGN (0x8)
                0x20074160                _estack = .
                0x20074160                . = ALIGN (0x4)
                0x20074160                _end = .
OUTPUT(RUthless_ECU.elf elf32-littlearm)

.ARM.attributes
                0x00000000       0x29
 .ARM.attributes
                0x00000000       0x1d c:/program files (x86)/atmel/studio/7.0/toolchain/arm/arm-gnu-toolchain/bin/../lib/gcc/arm-none-eabi/5.3.1/armv7-m/crti.o
 .ARM.attributes
                0x0000001d       0x2d c:/program files (x86)/atmel/studio/7.0/toolchain/arm/arm-gnu-toolchain/bin/../lib/gcc/arm-none-eabi/5.3.1/armv7-m/crtbegin.o
 .ARM.attributes
                0x0000004a       0x33 src/ASF/common/components/memory/eeprom/at24cxx/at24cxx.o
 .ARM.attributes
                0x0000007d       0x33 src/ASF/sam/drivers/adc/adc.o
 .ARM.attributes
                0x000000b0       0x33 src/ASF/common/services/clock/sam3x/sysclk.o
 .ARM.attributes
                0x000000e3       0x33 src/ASF/sam/boards/arduino_due_x/init.o
 .ARM.attributes
                0x00000116       0x33 src/ASF/sam/drivers/pdc/pdc.o
 .ARM.attributes
                0x00000149       0x33 src/ASF/sam/drivers/pio/pio.o
 .ARM.attributes
                0x0000017c       0x33 src/ASF/sam/drivers/pmc/pmc.o
 .ARM.attributes
                0x000001af       0x33 src/ASF/sam/drivers/tc/tc.o
 .ARM.attributes
                0x000001e2       0x33 src/ASF/sam/drivers/twi/twi.o
 .ARM.attributes
                0x00000215       0x33 src/ASF/sam/utils/cmsis/sam3x/source/templates/exceptions.o
 .ARM.attributes
                0x00000248       0x33 src/ASF/sam/utils/cmsis/sam3x/source/templates/gcc/startup_sam3x.o
 .ARM.attributes
                0x0000027b       0x33 src/ASF/sam/utils/cmsis/sam3x/source/templates/system_sam3x.o
 .ARM.attributes
                0x000002ae       0x33 src/ASF/sam/utils/syscalls/gcc/syscalls.o
 .ARM.attributes
                0x000002e1       0x33 src/include/ADC.o
 .ARM.attributes
                0x00000314       0x33 src/include/decoders.o
 .ARM.attributes
                0x00000347       0x33 src/include/eeprom.o
 .ARM.attributes
                0x0000037a       0x33 src/include/global.o
 .ARM.attributes
                0x000003ad       0x33 src/include/igncalc.o
 .ARM.attributes
                0x000003e0       0x33 src/include/interrupts.o
 .ARM.attributes
                0x00000413       0x33 src/include/math.o
 .ARM.attributes
                0x00000446       0x33 src/include/sensors.o
 .ARM.attributes
                0x00000479       0x33 src/include/storage.o
 .ARM.attributes
                0x000004ac       0x33 src/include/tables.o
 .ARM.attributes
                0x000004df       0x33 src/include/timers.o
 .ARM.attributes
                0x00000512       0x33 src/include/tunerstudiocomm.o
 .ARM.attributes
                0x00000545       0x33 src/include/uart.o
 .ARM.attributes
                0x00000578       0x33 src/main.o
 .ARM.attributes
                0x000005ab       0x1d c:/program files (x86)/atmel/studio/7.0/toolchain/arm/arm-gnu-toolchain/bin/../lib/gcc/arm-none-eabi/5.3.1/armv7-m\libgcc.a(_arm_addsubdf3.o)
 .ARM.attributes
                0x000005c8       0x1d c:/program files (x86)/atmel/studio/7.0/toolchain/arm/arm-gnu-toolchain/bin/../lib/gcc/arm-none-eabi/5.3.1/armv7-m\libgcc.a(_arm_muldivdf3.o)
 .ARM.attributes
                0x000005e5       0x1d c:/program files (x86)/atmel/studio/7.0/toolchain/arm/arm-gnu-toolchain/bin/../lib/gcc/arm-none-eabi/5.3.1/armv7-m\libgcc.a(_arm_fixunsdfsi.o)
 .ARM.attributes
                0x00000602       0x2d c:/program files (x86)/atmel/studio/7.0/toolchain/arm/arm-gnu-toolchain/bin/../lib/gcc/arm-none-eabi/5.3.1/../../../../arm-none-eabi/lib/armv7-m\libc.a(lib_a-impure.o)
 .ARM.attributes
                0x0000062f       0x2d c:/program files (x86)/atmel/studio/7.0/toolchain/arm/arm-gnu-toolchain/bin/../lib/gcc/arm-none-eabi/5.3.1/../../../../arm-none-eabi/lib/armv7-m\libc.a(lib_a-init.o)
 .ARM.attributes
                0x0000065c       0x2d c:/program files (x86)/atmel/studio/7.0/toolchain/arm/arm-gnu-toolchain/bin/../lib/gcc/arm-none-eabi/5.3.1/../../../../arm-none-eabi/lib/armv7-m\libc.a(lib_a-malloc.o)
 .ARM.attributes
                0x00000689       0x2d c:/program files (x86)/atmel/studio/7.0/toolchain/arm/arm-gnu-toolchain/bin/../lib/gcc/arm-none-eabi/5.3.1/../../../../arm-none-eabi/lib/armv7-m\libc.a(lib_a-mallocr.o)
 .ARM.attributes
                0x000006b6       0x2d c:/program files (x86)/atmel/studio/7.0/toolchain/arm/arm-gnu-toolchain/bin/../lib/gcc/arm-none-eabi/5.3.1/../../../../arm-none-eabi/lib/armv7-m\libc.a(lib_a-mlock.o)
 .ARM.attributes
                0x000006e3       0x2d c:/program files (x86)/atmel/studio/7.0/toolchain/arm/arm-gnu-toolchain/bin/../lib/gcc/arm-none-eabi/5.3.1/../../../../arm-none-eabi/lib/armv7-m\libc.a(lib_a-sbrkr.o)
 .ARM.attributes
                0x00000710       0x2d c:/program files (x86)/atmel/studio/7.0/toolchain/arm/arm-gnu-toolchain/bin/../lib/gcc/arm-none-eabi/5.3.1/../../../../arm-none-eabi/lib/armv7-m\libc.a(lib_a-__call_atexit.o)
 .ARM.attributes
                0x0000073d       0x2d c:/program files (x86)/atmel/studio/7.0/toolchain/arm/arm-gnu-toolchain/bin/../lib/gcc/arm-none-eabi/5.3.1/../../../../arm-none-eabi/lib/armv7-m\libc.a(lib_a-atexit.o)
 .ARM.attributes
                0x0000076a       0x2d c:/program files (x86)/atmel/studio/7.0/toolchain/arm/arm-gnu-toolchain/bin/../lib/gcc/arm-none-eabi/5.3.1/../../../../arm-none-eabi/lib/armv7-m\libc.a(lib_a-fini.o)
 .ARM.attributes
                0x00000797       0x2d c:/program files (x86)/atmel/studio/7.0/toolchain/arm/arm-gnu-toolchain/bin/../lib/gcc/arm-none-eabi/5.3.1/../../../../arm-none-eabi/lib/armv7-m\libc.a(lib_a-freer.o)
 .ARM.attributes
                0x000007c4       0x2d c:/program files (x86)/atmel/studio/7.0/toolchain/arm/arm-gnu-toolchain/bin/../lib/gcc/arm-none-eabi/5.3.1/../../../../arm-none-eabi/lib/armv7-m\libc.a(lib_a-reent.o)
 .ARM.attributes
                0x000007f1       0x2d c:/program files (x86)/atmel/studio/7.0/toolchain/arm/arm-gnu-toolchain/bin/../lib/gcc/arm-none-eabi/5.3.1/../../../../arm-none-eabi/lib/armv7-m\libc.a(lib_a-__atexit.o)
 .ARM.attributes
                0x0000081e       0x1d c:/program files (x86)/atmel/studio/7.0/toolchain/arm/arm-gnu-toolchain/bin/../lib/gcc/arm-none-eabi/5.3.1/armv7-m/crtn.o

.comment        0x00000000       0x59
 .comment       0x00000000       0x59 src/ASF/common/components/memory/eeprom/at24cxx/at24cxx.o
                                 0x5a (size before relaxing)
 .comment       0x00000059       0x5a src/ASF/sam/drivers/adc/adc.o
 .comment       0x00000059       0x5a src/ASF/common/services/clock/sam3x/sysclk.o
 .comment       0x00000059       0x5a src/ASF/sam/boards/arduino_due_x/init.o
 .comment       0x00000059       0x5a src/ASF/sam/drivers/pdc/pdc.o
 .comment       0x00000059       0x5a src/ASF/sam/drivers/pio/pio.o
 .comment       0x00000059       0x5a src/ASF/sam/drivers/pmc/pmc.o
 .comment       0x00000059       0x5a src/ASF/sam/drivers/tc/tc.o
 .comment       0x00000059       0x5a src/ASF/sam/drivers/twi/twi.o
 .comment       0x00000059       0x5a src/ASF/sam/utils/cmsis/sam3x/source/templates/exceptions.o
 .comment       0x00000059       0x5a src/ASF/sam/utils/cmsis/sam3x/source/templates/gcc/startup_sam3x.o
 .comment       0x00000059       0x5a src/ASF/sam/utils/cmsis/sam3x/source/templates/system_sam3x.o
 .comment       0x00000059       0x5a src/ASF/sam/utils/syscalls/gcc/syscalls.o
 .comment       0x00000059       0x5a src/include/ADC.o
 .comment       0x00000059       0x5a src/include/decoders.o
 .comment       0x00000059       0x5a src/include/eeprom.o
 .comment       0x00000059       0x5a src/include/global.o
 .comment       0x00000059       0x5a src/include/igncalc.o
 .comment       0x00000059       0x5a src/include/interrupts.o
 .comment       0x00000059       0x5a src/include/math.o
 .comment       0x00000059       0x5a src/include/sensors.o
 .comment       0x00000059       0x5a src/include/storage.o
 .comment       0x00000059       0x5a src/include/tables.o
 .comment       0x00000059       0x5a src/include/timers.o
 .comment       0x00000059       0x5a src/include/tunerstudiocomm.o
 .comment       0x00000059       0x5a src/include/uart.o
 .comment       0x00000059       0x5a src/main.o

.debug_frame    0x00000000      0x2b0
 .debug_frame   0x00000000       0x2c c:/program files (x86)/atmel/studio/7.0/toolchain/arm/arm-gnu-toolchain/bin/../lib/gcc/arm-none-eabi/5.3.1/../../../../arm-none-eabi/lib/armv7-m\libc.a(lib_a-init.o)
 .debug_frame   0x0000002c       0x30 c:/program files (x86)/atmel/studio/7.0/toolchain/arm/arm-gnu-toolchain/bin/../lib/gcc/arm-none-eabi/5.3.1/../../../../arm-none-eabi/lib/armv7-m\libc.a(lib_a-malloc.o)
 .debug_frame   0x0000005c       0x54 c:/program files (x86)/atmel/studio/7.0/toolchain/arm/arm-gnu-toolchain/bin/../lib/gcc/arm-none-eabi/5.3.1/../../../../arm-none-eabi/lib/armv7-m\libc.a(lib_a-mallocr.o)
 .debug_frame   0x000000b0       0x30 c:/program files (x86)/atmel/studio/7.0/toolchain/arm/arm-gnu-toolchain/bin/../lib/gcc/arm-none-eabi/5.3.1/../../../../arm-none-eabi/lib/armv7-m\libc.a(lib_a-mlock.o)
 .debug_frame   0x000000e0       0x2c c:/program files (x86)/atmel/studio/7.0/toolchain/arm/arm-gnu-toolchain/bin/../lib/gcc/arm-none-eabi/5.3.1/../../../../arm-none-eabi/lib/armv7-m\libc.a(lib_a-sbrkr.o)
 .debug_frame   0x0000010c       0x50 c:/program files (x86)/atmel/studio/7.0/toolchain/arm/arm-gnu-toolchain/bin/../lib/gcc/arm-none-eabi/5.3.1/../../../../arm-none-eabi/lib/armv7-m\libc.a(lib_a-__call_atexit.o)
 .debug_frame   0x0000015c       0x20 c:/program files (x86)/atmel/studio/7.0/toolchain/arm/arm-gnu-toolchain/bin/../lib/gcc/arm-none-eabi/5.3.1/../../../../arm-none-eabi/lib/armv7-m\libc.a(lib_a-atexit.o)
 .debug_frame   0x0000017c       0x34 c:/program files (x86)/atmel/studio/7.0/toolchain/arm/arm-gnu-toolchain/bin/../lib/gcc/arm-none-eabi/5.3.1/../../../../arm-none-eabi/lib/armv7-m\libc.a(lib_a-fini.o)
 .debug_frame   0x000001b0       0x74 c:/program files (x86)/atmel/studio/7.0/toolchain/arm/arm-gnu-toolchain/bin/../lib/gcc/arm-none-eabi/5.3.1/../../../../arm-none-eabi/lib/armv7-m\libc.a(lib_a-freer.o)
 .debug_frame   0x00000224       0x58 c:/program files (x86)/atmel/studio/7.0/toolchain/arm/arm-gnu-toolchain/bin/../lib/gcc/arm-none-eabi/5.3.1/../../../../arm-none-eabi/lib/armv7-m\libc.a(lib_a-reent.o)
 .debug_frame   0x0000027c       0x34 c:/program files (x86)/atmel/studio/7.0/toolchain/arm/arm-gnu-toolchain/bin/../lib/gcc/arm-none-eabi/5.3.1/../../../../arm-none-eabi/lib/armv7-m\libc.a(lib_a-__atexit.o)

Cross Reference Table

Symbol                                            File
ADC_Handler                                       src/include/ADC.o
                                                  src/ASF/sam/utils/cmsis/sam3x/source/templates/exceptions.o
                                                  src/ASF/sam/utils/cmsis/sam3x/source/templates/gcc/startup_sam3x.o
AFR                                               src/main.o
                                                  src/include/uart.o
                                                  src/include/tunerstudiocomm.o
                                                  src/include/timers.o
                                                  src/include/tables.o
                                                  src/include/storage.o
                                                  src/include/sensors.o
                                                  src/include/math.o
                                                  src/include/interrupts.o
                                                  src/include/igncalc.o
                                                  src/include/global.o
                                                  src/include/fuelcalc.o
                                                  src/include/eeprom.o
                                                  src/include/decoders.o
                                                  src/include/ADC.o
AdcChannels                                       src/main.o
                                                  src/include/uart.o
                                                  src/include/tunerstudiocomm.o
                                                  src/include/timers.o
                                                  src/include/tables.o
                                                  src/include/storage.o
                                                  src/include/sensors.o
                                                  src/include/math.o
                                                  src/include/interrupts.o
                                                  src/include/igncalc.o
                                                  src/include/global.o
                                                  src/include/fuelcalc.o
                                                  src/include/eeprom.o
                                                  src/include/decoders.o
                                                  src/include/ADC.o
AdcData                                           src/main.o
                                                  src/include/uart.o
                                                  src/include/tunerstudiocomm.o
                                                  src/include/timers.o
                                                  src/include/tables.o
                                                  src/include/storage.o
                                                  src/include/sensors.o
                                                  src/include/math.o
                                                  src/include/interrupts.o
                                                  src/include/igncalc.o
                                                  src/include/global.o
                                                  src/include/fuelcalc.o
                                                  src/include/eeprom.o
                                                  src/include/decoders.o
                                                  src/include/ADC.o
AdcFlag                                           src/main.o
                                                  src/include/uart.o
                                                  src/include/tunerstudiocomm.o
                                                  src/include/timers.o
                                                  src/include/tables.o
                                                  src/include/storage.o
                                                  src/include/sensors.o
                                                  src/include/math.o
                                                  src/include/interrupts.o
                                                  src/include/igncalc.o
                                                  src/include/global.o
                                                  src/include/fuelcalc.o
                                                  src/include/eeprom.o
                                                  src/include/decoders.o
                                                  src/include/ADC.o
AdcMedianCounter                                  src/main.o
                                                  src/include/uart.o
                                                  src/include/tunerstudiocomm.o
                                                  src/include/timers.o
                                                  src/include/tables.o
                                                  src/include/storage.o
                                                  src/include/sensors.o
                                                  src/include/math.o
                                                  src/include/interrupts.o
                                                  src/include/igncalc.o
                                                  src/include/global.o
                                                  src/include/fuelcalc.o
                                                  src/include/eeprom.o
                                                  src/include/decoders.o
                                                  src/include/ADC.o
AfrAdc_LUT                                        src/main.o
                                                  src/include/uart.o
                                                  src/include/tunerstudiocomm.o
                                                  src/include/timers.o
                                                  src/include/tables.o
                                                  src/include/storage.o
                                                  src/include/sensors.o
                                                  src/include/math.o
                                                  src/include/interrupts.o
                                                  src/include/igncalc.o
                                                  src/include/global.o
                                                  src/include/fuelcalc.o
                                                  src/include/eeprom.o
                                                  src/include/decoders.o
                                                  src/include/ADC.o
BusFault_Handler                                  src/ASF/sam/utils/cmsis/sam3x/source/templates/exceptions.o
                                                  src/ASF/sam/utils/cmsis/sam3x/source/templates/gcc/startup_sam3x.o
CAN0_Handler                                      src/ASF/sam/utils/cmsis/sam3x/source/templates/exceptions.o
                                                  src/ASF/sam/utils/cmsis/sam3x/source/templates/gcc/startup_sam3x.o
CAN1_Handler                                      src/ASF/sam/utils/cmsis/sam3x/source/templates/exceptions.o
                                                  src/ASF/sam/utils/cmsis/sam3x/source/templates/gcc/startup_sam3x.o
CamCurrCycleCounts                                src/main.o
                                                  src/include/uart.o
                                                  src/include/tunerstudiocomm.o
                                                  src/include/timers.o
                                                  src/include/tables.o
                                                  src/include/storage.o
                                                  src/include/sensors.o
                                                  src/include/math.o
                                                  src/include/interrupts.o
                                                  src/include/igncalc.o
                                                  src/include/global.o
                                                  src/include/fuelcalc.o
                                                  src/include/eeprom.o
                                                  src/include/decoders.o
                                                  src/include/ADC.o
CamSignalFlag                                     src/main.o
                                                  src/include/uart.o
                                                  src/include/tunerstudiocomm.o
                                                  src/include/timers.o
                                                  src/include/tables.o
                                                  src/include/storage.o
                                                  src/include/sensors.o
                                                  src/include/math.o
                                                  src/include/interrupts.o
                                                  src/include/igncalc.o
                                                  src/include/global.o
                                                  src/include/fuelcalc.o
                                                  src/include/eeprom.o
                                                  src/include/decoders.o
                                                  src/include/ADC.o
CamTimerCounts                                    src/main.o
                                                  src/include/uart.o
                                                  src/include/tunerstudiocomm.o
                                                  src/include/timers.o
                                                  src/include/tables.o
                                                  src/include/storage.o
                                                  src/include/sensors.o
                                                  src/include/math.o
                                                  src/include/interrupts.o
                                                  src/include/igncalc.o
                                                  src/include/global.o
                                                  src/include/fuelcalc.o
                                                  src/include/eeprom.o
                                                  src/include/decoders.o
                                                  src/include/ADC.o
CltAdc_LUT                                        src/main.o
                                                  src/include/uart.o
                                                  src/include/tunerstudiocomm.o
                                                  src/include/timers.o
                                                  src/include/tables.o
                                                  src/include/storage.o
                                                  src/include/sensors.o
                                                  src/include/math.o
                                                  src/include/interrupts.o
                                                  src/include/igncalc.o
                                                  src/include/global.o
                                                  src/include/fuelcalc.o
                                                  src/include/eeprom.o
                                                  src/include/decoders.o
                                                  src/include/ADC.o
CrankCurrCycleCounts                              src/main.o
                                                  src/include/uart.o
                                                  src/include/tunerstudiocomm.o
                                                  src/include/timers.o
                                                  src/include/tables.o
                                                  src/include/storage.o
                                                  src/include/sensors.o
                                                  src/include/math.o
                                                  src/include/interrupts.o
                                                  src/include/igncalc.o
                                                  src/include/global.o
                                                  src/include/fuelcalc.o
                                                  src/include/eeprom.o
                                                  src/include/decoders.o
                                                  src/include/ADC.o
CrankFirstInterval                                src/main.o
                                                  src/include/uart.o
                                                  src/include/tunerstudiocomm.o
                                                  src/include/timers.o
                                                  src/include/tables.o
                                                  src/include/storage.o
                                                  src/include/sensors.o
                                                  src/include/math.o
                                                  src/include/interrupts.o
                                                  src/include/igncalc.o
                                                  src/include/global.o
                                                  src/include/fuelcalc.o
                                                  src/include/eeprom.o
                                                  src/include/decoders.o
                                                  src/include/ADC.o
CrankFirstTach                                    src/main.o
                                                  src/include/uart.o
                                                  src/include/tunerstudiocomm.o
                                                  src/include/timers.o
                                                  src/include/tables.o
                                                  src/include/storage.o
                                                  src/include/sensors.o
                                                  src/include/math.o
                                                  src/include/interrupts.o
                                                  src/include/igncalc.o
                                                  src/include/global.o
                                                  src/include/fuelcalc.o
                                                  src/include/eeprom.o
                                                  src/include/decoders.o
                                                  src/include/ADC.o
CrankPrevCycleCounts                              src/main.o
                                                  src/include/uart.o
                                                  src/include/tunerstudiocomm.o
                                                  src/include/timers.o
                                                  src/include/tables.o
                                                  src/include/storage.o
                                                  src/include/sensors.o
                                                  src/include/math.o
                                                  src/include/interrupts.o
                                                  src/include/igncalc.o
                                                  src/include/global.o
                                                  src/include/fuelcalc.o
                                                  src/include/eeprom.o
                                                  src/include/decoders.o
                                                  src/include/ADC.o
CrankRevCounts                                    src/main.o
                                                  src/include/uart.o
                                                  src/include/tunerstudiocomm.o
                                                  src/include/timers.o
                                                  src/include/tables.o
                                                  src/include/storage.o
                                                  src/include/sensors.o
                                                  src/include/math.o
                                                  src/include/interrupts.o
                                                  src/include/igncalc.o
                                                  src/include/global.o
                                                  src/include/fuelcalc.o
                                                  src/include/eeprom.o
                                                  src/include/decoders.o
                                                  src/include/ADC.o
CrankSecondInterval                               src/main.o
                                                  src/include/uart.o
                                                  src/include/tunerstudiocomm.o
                                                  src/include/timers.o
                                                  src/include/tables.o
                                                  src/include/storage.o
                                                  src/include/sensors.o
                                                  src/include/math.o
                                                  src/include/interrupts.o
                                                  src/include/igncalc.o
                                                  src/include/global.o
                                                  src/include/fuelcalc.o
                                                  src/include/eeprom.o
                                                  src/include/decoders.o
                                                  src/include/ADC.o
CrankSecondTach                                   src/main.o
                                                  src/include/uart.o
                                                  src/include/tunerstudiocomm.o
                                                  src/include/timers.o
                                                  src/include/tables.o
                                                  src/include/storage.o
                                                  src/include/sensors.o
                                                  src/include/math.o
                                                  src/include/interrupts.o
                                                  src/include/igncalc.o
                                                  src/include/global.o
                                                  src/include/fuelcalc.o
                                                  src/include/eeprom.o
                                                  src/include/decoders.o
                                                  src/include/ADC.o
CrankSignalFlag                                   src/main.o
                                                  src/include/uart.o
                                                  src/include/tunerstudiocomm.o
                                                  src/include/timers.o
                                                  src/include/tables.o
                                                  src/include/storage.o
                                                  src/include/sensors.o
                                                  src/include/math.o
                                                  src/include/interrupts.o
                                                  src/include/igncalc.o
                                                  src/include/global.o
                                                  src/include/fuelcalc.o
                                                  src/include/eeprom.o
                                                  src/include/decoders.o
                                                  src/include/ADC.o
CrankTimerCounts                                  src/main.o
                                                  src/include/uart.o
                                                  src/include/tunerstudiocomm.o
                                                  src/include/timers.o
                                                  src/include/tables.o
                                                  src/include/storage.o
                                                  src/include/sensors.o
                                                  src/include/math.o
                                                  src/include/interrupts.o
                                                  src/include/igncalc.o
                                                  src/include/global.o
                                                  src/include/fuelcalc.o
                                                  src/include/eeprom.o
                                                  src/include/decoders.o
                                                  src/include/ADC.o
CrankTooth                                        src/main.o
                                                  src/include/uart.o
                                                  src/include/tunerstudiocomm.o
                                                  src/include/timers.o
                                                  src/include/tables.o
                                                  src/include/storage.o
                                                  src/include/sensors.o
                                                  src/include/math.o
                                                  src/include/interrupts.o
                                                  src/include/igncalc.o
                                                  src/include/global.o
                                                  src/include/fuelcalc.o
                                                  src/include/eeprom.o
                                                  src/include/decoders.o
                                                  src/include/ADC.o
CurrPage                                          src/main.o
                                                  src/include/uart.o
                                                  src/include/tunerstudiocomm.o
                                                  src/include/timers.o
                                                  src/include/tables.o
                                                  src/include/storage.o
                                                  src/include/sensors.o
                                                  src/include/math.o
                                                  src/include/interrupts.o
                                                  src/include/igncalc.o
                                                  src/include/global.o
                                                  src/include/fuelcalc.o
                                                  src/include/eeprom.o
                                                  src/include/decoders.o
                                                  src/include/ADC.o
DACC_Handler                                      src/ASF/sam/utils/cmsis/sam3x/source/templates/exceptions.o
                                                  src/ASF/sam/utils/cmsis/sam3x/source/templates/gcc/startup_sam3x.o
DMAC_Handler                                      src/ASF/sam/utils/cmsis/sam3x/source/templates/exceptions.o
                                                  src/ASF/sam/utils/cmsis/sam3x/source/templates/gcc/startup_sam3x.o
DebugCounter                                      src/main.o
                                                  src/include/uart.o
                                                  src/include/tunerstudiocomm.o
                                                  src/include/timers.o
                                                  src/include/tables.o
                                                  src/include/storage.o
                                                  src/include/sensors.o
                                                  src/include/math.o
                                                  src/include/interrupts.o
                                                  src/include/igncalc.o
                                                  src/include/global.o
                                                  src/include/fuelcalc.o
                                                  src/include/eeprom.o
                                                  src/include/decoders.o
                                                  src/include/ADC.o
DebugMon_Handler                                  src/ASF/sam/utils/cmsis/sam3x/source/templates/exceptions.o
                                                  src/ASF/sam/utils/cmsis/sam3x/source/templates/gcc/startup_sam3x.o
Dummy_Handler                                     src/ASF/sam/utils/cmsis/sam3x/source/templates/exceptions.o
DwellDegree                                       src/main.o
                                                  src/include/uart.o
                                                  src/include/tunerstudiocomm.o
                                                  src/include/timers.o
                                                  src/include/tables.o
                                                  src/include/storage.o
                                                  src/include/sensors.o
                                                  src/include/math.o
                                                  src/include/interrupts.o
                                                  src/include/igncalc.o
                                                  src/include/global.o
                                                  src/include/fuelcalc.o
                                                  src/include/eeprom.o
                                                  src/include/decoders.o
                                                  src/include/ADC.o
DwellFirstFlag                                    src/main.o
                                                  src/include/uart.o
                                                  src/include/tunerstudiocomm.o
                                                  src/include/timers.o
                                                  src/include/tables.o
                                                  src/include/storage.o
                                                  src/include/sensors.o
                                                  src/include/math.o
                                                  src/include/interrupts.o
                                                  src/include/igncalc.o
                                                  src/include/global.o
                                                  src/include/fuelcalc.o
                                                  src/include/eeprom.o
                                                  src/include/decoders.o
                                                  src/include/ADC.o
DwellFirstInterval                                src/main.o
                                                  src/include/uart.o
                                                  src/include/tunerstudiocomm.o
                                                  src/include/timers.o
                                                  src/include/tables.o
                                                  src/include/storage.o
                                                  src/include/sensors.o
                                                  src/include/math.o
                                                  src/include/interrupts.o
                                                  src/include/igncalc.o
                                                  src/include/global.o
                                                  src/include/fuelcalc.o
                                                  src/include/eeprom.o
                                                  src/include/decoders.o
                                                  src/include/ADC.o
DwellFirstTach                                    src/main.o
                                                  src/include/uart.o
                                                  src/include/tunerstudiocomm.o
                                                  src/include/timers.o
                                                  src/include/tables.o
                                                  src/include/storage.o
                                                  src/include/sensors.o
                                                  src/include/math.o
                                                  src/include/interrupts.o
                                                  src/include/igncalc.o
                                                  src/include/global.o
                                                  src/include/fuelcalc.o
                                                  src/include/eeprom.o
                                                  src/include/decoders.o
                                                  src/include/ADC.o
DwellSecondFlag                                   src/main.o
                                                  src/include/uart.o
                                                  src/include/tunerstudiocomm.o
                                                  src/include/timers.o
                                                  src/include/tables.o
                                                  src/include/storage.o
                                                  src/include/sensors.o
                                                  src/include/math.o
                                                  src/include/interrupts.o
                                                  src/include/igncalc.o
                                                  src/include/global.o
                                                  src/include/fuelcalc.o
                                                  src/include/eeprom.o
                                                  src/include/decoders.o
                                                  src/include/ADC.o
DwellSecondInterval                               src/main.o
                                                  src/include/uart.o
                                                  src/include/tunerstudiocomm.o
                                                  src/include/timers.o
                                                  src/include/tables.o
                                                  src/include/storage.o
                                                  src/include/sensors.o
                                                  src/include/math.o
                                                  src/include/interrupts.o
                                                  src/include/igncalc.o
                                                  src/include/global.o
                                                  src/include/fuelcalc.o
                                                  src/include/eeprom.o
                                                  src/include/decoders.o
                                                  src/include/ADC.o
DwellSecondTach                                   src/main.o
                                                  src/include/uart.o
                                                  src/include/tunerstudiocomm.o
                                                  src/include/timers.o
                                                  src/include/tables.o
                                                  src/include/storage.o
                                                  src/include/sensors.o
                                                  src/include/math.o
                                                  src/include/interrupts.o
                                                  src/include/igncalc.o
                                                  src/include/global.o
                                                  src/include/fuelcalc.o
                                                  src/include/eeprom.o
                                                  src/include/decoders.o
                                                  src/include/ADC.o
EFC0_Handler                                      src/ASF/sam/utils/cmsis/sam3x/source/templates/exceptions.o
                                                  src/ASF/sam/utils/cmsis/sam3x/source/templates/gcc/startup_sam3x.o
EFC1_Handler                                      src/ASF/sam/utils/cmsis/sam3x/source/templates/exceptions.o
                                                  src/ASF/sam/utils/cmsis/sam3x/source/templates/gcc/startup_sam3x.o
EMAC_Handler                                      src/ASF/sam/utils/cmsis/sam3x/source/templates/exceptions.o
                                                  src/ASF/sam/utils/cmsis/sam3x/source/templates/gcc/startup_sam3x.o
GlobalTimerFreqADCScaler                          src/main.o
                                                  src/include/uart.o
                                                  src/include/tunerstudiocomm.o
                                                  src/include/timers.o
                                                  src/include/tables.o
                                                  src/include/storage.o
                                                  src/include/sensors.o
                                                  src/include/math.o
                                                  src/include/interrupts.o
                                                  src/include/igncalc.o
                                                  src/include/global.o
                                                  src/include/fuelcalc.o
                                                  src/include/eeprom.o
                                                  src/include/decoders.o
                                                  src/include/ADC.o
GlobalTimerFreqTelemetryScaler                    src/main.o
                                                  src/include/uart.o
                                                  src/include/tunerstudiocomm.o
                                                  src/include/timers.o
                                                  src/include/tables.o
                                                  src/include/storage.o
                                                  src/include/sensors.o
                                                  src/include/math.o
                                                  src/include/interrupts.o
                                                  src/include/igncalc.o
                                                  src/include/global.o
                                                  src/include/fuelcalc.o
                                                  src/include/eeprom.o
                                                  src/include/decoders.o
                                                  src/include/ADC.o
GlobalTimerFreqUARTScaler                         src/main.o
                                                  src/include/uart.o
                                                  src/include/tunerstudiocomm.o
                                                  src/include/timers.o
                                                  src/include/tables.o
                                                  src/include/storage.o
                                                  src/include/sensors.o
                                                  src/include/math.o
                                                  src/include/interrupts.o
                                                  src/include/igncalc.o
                                                  src/include/global.o
                                                  src/include/fuelcalc.o
                                                  src/include/eeprom.o
                                                  src/include/decoders.o
                                                  src/include/ADC.o
HSMCI_Handler                                     src/ASF/sam/utils/cmsis/sam3x/source/templates/exceptions.o
                                                  src/ASF/sam/utils/cmsis/sam3x/source/templates/gcc/startup_sam3x.o
HardFault_Handler                                 src/ASF/sam/utils/cmsis/sam3x/source/templates/exceptions.o
                                                  src/ASF/sam/utils/cmsis/sam3x/source/templates/gcc/startup_sam3x.o
IGN                                               src/main.o
                                                  src/include/uart.o
                                                  src/include/tunerstudiocomm.o
                                                  src/include/timers.o
                                                  src/include/tables.o
                                                  src/include/storage.o
                                                  src/include/sensors.o
                                                  src/include/math.o
                                                  src/include/interrupts.o
                                                  src/include/igncalc.o
                                                  src/include/global.o
                                                  src/include/fuelcalc.o
                                                  src/include/eeprom.o
                                                  src/include/decoders.o
                                                  src/include/ADC.o
IatAdc_LUT                                        src/main.o
                                                  src/include/uart.o
                                                  src/include/tunerstudiocomm.o
                                                  src/include/timers.o
                                                  src/include/tables.o
                                                  src/include/storage.o
                                                  src/include/sensors.o
                                                  src/include/math.o
                                                  src/include/interrupts.o
                                                  src/include/igncalc.o
                                                  src/include/global.o
                                                  src/include/fuelcalc.o
                                                  src/include/eeprom.o
                                                  src/include/decoders.o
                                                  src/include/ADC.o
MemManage_Handler                                 src/ASF/sam/utils/cmsis/sam3x/source/templates/exceptions.o
                                                  src/ASF/sam/utils/cmsis/sam3x/source/templates/gcc/startup_sam3x.o
NMI_Handler                                       src/ASF/sam/utils/cmsis/sam3x/source/templates/exceptions.o
                                                  src/ASF/sam/utils/cmsis/sam3x/source/templates/gcc/startup_sam3x.o
NewPageFlag                                       src/main.o
                                                  src/include/uart.o
                                                  src/include/tunerstudiocomm.o
                                                  src/include/timers.o
                                                  src/include/tables.o
                                                  src/include/storage.o
                                                  src/include/sensors.o
                                                  src/include/math.o
                                                  src/include/interrupts.o
                                                  src/include/igncalc.o
                                                  src/include/global.o
                                                  src/include/fuelcalc.o
                                                  src/include/eeprom.o
                                                  src/include/decoders.o
                                                  src/include/ADC.o
Offset1                                           src/main.o
                                                  src/include/uart.o
                                                  src/include/tunerstudiocomm.o
                                                  src/include/timers.o
                                                  src/include/tables.o
                                                  src/include/storage.o
                                                  src/include/sensors.o
                                                  src/include/math.o
                                                  src/include/interrupts.o
                                                  src/include/igncalc.o
                                                  src/include/global.o
                                                  src/include/fuelcalc.o
                                                  src/include/eeprom.o
                                                  src/include/decoders.o
                                                  src/include/ADC.o
Offset2                                           src/main.o
                                                  src/include/uart.o
                                                  src/include/tunerstudiocomm.o
                                                  src/include/timers.o
                                                  src/include/tables.o
                                                  src/include/storage.o
                                                  src/include/sensors.o
                                                  src/include/math.o
                                                  src/include/interrupts.o
                                                  src/include/igncalc.o
                                                  src/include/global.o
                                                  src/include/fuelcalc.o
                                                  src/include/eeprom.o
                                                  src/include/decoders.o
                                                  src/include/ADC.o
OffsetFlag                                        src/main.o
                                                  src/include/uart.o
                                                  src/include/tunerstudiocomm.o
                                                  src/include/timers.o
                                                  src/include/tables.o
                                                  src/include/storage.o
                                                  src/include/sensors.o
                                                  src/include/math.o
                                                  src/include/interrupts.o