Archive member included to satisfy reference by file (symbol)

c:/program files (x86)/atmel/studio/7.0/toolchain/arm/arm-gnu-toolchain/bin/../lib/gcc/arm-none-eabi/6.2.1/thumb/v7-m\libgcc.a(_arm_addsubdf3.o)
                              src/include/math.o (__aeabi_dadd)
c:/program files (x86)/atmel/studio/7.0/toolchain/arm/arm-gnu-toolchain/bin/../lib/gcc/arm-none-eabi/6.2.1/thumb/v7-m\libgcc.a(_arm_muldivdf3.o)
                              src/include/math.o (__aeabi_dmul)
c:/program files (x86)/atmel/studio/7.0/toolchain/arm/arm-gnu-toolchain/bin/../lib/gcc/arm-none-eabi/6.2.1/thumb/v7-m\libgcc.a(_arm_fixunsdfsi.o)
                              src/include/math.o (__aeabi_d2uiz)
c:/program files (x86)/atmel/studio/7.0/toolchain/arm/arm-gnu-toolchain/bin/../lib/gcc/arm-none-eabi/6.2.1/thumb/v7-m\libgcc.a(_aeabi_uldivmod.o)
                              src/include/fuelcalc.o (__aeabi_uldivmod)
c:/program files (x86)/atmel/studio/7.0/toolchain/arm/arm-gnu-toolchain/bin/../lib/gcc/arm-none-eabi/6.2.1/thumb/v7-m\libgcc.a(_udivmoddi4.o)
                              c:/program files (x86)/atmel/studio/7.0/toolchain/arm/arm-gnu-toolchain/bin/../lib/gcc/arm-none-eabi/6.2.1/thumb/v7-m\libgcc.a(_aeabi_uldivmod.o) (__udivmoddi4)
c:/program files (x86)/atmel/studio/7.0/toolchain/arm/arm-gnu-toolchain/bin/../lib/gcc/arm-none-eabi/6.2.1/thumb/v7-m\libgcc.a(_dvmd_tls.o)
                              c:/program files (x86)/atmel/studio/7.0/toolchain/arm/arm-gnu-toolchain/bin/../lib/gcc/arm-none-eabi/6.2.1/thumb/v7-m\libgcc.a(_aeabi_uldivmod.o) (__aeabi_ldiv0)
c:/program files (x86)/atmel/studio/7.0/toolchain/arm/arm-gnu-toolchain/bin/../lib/gcc/arm-none-eabi/6.2.1/../../../../arm-none-eabi/lib/thumb/v7-m\libc.a(lib_a-exit.o)
                              c:/program files (x86)/atmel/studio/7.0/toolchain/arm/arm-gnu-toolchain/bin/../lib/gcc/arm-none-eabi/6.2.1/../../../../arm-none-eabi/lib/thumb/v7-m/crt0.o (exit)
c:/program files (x86)/atmel/studio/7.0/toolchain/arm/arm-gnu-toolchain/bin/../lib/gcc/arm-none-eabi/6.2.1/../../../../arm-none-eabi/lib/thumb/v7-m\libc.a(lib_a-impure.o)
                              c:/program files (x86)/atmel/studio/7.0/toolchain/arm/arm-gnu-toolchain/bin/../lib/gcc/arm-none-eabi/6.2.1/../../../../arm-none-eabi/lib/thumb/v7-m\libc.a(lib_a-exit.o) (_global_impure_ptr)
c:/program files (x86)/atmel/studio/7.0/toolchain/arm/arm-gnu-toolchain/bin/../lib/gcc/arm-none-eabi/6.2.1/../../../../arm-none-eabi/lib/thumb/v7-m\libc.a(lib_a-init.o)
                              c:/program files (x86)/atmel/studio/7.0/toolchain/arm/arm-gnu-toolchain/bin/../lib/gcc/arm-none-eabi/6.2.1/../../../../arm-none-eabi/lib/thumb/v7-m/crt0.o (__libc_init_array)
c:/program files (x86)/atmel/studio/7.0/toolchain/arm/arm-gnu-toolchain/bin/../lib/gcc/arm-none-eabi/6.2.1/../../../../arm-none-eabi/lib/thumb/v7-m\libc.a(lib_a-iprintf.o)
                              src/ASF/sam/drivers/adc/adc.o (iprintf)
c:/program files (x86)/atmel/studio/7.0/toolchain/arm/arm-gnu-toolchain/bin/../lib/gcc/arm-none-eabi/6.2.1/../../../../arm-none-eabi/lib/thumb/v7-m\libc.a(lib_a-malloc.o)
                              src/include/tables.o (malloc)
c:/program files (x86)/atmel/studio/7.0/toolchain/arm/arm-gnu-toolchain/bin/../lib/gcc/arm-none-eabi/6.2.1/../../../../arm-none-eabi/lib/thumb/v7-m\libc.a(lib_a-mallocr.o)
                              c:/program files (x86)/atmel/studio/7.0/toolchain/arm/arm-gnu-toolchain/bin/../lib/gcc/arm-none-eabi/6.2.1/../../../../arm-none-eabi/lib/thumb/v7-m\libc.a(lib_a-malloc.o) (_malloc_r)
c:/program files (x86)/atmel/studio/7.0/toolchain/arm/arm-gnu-toolchain/bin/../lib/gcc/arm-none-eabi/6.2.1/../../../../arm-none-eabi/lib/thumb/v7-m\libc.a(lib_a-memset.o)
                              c:/program files (x86)/atmel/studio/7.0/toolchain/arm/arm-gnu-toolchain/bin/../lib/gcc/arm-none-eabi/6.2.1/../../../../arm-none-eabi/lib/thumb/v7-m/crt0.o (memset)
c:/program files (x86)/atmel/studio/7.0/toolchain/arm/arm-gnu-toolchain/bin/../lib/gcc/arm-none-eabi/6.2.1/../../../../arm-none-eabi/lib/thumb/v7-m\libc.a(lib_a-mlock.o)
                              c:/program files (x86)/atmel/studio/7.0/toolchain/arm/arm-gnu-toolchain/bin/../lib/gcc/arm-none-eabi/6.2.1/../../../../arm-none-eabi/lib/thumb/v7-m\libc.a(lib_a-mallocr.o) (__malloc_lock)
c:/program files (x86)/atmel/studio/7.0/toolchain/arm/arm-gnu-toolchain/bin/../lib/gcc/arm-none-eabi/6.2.1/../../../../arm-none-eabi/lib/thumb/v7-m\libc.a(lib_a-puts.o)
                              src/ASF/sam/drivers/adc/adc.o (puts)
c:/program files (x86)/atmel/studio/7.0/toolchain/arm/arm-gnu-toolchain/bin/../lib/gcc/arm-none-eabi/6.2.1/../../../../arm-none-eabi/lib/thumb/v7-m\libc.a(lib_a-sbrkr.o)
                              c:/program files (x86)/atmel/studio/7.0/toolchain/arm/arm-gnu-toolchain/bin/../lib/gcc/arm-none-eabi/6.2.1/../../../../arm-none-eabi/lib/thumb/v7-m\libc.a(lib_a-mallocr.o) (_sbrk_r)
[...]
Memory Configuration

Name             Origin             Length             Attributes
rom              0x00080000         0x00080000         xr
sram0            0x20000000         0x00010000         xrw
sram1            0x20080000         0x00008000         xrw
ram              0x20070000         0x00018000         xrw
*default*        0x00000000         0xffffffff

Linker script and memory map

LOAD c:/program files (x86)/atmel/studio/7.0/toolchain/arm/arm-gnu-toolchain/bin/../lib/gcc/arm-none-eabi/6.2.1/thumb/v7-m/crti.o
LOAD c:/program files (x86)/atmel/studio/7.0/toolchain/arm/arm-gnu-toolchain/bin/../lib/gcc/arm-none-eabi/6.2.1/thumb/v7-m/crtbegin.o
LOAD c:/program files (x86)/atmel/studio/7.0/toolchain/arm/arm-gnu-toolchain/bin/../lib/gcc/arm-none-eabi/6.2.1/../../../../arm-none-eabi/lib/thumb/v7-m/crt0.o
LOAD src/ASF/common/components/memory/eeprom/at24cxx/at24cxx.o
LOAD src/ASF/common/services/delay/sam/cycle_counter.o
LOAD src/ASF/sam/drivers/adc/adc.o
LOAD src/ASF/sam/drivers/adc/adc_sam3u.o
LOAD src/ASF/common/services/clock/sam3x/sysclk.o
LOAD src/ASF/common/utils/interrupt/interrupt_sam_nvic.o
LOAD src/ASF/sam/boards/arduino_due_x/init.o
LOAD src/ASF/sam/drivers/pdc/pdc.o
LOAD src/ASF/sam/drivers/pio/pio.o
LOAD src/ASF/sam/drivers/pio/pio_handler.o
LOAD src/ASF/sam/drivers/pmc/pmc.o
LOAD src/ASF/sam/drivers/pmc/sleep.o
LOAD src/ASF/sam/drivers/tc/tc.o
LOAD src/ASF/sam/drivers/twi/twi.o
LOAD src/ASF/sam/utils/cmsis/sam3x/source/templates/exceptions.o
LOAD src/ASF/sam/utils/cmsis/sam3x/source/templates/gcc/startup_sam3x.o
LOAD src/ASF/sam/utils/cmsis/sam3x/source/templates/system_sam3x.o
LOAD src/ASF/sam/utils/syscalls/gcc/syscalls.o
LOAD src/include/ADC.o
LOAD src/include/decoders.o
LOAD src/include/eeprom.o
LOAD src/include/fuelcalc.o
LOAD src/include/global.o
LOAD src/include/igncalc.o
LOAD src/include/interrupts.o
LOAD src/include/math.o
LOAD src/include/sensors.o
LOAD src/include/storage.o
LOAD src/include/tables.o
LOAD src/include/timers.o
LOAD src/include/tunerstudiocomm.o
LOAD src/include/uart.o
LOAD src/main.o
START GROUP
LOAD ../src/ASF/thirdparty/CMSIS/Lib/GCC\libarm_cortexM3l_math.a
LOAD c:/program files (x86)/atmel/studio/7.0/toolchain/arm/arm-gnu-toolchain/bin/../lib/gcc/arm-none-eabi/6.2.1/../../../../arm-none-eabi/lib/thumb/v7-m\libm.a
END GROUP
START GROUP
LOAD c:/program files (x86)/atmel/studio/7.0/toolchain/arm/arm-gnu-toolchain/bin/../lib/gcc/arm-none-eabi/6.2.1/thumb/v7-m\libgcc.a
LOAD c:/program files (x86)/atmel/studio/7.0/toolchain/arm/arm-gnu-toolchain/bin/../lib/gcc/arm-none-eabi/6.2.1/../../../../arm-none-eabi/lib/thumb/v7-m\libc.a
END GROUP
LOAD c:/program files (x86)/atmel/studio/7.0/toolchain/arm/arm-gnu-toolchain/bin/../lib/gcc/arm-none-eabi/6.2.1/thumb/v7-m/crtend.o
LOAD c:/program files (x86)/atmel/studio/7.0/toolchain/arm/arm-gnu-toolchain/bin/../lib/gcc/arm-none-eabi/6.2.1/thumb/v7-m/crtn.o
                0x00002000                __stack_size__ = DEFINED (__stack_size__)?__stack_size__:0x2000
                0x20087ffc                __ram_end__ = ((ORIGIN (ram) + LENGTH (ram)) - 0x4)

.text           0x00080000     0x4510
                0x00080000                . = ALIGN (0x4)
                0x00080000                _sfixed = .
 *(.vectors .vectors.*)
 .vectors       0x00080000       0xf4 src/ASF/sam/utils/cmsis/sam3x/source/templates/gcc/startup_sam3x.o
                0x00080000                exception_table
 *(.text .text.* .gnu.linkonce.t.*)
 .text          0x000800f4       0x6c c:/program files (x86)/atmel/studio/7.0/toolchain/arm/arm-gnu-toolchain/bin/../lib/gcc/arm-none-eabi/6.2.1/thumb/v7-m/crtbegin.o
 .text.at24cxx_acknowledge_polling
                0x00080160       0x54 src/ASF/common/components/memory/eeprom/at24cxx/at24cxx.o
 .text.at24cxx_write_byte
                0x000801b4       0x50 src/ASF/common/components/memory/eeprom/at24cxx/at24cxx.o
                0x000801b4                at24cxx_write_byte
 .text.at24cxx_read_byte
                0x00080204       0x3c src/ASF/common/components/memory/eeprom/at24cxx/at24cxx.o
                0x00080204                at24cxx_read_byte
 .text.at24cxx_read_continuous
                0x00080240       0x38 src/ASF/common/components/memory/eeprom/at24cxx/at24cxx.o
                0x00080240                at24cxx_read_continuous
 .text.adc_init
                0x00080278       0x34 src/ASF/sam/drivers/adc/adc.o
                0x00080278                adc_init
 .text.adc_set_resolution
                0x000802ac       0x10 src/ASF/sam/drivers/adc/adc.o
                0x000802ac                adc_set_resolution
 .text.adc_configure_trigger
                0x000802bc        0xe src/ASF/sam/drivers/adc/adc.o
                0x000802bc                adc_configure_trigger
 .text.adc_configure_timing
                0x000802ca       0x1c src/ASF/sam/drivers/adc/adc.o
                0x000802ca                adc_configure_timing
 .text.adc_start
                0x000802e6        0x6 src/ASF/sam/drivers/adc/adc.o
                0x000802e6                adc_start
 .text.adc_enable_channel
                0x000802ec        0xa src/ASF/sam/drivers/adc/adc.o
                0x000802ec                adc_enable_channel
 .text.adc_enable_tag
                0x000802f6        0xa src/ASF/sam/drivers/adc/adc.o
                0x000802f6                adc_enable_tag
 .text.adc_enable_interrupt
                0x00080300        0x4 src/ASF/sam/drivers/adc/adc.o
                0x00080300                adc_enable_interrupt
 .text.sysclk_init
                0x00080304       0x64 src/ASF/common/services/clock/sam3x/sysclk.o
                0x00080304                sysclk_init
 .text.board_init
                0x00080368       0x80 src/ASF/sam/boards/arduino_due_x/init.o
                0x00080368                board_init
 .text.pdc_tx_init
                0x000803e8       0x18 src/ASF/sam/drivers/pdc/pdc.o
                0x000803e8                pdc_tx_init
 .text.pdc_enable_transfer
                0x00080400        0xc src/ASF/sam/drivers/pdc/pdc.o
                0x00080400                pdc_enable_transfer
 .text.pio_set_peripheral
                0x0008040c       0x3e src/ASF/sam/drivers/pio/pio.o
                0x0008040c                pio_set_peripheral
 .text.pio_set_input
                0x0008044a       0x32 src/ASF/sam/drivers/pio/pio.o
                0x0008044a                pio_set_input
 .text.pio_set_output
                0x0008047c       0x26 src/ASF/sam/drivers/pio/pio.o
                0x0008047c                pio_set_output
 *fill*         0x000804a2        0x2 
 .text.pio_configure_pin
                0x000804a4       0xd0 src/ASF/sam/drivers/pio/pio.o
                0x000804a4                pio_configure_pin
 .text.pio_configure_pin_group
                0x00080574       0x9c src/ASF/sam/drivers/pio/pio.o
                0x00080574                pio_configure_pin_group
 .text.pmc_switch_mck_to_pllack
                0x00080610       0x64 src/ASF/sam/drivers/pmc/pmc.o
                0x00080610                pmc_switch_mck_to_pllack
 .text.pmc_switch_mainck_to_xtal
                0x00080674       0x54 src/ASF/sam/drivers/pmc/pmc.o
                0x00080674                pmc_switch_mainck_to_xtal
 .text.pmc_osc_is_ready_mainck
                0x000806c8       0x10 src/ASF/sam/drivers/pmc/pmc.o
                0x000806c8                pmc_osc_is_ready_mainck
 .text.pmc_disable_pllack
                0x000806d8       0x10 src/ASF/sam/drivers/pmc/pmc.o
                0x000806d8                pmc_disable_pllack
 .text.pmc_is_locked_pllack
                0x000806e8       0x10 src/ASF/sam/drivers/pmc/pmc.o
                0x000806e8                pmc_is_locked_pllack
 .text.pmc_enable_periph_clk
                0x000806f8       0x54 src/ASF/sam/drivers/pmc/pmc.o
                0x000806f8                pmc_enable_periph_clk
 .text.tc_init  0x0008074c       0x18 src/ASF/sam/drivers/tc/tc.o
                0x0008074c                tc_init
 .text.tc_start
                0x00080764        0x8 src/ASF/sam/drivers/tc/tc.o
                0x00080764                tc_start
 .text.tc_write_ra
                0x0008076c        0x8 src/ASF/sam/drivers/tc/tc.o
                0x0008076c                tc_write_ra
 .text.tc_write_rc
                0x00080774        0x8 src/ASF/sam/drivers/tc/tc.o
                0x00080774                tc_write_rc
 .text.tc_enable_interrupt
                0x0008077c        0x8 src/ASF/sam/drivers/tc/tc.o
                0x0008077c                tc_enable_interrupt
 .text.twi_set_speed
                0x00080784       0xb8 src/ASF/sam/drivers/twi/twi.o
                0x00080784                twi_set_speed
 .text.twi_master_init
                0x0008083c       0x40 src/ASF/sam/drivers/twi/twi.o
                0x0008083c                twi_master_init
 .text.twi_mk_addr
                0x0008087c       0x22 src/ASF/sam/drivers/twi/twi.o
                0x0008087c                twi_mk_addr
 *fill*         0x0008089e        0x2 
 .text.twi_master_read
                0x000808a0       0xc0 src/ASF/sam/drivers/twi/twi.o
                0x000808a0                twi_master_read
 .text.twi_master_write
                0x00080960       0x88 src/ASF/sam/drivers/twi/twi.o
                0x00080960                twi_master_write
 .text.Dummy_Handler
                0x000809e8        0x2 src/ASF/sam/utils/cmsis/sam3x/source/templates/exceptions.o
                0x000809e8                DACC_Handler
                0x000809e8                DebugMon_Handler
                0x000809e8                DMAC_Handler
                0x000809e8                TRNG_Handler
                0x000809e8                HardFault_Handler
                0x000809e8                SysTick_Handler
                0x000809e8                USART3_Handler
                0x000809e8                TWI1_Handler
                0x000809e8                PendSV_Handler
                0x000809e8                NMI_Handler
                0x000809e8                SMC_Handler
                0x000809e8                USART0_Handler
                0x000809e8                RTT_Handler
                0x000809e8                EFC1_Handler
                0x000809e8                PIOB_Handler
                0x000809e8                RTC_Handler
                0x000809e8                UsageFault_Handler
                0x000809e8                WDT_Handler
                0x000809e8                CAN0_Handler
                0x000809e8                HSMCI_Handler
                0x000809e8                Dummy_Handler
                0x000809e8                TWI0_Handler
                0x000809e8                USART1_Handler
                0x000809e8                SSC_Handler
                0x000809e8                EFC0_Handler
                0x000809e8                PMC_Handler
                0x000809e8                PWM_Handler
                0x000809e8                CAN1_Handler
                0x000809e8                MemManage_Handler
                0x000809e8                SUPC_Handler
                0x000809e8                SVC_Handler
                0x000809e8                USART2_Handler
                0x000809e8                PIOD_Handler
                0x000809e8                EMAC_Handler
                0x000809e8                PIOC_Handler
                0x000809e8                BusFault_Handler
                0x000809e8                RSTC_Handler
                0x000809e8                UOTGHS_Handler
                0x000809e8                SPI0_Handler
 *fill*         0x000809ea        0x2 
 .text.Reset_Handler
                0x000809ec       0x98 src/ASF/sam/utils/cmsis/sam3x/source/templates/gcc/startup_sam3x.o
                0x000809ec                Reset_Handler
 .text.SystemCoreClockUpdate
                0x00080a84      0x118 src/ASF/sam/utils/cmsis/sam3x/source/templates/system_sam3x.o
                0x00080a84                SystemCoreClockUpdate
 .text._sbrk    0x00080b9c       0x38 src/ASF/sam/utils/syscalls/gcc/syscalls.o
                0x00080b9c                _sbrk
 .text.adc_initialize
                0x00080bd4       0x9c src/include/ADC.o
                0x00080bd4                adc_initialize
 .text.adc_turn_on_multiple_channels
                0x00080c70       0x5c src/include/ADC.o
                0x00080c70                adc_turn_on_multiple_channels
 .text.ADC_Handler
                0x00080ccc       0x54 src/include/ADC.o
                0x00080ccc                ADC_Handler
 .text.decoders_set_inj_or_ign_event
                0x00080d20       0xec src/include/decoders.o
                0x00080d20                decoders_set_inj_or_ign_event
 .text.decoders_tach_event
                0x00080e0c      0x134 src/include/decoders.o
                0x00080e0c                decoders_tach_event
 .text.decoders_crank_primary
                0x00080f40      0x17c src/include/decoders.o
                0x00080f40                decoders_crank_primary
 .text.eeprom_init
                0x000810bc       0x60 src/include/eeprom.o
                0x000810bc                eeprom_init
 .text.eeprom_read_byte
                0x0008111c       0x60 src/include/eeprom.o
                0x0008111c                eeprom_read_byte
 .text.fuelcalc_GammaEnrich
                0x0008117c       0xac src/include/fuelcalc.o
                0x0008117c                fuelcalc_GammaEnrich
 .text.fuelcalc_pulsewidth
                0x00081228       0xfc src/include/fuelcalc.o
                0x00081228                fuelcalc_pulsewidth
 .text.cylinder_init
                0x00081324      0x1b4 src/include/global.o
                0x00081324                cylinder_init
 .text.global_init
                0x000814d8      0x1d0 src/include/global.o
                0x000814d8                global_init
 .text.global_toggle_pin
                0x000816a8        0xc src/include/global.o
                0x000816a8                global_toggle_pin
 .text.igncalc_ign_time_teeth
                0x000816b4       0x34 src/include/igncalc.o
                0x000816b4                igncalc_ign_time_teeth
 .text.igncalc_ign_time_interval
                0x000816e8       0x8c src/include/igncalc.o
                0x000816e8                igncalc_ign_time_interval
 .text.igncalc_dwell_correction
                0x00081774       0x2c src/include/igncalc.o
                0x00081774                igncalc_dwell_correction
 .text.igncalc_dwell_degree
                0x000817a0       0x80 src/include/igncalc.o
                0x000817a0                igncalc_dwell_degree
 .text.igncalc_dwell_pulsewidth
                0x00081820       0x5c src/include/igncalc.o
                0x00081820                igncalc_dwell_pulsewidth
 .text.interrupts_enable_interrupt_vector
                0x0008187c       0x50 src/include/interrupts.o
                0x0008187c                interrupts_enable_interrupt_vector
 .text.interrupts_enable_pio
                0x000818cc       0x7c src/include/interrupts.o
                0x000818cc                interrupts_enable_pio
 .text.interrupts_check_timer_for_inj_or_ign
                0x00081948       0x64 src/include/interrupts.o
                0x00081948                interrupts_check_timer_for_inj_or_ign
 .text.PIOA_Handler
                0x000819ac       0xfc src/include/interrupts.o
                0x000819ac                PIOA_Handler
 .text.math_map_adc
                0x00081aa8        0xa src/include/math.o
                0x00081aa8                math_map_adc
 .text.math_map
                0x00081ab2       0x10 src/include/math.o
                0x00081ab2                math_map
 *fill*         0x00081ac2        0x2 
 .text.math_find_median
                0x00081ac4       0xc8 src/include/math.o
                0x00081ac4                math_find_median
 .text.math_find_interpolation_index
                0x00081b8c       0x40 src/include/math.o
                0x00081b8c                math_find_interpolation_index
 .text.math_interpolation
                0x00081bcc       0x22 src/include/math.o
                0x00081bcc                math_interpolation
 *fill*         0x00081bee        0x2 
 .text.math_interpolation_array
                0x00081bf0       0xe4 src/include/math.o
                0x00081bf0                math_interpolation_array
 .text.math_interpolation_vector
                0x00081cd4       0x70 src/include/math.o
                0x00081cd4                math_interpolation_vector
 .text.math_sum_with_overflow_protection
                0x00081d44        0x8 src/include/math.o
                0x00081d44                math_sum_with_overflow_protection
 .text.math_convert_degree_to_teeth_count
                0x00081d4c       0x24 src/include/math.o
                0x00081d4c                math_convert_degree_to_teeth_count
 .text.math_convert_pulsewidth_to_crank_degrees
                0x00081d70       0x34 src/include/math.o
                0x00081d70                math_convert_pulsewidth_to_crank_degrees
 .text.math_find_event_tooth_from_number_of_teeths
                0x00081da4       0x58 src/include/math.o
                0x00081da4                math_find_event_tooth_from_number_of_teeths
 .text.sensors_init
                0x00081dfc       0x50 src/include/sensors.o
                0x00081dfc                sensors_init
 .text.sensors_read_adc
                0x00081e4c       0xcc src/include/sensors.o
                0x00081e4c                sensors_read_adc
 .text.storage_struct_read_eeprom_init
                0x00081f18       0x14 src/include/storage.o
                0x00081f18                storage_struct_read_eeprom_init
 .text.storage_init_struct_to_zero
                0x00081f2c       0x16 src/include/storage.o
                0x00081f2c                storage_init_struct_to_zero
 *fill*         0x00081f42        0x2 
 .text.tables_Table3D_alloc_mem
                0x00081f44       0x60 src/include/tables.o
                0x00081f44                tables_Table3D_alloc_mem
 .text.tables_Table3D_read_eeprom
                0x00081fa4       0x48 src/include/tables.o
                0x00081fa4                tables_Table3D_read_eeprom
 .text.tables_Table3D_init
                0x00081fec       0x1c src/include/tables.o
                0x00081fec                tables_Table3D_init
 .text.table_init
                0x00082008       0x38 src/include/tables.o
                0x00082008                table_init
 .text.timer_init
                0x00082040       0xa0 src/include/timers.o
                0x00082040                timer_init
 .text.timer_do_inj_or_ign
                0x000820e0       0x38 src/include/timers.o
                0x000820e0                timer_do_inj_or_ign
 .text.timer_do_cylinder
                0x00082118       0x54 src/include/timers.o
                0x00082118                timer_do_cylinder
 .text.TC0_Handler
                0x0008216c       0x10 src/include/timers.o
                0x0008216c                TC0_Handler
 .text.TC1_Handler
                0x0008217c       0x10 src/include/timers.o
                0x0008217c                TC1_Handler
 .text.TC2_Handler
                0x0008218c       0x10 src/include/timers.o
                0x0008218c                TC2_Handler
 .text.TC3_Handler
                0x0008219c       0x10 src/include/timers.o
                0x0008219c                TC3_Handler
 .text.TC4_Handler
                0x000821ac       0x10 src/include/timers.o
                0x000821ac                TC4_Handler
 .text.TC5_Handler
                0x000821bc       0x10 src/include/timers.o
                0x000821bc                TC5_Handler
 .text.TC6_Handler
                0x000821cc       0x10 src/include/timers.o
                0x000821cc                TC6_Handler
 .text.TC7_Handler
                0x000821dc       0x10 src/include/timers.o
                0x000821dc                TC7_Handler
 .text.TC8_Handler
                0x000821ec       0xb0 src/include/timers.o
                0x000821ec                TC8_Handler
 .text.tunerstudio_init
                0x0008229c       0x38 src/include/tunerstudiocomm.o
                0x0008229c                tunerstudio_init
 .text.tunerstudio_send_struct
                0x000822d4       0x28 src/include/tunerstudiocomm.o
                0x000822d4                tunerstudio_send_struct
 .text.tunerstudio_send_Table3D
                0x000822fc       0x34 src/include/tunerstudiocomm.o
                0x000822fc                tunerstudio_send_Table3D
 .text.tunerstudio_send_page
                0x00082330       0xa0 src/include/tunerstudiocomm.o
                0x00082330                tunerstudio_send_page
 .text.tunerstudio_write_Table3D
                0x000823d0       0x40 src/include/tunerstudiocomm.o
                0x000823d0                tunerstudio_write_Table3D
 .text.tunerstudio_write_data
                0x00082410       0xa4 src/include/tunerstudiocomm.o
                0x00082410                tunerstudio_write_data
 .text.tunerstudio_burn_value_if_changed
                0x000824b4       0x24 src/include/tunerstudiocomm.o
                0x000824b4                tunerstudio_burn_value_if_changed
 .text.tunerstudio_burn_struct
                0x000824d8       0x44 src/include/tunerstudiocomm.o
                0x000824d8                tunerstudio_burn_struct
 .text.tunerstudio_burn_Table3D
                0x0008251c       0x64 src/include/tunerstudiocomm.o
                0x0008251c                tunerstudio_burn_Table3D
 .text.tunerstudio_burn_page_eeprom
                0x00082580       0xc0 src/include/tunerstudiocomm.o
                0x00082580                tunerstudio_burn_page_eeprom
 .text.tunerstudio_update_calib_vect_helper
                0x00082640       0x80 src/include/tunerstudiocomm.o
                0x00082640                tunerstudio_update_calib_vect_helper
 .text.tunerstudio_update_calib_vect
                0x000826c0       0x70 src/include/tunerstudiocomm.o
                0x000826c0                tunerstudio_update_calib_vect
 .text.tunerstudio_debug_global_function
                0x00082730      0x124 src/include/tunerstudiocomm.o
                0x00082730                tunerstudio_debug_global_function
 .text.tunerstudio_command
                0x00082854      0x164 src/include/tunerstudiocomm.o
                0x00082854                tunerstudio_command
 .text.uart_init
                0x000829b8       0x34 src/include/uart.o
                0x000829b8                uart_init
 .text.uart_tx_interrupt_init
                0x000829ec       0x58 src/include/uart.o
                0x000829ec                uart_tx_interrupt_init
 .text.uart_interrupt_transfer
                0x00082a44       0x5c src/include/uart.o
                0x00082a44                uart_interrupt_transfer
 .text.uart_load_tx_buffer
                0x00082aa0       0x1c src/include/uart.o
                0x00082aa0                uart_load_tx_buffer
 .text.uart_enable_tx_interrupt
                0x00082abc        0xc src/include/uart.o
                0x00082abc                uart_enable_tx_interrupt
 .text.uart_enable_rx_interrupt
                0x00082ac8       0x1c src/include/uart.o
                0x00082ac8                uart_enable_rx_interrupt
 .text.uart_disable_rx_interrupt
                0x00082ae4        0xc src/include/uart.o
                0x00082ae4                uart_disable_rx_interrupt
 .text.uart_rx_read_buffer
                0x00082af0       0x54 src/include/uart.o
                0x00082af0                uart_rx_read_buffer
 .text.uart_transfer
                0x00082b44       0x14 src/include/uart.o
                0x00082b44                uart_transfer
 .text.uart_print_int
                0x00082b58       0x54 src/include/uart.o
                0x00082b58                uart_print_int
 .text.uart_new_line
                0x00082bac       0x10 src/include/uart.o
                0x00082bac                uart_new_line
 .text.uart_print_string
                0x00082bbc       0x28 src/include/uart.o
                0x00082bbc                uart_print_string
 .text.UART_Handler
                0x00082be4       0xa4 src/include/uart.o
                0x00082be4                UART_Handler
 .text.uart_receive
                0x00082c88       0x18 src/include/uart.o
                0x00082c88                uart_receive
 .text.uart_load_pdc_tx_buffer
                0x00082ca0       0x30 src/include/uart.o
                0x00082ca0                uart_load_pdc_tx_buffer
 .text.main     0x00082cd0      0x2b0 src/main.o
                0x00082cd0                main
 .text          0x00082f80      0x370 c:/program files (x86)/atmel/studio/7.0/toolchain/arm/arm-gnu-toolchain/bin/../lib/gcc/arm-none-eabi/6.2.1/thumb/v7-m\libgcc.a(_arm_addsubdf3.o)
                0x00082f80                __aeabi_drsub
                0x00082f88                __aeabi_dsub
                0x00082f88                __subdf3
                0x00082f8c                __aeabi_dadd
                0x00082f8c                __adddf3
                0x00083204                __floatunsidf
                0x00083204                __aeabi_ui2d
                0x00083224                __floatsidf
                0x00083224                __aeabi_i2d
                0x00083248                __aeabi_f2d
                0x00083248                __extendsfdf2
                0x00083284                __floatundidf
                0x00083284                __aeabi_ul2d
                0x00083294                __floatdidf
                0x00083294                __aeabi_l2d
 .text          0x000832f0      0x424 c:/program files (x86)/atmel/studio/7.0/toolchain/arm/arm-gnu-toolchain/bin/../lib/gcc/arm-none-eabi/6.2.1/thumb/v7-m\libgcc.a(_arm_muldivdf3.o)
                0x000832f0                __aeabi_dmul
                0x000832f0                __muldf3
                0x00083544                __divdf3
                0x00083544                __aeabi_ddiv
 .text          0x00083714       0x40 c:/program files (x86)/atmel/studio/7.0/toolchain/arm/arm-gnu-toolchain/bin/../lib/gcc/arm-none-eabi/6.2.1/thumb/v7-m\libgcc.a(_arm_fixunsdfsi.o)
                0x00083714                __aeabi_d2uiz
                0x00083714                __fixunsdfsi
 .text          0x00083754       0x30 c:/program files (x86)/atmel/studio/7.0/toolchain/arm/arm-gnu-toolchain/bin/../lib/gcc/arm-none-eabi/6.2.1/thumb/v7-m\libgcc.a(_aeabi_uldivmod.o)
                0x00083754                __aeabi_uldivmod
 .text          0x00083784      0x2dc c:/program files (x86)/atmel/studio/7.0/toolchain/arm/arm-gnu-toolchain/bin/../lib/gcc/arm-none-eabi/6.2.1/thumb/v7-m\libgcc.a(_udivmoddi4.o)
                0x00083784                __udivmoddi4
 .text          0x00083a60        0x4 c:/program files (x86)/atmel/studio/7.0/toolchain/arm/arm-gnu-toolchain/bin/../lib/gcc/arm-none-eabi/6.2.1/thumb/v7-m\libgcc.a(_dvmd_tls.o)
                0x00083a60                __aeabi_idiv0
                0x00083a60                __aeabi_ldiv0
 .text.__libc_init_array
                0x00083a64       0x50 c:/program files (x86)/atmel/studio/7.0/toolchain/arm/arm-gnu-toolchain/bin/../lib/gcc/arm-none-eabi/6.2.1/../../../../arm-none-eabi/lib/thumb/v7-m\libc.a(lib_a-init.o)
                0x00083a64                __libc_init_array
 .text.malloc   0x00083ab4       0x10 c:/program files (x86)/atmel/studio/7.0/toolchain/arm/arm-gnu-toolchain/bin/../lib/gcc/arm-none-eabi/6.2.1/../../../../arm-none-eabi/lib/thumb/v7-m\libc.a(lib_a-malloc.o)
                0x00083ab4                malloc
 .text._malloc_r
                0x00083ac4      0x544 c:/program files (x86)/atmel/studio/7.0/toolchain/arm/arm-gnu-toolchain/bin/../lib/gcc/arm-none-eabi/6.2.1/../../../../arm-none-eabi/lib/thumb/v7-m\libc.a(lib_a-mallocr.o)
                0x00083ac4                _malloc_r
 .text.__malloc_lock
                0x00084008        0x4 c:/program files (x86)/atmel/studio/7.0/toolchain/arm/arm-gnu-toolchain/bin/../lib/gcc/arm-none-eabi/6.2.1/../../../../arm-none-eabi/lib/thumb/v7-m\libc.a(lib_a-mlock.o)
                0x00084008                __malloc_lock
 .text.__malloc_unlock
                0x0008400c        0x4 c:/program files (x86)/atmel/studio/7.0/toolchain/arm/arm-gnu-toolchain/bin/../lib/gcc/arm-none-eabi/6.2.1/../../../../arm-none-eabi/lib/thumb/v7-m\libc.a(lib_a-mlock.o)
                0x0008400c                __malloc_unlock
 .text._sbrk_r  0x00084010       0x24 c:/program files (x86)/atmel/studio/7.0/toolchain/arm/arm-gnu-toolchain/bin/../lib/gcc/arm-none-eabi/6.2.1/../../../../arm-none-eabi/lib/thumb/v7-m\libc.a(lib_a-sbrkr.o)
                0x00084010                _sbrk_r
 .text.startup.register_fini
                0x00084034       0x14 c:/program files (x86)/atmel/studio/7.0/toolchain/arm/arm-gnu-toolchain/bin/../lib/gcc/arm-none-eabi/6.2.1/../../../../arm-none-eabi/lib/thumb/v7-m\libc.a(lib_a-__call_atexit.o)
 .text.atexit   0x00084048        0xc c:/program files (x86)/atmel/studio/7.0/toolchain/arm/arm-gnu-toolchain/bin/../lib/gcc/arm-none-eabi/6.2.1/../../../../arm-none-eabi/lib/thumb/v7-m\libc.a(lib_a-atexit.o)
                0x00084048                atexit
 .text.__libc_fini_array
                0x00084054       0x34 c:/program files (x86)/atmel/studio/7.0/toolchain/arm/arm-gnu-toolchain/bin/../lib/gcc/arm-none-eabi/6.2.1/../../../../arm-none-eabi/lib/thumb/v7-m\libc.a(lib_a-fini.o)
                0x00084054                __libc_fini_array
 .text._malloc_trim_r
                0x00084088       0xa0 c:/program files (x86)/atmel/studio/7.0/toolchain/arm/arm-gnu-toolchain/bin/../lib/gcc/arm-none-eabi/6.2.1/../../../../arm-none-eabi/lib/thumb/v7-m\libc.a(lib_a-freer.o)
                0x00084088                _malloc_trim_r
 .text._free_r  0x00084128      0x1cc c:/program files (x86)/atmel/studio/7.0/toolchain/arm/arm-gnu-toolchain/bin/../lib/gcc/arm-none-eabi/6.2.1/../../../../arm-none-eabi/lib/thumb/v7-m\libc.a(lib_a-freer.o)
                0x00084128                _free_r
 .text.__register_exitproc
                0x000842f4       0xac c:/program files (x86)/atmel/studio/7.0/toolchain/arm/arm-gnu-toolchain/bin/../lib/gcc/arm-none-eabi/6.2.1/../../../../arm-none-eabi/lib/thumb/v7-m\libc.a(lib_a-__atexit.o)
                0x000842f4                __register_exitproc
 *(.glue_7t)
 .glue_7t       0x000843a0        0x0 linker stubs
 *(.glue_7)
 .glue_7        0x000843a0        0x0 linker stubs
 *(.rodata .rodata* .gnu.linkonce.r.*)
 .rodata.eeprom_read_byte.str1.4
                0x000843a0        0xb src/include/eeprom.o
 *fill*         0x000843ab        0x1 
 .rodata.tunerstudio_burn_struct.str1.4
                0x000843ac        0xd src/include/tunerstudiocomm.o
 *fill*         0x000843b9        0x3 
 .rodata.tunerstudio_command.str1.4
                0x000843bc       0x32 src/include/tunerstudiocomm.o
 *fill*         0x000843ee        0x2 
 .rodata.tunerstudio_debug_global_function.str1.4
                0x000843f0       0xb9 src/include/tunerstudiocomm.o
 *fill*         0x000844a9        0x3 
 .rodata.tunerstudio_update_calib_vect.str1.4
                0x000844ac       0x19 src/include/tunerstudiocomm.o
 *fill*         0x000844c5        0x3 
 .rodata        0x000844c8        0x7 src/main.o
 *fill*         0x000844cf        0x1 
 .rodata.main.str1.4
                0x000844d0       0x18 src/main.o
                                 0x16 (size before relaxing)
 .rodata._global_impure_ptr
                0x000844e8        0x4 c:/program files (x86)/atmel/studio/7.0/toolchain/arm/arm-gnu-toolchain/bin/../lib/gcc/arm-none-eabi/6.2.1/../../../../arm-none-eabi/lib/thumb/v7-m\libc.a(lib_a-impure.o)
                0x000844e8                _global_impure_ptr
 *(.ARM.extab* .gnu.linkonce.armextab.*)
                0x000844ec                . = ALIGN (0x4)
 *(.init)
 .init          0x000844ec        0x4 c:/program files (x86)/atmel/studio/7.0/toolchain/arm/arm-gnu-toolchain/bin/../lib/gcc/arm-none-eabi/6.2.1/thumb/v7-m/crti.o
                0x000844ec                _init
 .init          0x000844f0        0x8 c:/program files (x86)/atmel/studio/7.0/toolchain/arm/arm-gnu-toolchain/bin/../lib/gcc/arm-none-eabi/6.2.1/thumb/v7-m/crtn.o
                0x000844f8                . = ALIGN (0x4)
                0x000844f8                __preinit_array_start = .
 *(.preinit_array)
                0x000844f8                __preinit_array_end = .
                0x000844f8                . = ALIGN (0x4)
                0x000844f8                __init_array_start = .
 *(SORT(.init_array.*))
 .init_array.00000
                0x000844f8        0x4 c:/program files (x86)/atmel/studio/7.0/toolchain/arm/arm-gnu-toolchain/bin/../lib/gcc/arm-none-eabi/6.2.1/../../../../arm-none-eabi/lib/thumb/v7-m\libc.a(lib_a-__call_atexit.o)
 *(.init_array)
 .init_array    0x000844fc        0x4 c:/program files (x86)/atmel/studio/7.0/toolchain/arm/arm-gnu-toolchain/bin/../lib/gcc/arm-none-eabi/6.2.1/thumb/v7-m/crtbegin.o
                0x00084500                __init_array_end = .
                0x00084500                . = ALIGN (0x4)
 *crtbegin.o(.ctors)
 *(EXCLUDE_FILE(*crtend.o) .ctors)
 *(SORT(.ctors.*))
 *crtend.o(.ctors)
                0x00084500                . = ALIGN (0x4)
 *(.fini)
 .fini          0x00084500        0x4 c:/program files (x86)/atmel/studio/7.0/toolchain/arm/arm-gnu-toolchain/bin/../lib/gcc/arm-none-eabi/6.2.1/thumb/v7-m/crti.o
                0x00084500                _fini
 .fini          0x00084504        0x8 c:/program files (x86)/atmel/studio/7.0/toolchain/arm/arm-gnu-toolchain/bin/../lib/gcc/arm-none-eabi/6.2.1/thumb/v7-m/crtn.o
                0x0008450c                . = ALIGN (0x4)
                0x0008450c                __fini_array_start = .
 *(.fini_array)
 .fini_array    0x0008450c        0x4 c:/program files (x86)/atmel/studio/7.0/toolchain/arm/arm-gnu-toolchain/bin/../lib/gcc/arm-none-eabi/6.2.1/thumb/v7-m/crtbegin.o
 *(SORT(.fini_array.*))
                0x00084510                __fini_array_end = .
 *crtbegin.o(.dtors)
 *(EXCLUDE_FILE(*crtend.o) .dtors)
 *(SORT(.dtors.*))
 *crtend.o(.dtors)
                0x00084510                . = ALIGN (0x4)
                0x00084510                _efixed = .
                [!provide]                PROVIDE (__exidx_start, .)

.vfp11_veneer   0x00084510        0x0
 .vfp11_veneer  0x00084510        0x0 linker stubs

.v4_bx          0x00084510        0x0
 .v4_bx         0x00084510        0x0 linker stubs

.iplt           0x00084510        0x0
 .iplt          0x00084510        0x0 c:/program files (x86)/atmel/studio/7.0/toolchain/arm/arm-gnu-toolchain/bin/../lib/gcc/arm-none-eabi/6.2.1/thumb/v7-m/crtbegin.o

.ARM.exidx      0x00084510        0x8
 *(.ARM.exidx* .gnu.linkonce.armexidx.*)
 .ARM.exidx     0x00084510        0x8 c:/program files (x86)/atmel/studio/7.0/toolchain/arm/arm-gnu-toolchain/bin/../lib/gcc/arm-none-eabi/6.2.1/thumb/v7-m\libgcc.a(_udivmoddi4.o)
                [!provide]                PROVIDE (__exidx_end, .)

.eh_frame       0x00084518        0x0
 .eh_frame      0x00084518        0x0 c:/program files (x86)/atmel/studio/7.0/toolchain/arm/arm-gnu-toolchain/bin/../lib/gcc/arm-none-eabi/6.2.1/thumb/v7-m/crtbegin.o

.rel.dyn        0x00084518        0x0
 .rel.iplt      0x00084518        0x0 c:/program files (x86)/atmel/studio/7.0/toolchain/arm/arm-gnu-toolchain/bin/../lib/gcc/arm-none-eabi/6.2.1/thumb/v7-m/crtbegin.o

.jcr            0x00084518        0x0
 .jcr           0x00084518        0x0 c:/program files (x86)/atmel/studio/7.0/toolchain/arm/arm-gnu-toolchain/bin/../lib/gcc/arm-none-eabi/6.2.1/thumb/v7-m/crtbegin.o

.igot.plt       0x00084518        0x0
 .igot.plt      0x00084518        0x0 c:/program files (x86)/atmel/studio/7.0/toolchain/arm/arm-gnu-toolchain/bin/../lib/gcc/arm-none-eabi/6.2.1/thumb/v7-m/crtbegin.o
                0x00084518                . = ALIGN (0x4)
                0x00084518                _etext = .

.relocate       0x20070000      0x970 load address 0x00084518
                0x20070000                . = ALIGN (0x4)
                0x20070000                _srelocate = .
 *(.ramfunc .ramfunc.*)
 .ramfunc       0x20070000      0x12c src/ASF/sam/utils/cmsis/sam3x/source/templates/system_sam3x.o
                0x20070000                SystemInit
                0x200700a4                system_init_flash
 *(.data .data.*)
 .data.SystemCoreClock
                0x2007012c        0x4 src/ASF/sam/utils/cmsis/sam3x/source/templates/system_sam3x.o
                0x2007012c                SystemCoreClock
 .data._impure_ptr
                0x20070130        0x4 c:/program files (x86)/atmel/studio/7.0/toolchain/arm/arm-gnu-toolchain/bin/../lib/gcc/arm-none-eabi/6.2.1/../../../../arm-none-eabi/lib/thumb/v7-m\libc.a(lib_a-impure.o)
                0x20070130                _impure_ptr
 *fill*         0x20070134        0x4 
 .data.impure_data
                0x20070138      0x428 c:/program files (x86)/atmel/studio/7.0/toolchain/arm/arm-gnu-toolchain/bin/../lib/gcc/arm-none-eabi/6.2.1/../../../../arm-none-eabi/lib/thumb/v7-m\libc.a(lib_a-impure.o)
 .data.__malloc_av_
                0x20070560      0x408 c:/program files (x86)/atmel/studio/7.0/toolchain/arm/arm-gnu-toolchain/bin/../lib/gcc/arm-none-eabi/6.2.1/../../../../arm-none-eabi/lib/thumb/v7-m\libc.a(lib_a-mallocr.o)
                0x20070560                __malloc_av_
 .data.__malloc_sbrk_base
                0x20070968        0x4 c:/program files (x86)/atmel/studio/7.0/toolchain/arm/arm-gnu-toolchain/bin/../lib/gcc/arm-none-eabi/6.2.1/../../../../arm-none-eabi/lib/thumb/v7-m\libc.a(lib_a-mallocr.o)
                0x20070968                __malloc_sbrk_base
 .data.__malloc_trim_threshold
                0x2007096c        0x4 c:/program files (x86)/atmel/studio/7.0/toolchain/arm/arm-gnu-toolchain/bin/../lib/gcc/arm-none-eabi/6.2.1/../../../../arm-none-eabi/lib/thumb/v7-m\libc.a(lib_a-mallocr.o)
                0x2007096c                __malloc_trim_threshold
                0x20070970                . = ALIGN (0x4)
                0x20070970                _erelocate = .

.bss            0x20070970     0x1ae0 load address 0x00084e88
                0x20070970                . = ALIGN (0x4)
                0x20070970                _sbss = .
                0x20070970                _szero = .
 *(.bss .bss.*)
 .bss           0x20070970       0x1c c:/program files (x86)/atmel/studio/7.0/toolchain/arm/arm-gnu-toolchain/bin/../lib/gcc/arm-none-eabi/6.2.1/thumb/v7-m/crtbegin.o
 .bss.heap.5277
                0x2007098c        0x4 src/ASF/sam/utils/syscalls/gcc/syscalls.o
 .bss.__malloc_current_mallinfo
                0x20070990       0x28 c:/program files (x86)/atmel/studio/7.0/toolchain/arm/arm-gnu-toolchain/bin/../lib/gcc/arm-none-eabi/6.2.1/../../../../arm-none-eabi/lib/thumb/v7-m\libc.a(lib_a-mallocr.o)
                0x20070990                __malloc_current_mallinfo
 .bss.__malloc_max_sbrked_mem
                0x200709b8        0x4 c:/program files (x86)/atmel/studio/7.0/toolchain/arm/arm-gnu-toolchain/bin/../lib/gcc/arm-none-eabi/6.2.1/../../../../arm-none-eabi/lib/thumb/v7-m\libc.a(lib_a-mallocr.o)
                0x200709b8                __malloc_max_sbrked_mem
 .bss.__malloc_max_total_mem
                0x200709bc        0x4 c:/program files (x86)/atmel/studio/7.0/toolchain/arm/arm-gnu-toolchain/bin/../lib/gcc/arm-none-eabi/6.2.1/../../../../arm-none-eabi/lib/thumb/v7-m\libc.a(lib_a-mallocr.o)
                0x200709bc                __malloc_max_total_mem
 .bss.__malloc_top_pad
                0x200709c0        0x4 c:/program files (x86)/atmel/studio/7.0/toolchain/arm/arm-gnu-toolchain/bin/../lib/gcc/arm-none-eabi/6.2.1/../../../../arm-none-eabi/lib/thumb/v7-m\libc.a(lib_a-mallocr.o)
                0x200709c0                __malloc_top_pad
 *(COMMON)
 COMMON         0x200709c4     0x1a88 src/include/ADC.o
                0x200709c4                IgnitionDegree
                0x200709c6                InjectorOpenTime
                0x200709c8                CrankTimerCounts
                0x200709cc                DwellFirstInterval
                0x200709d0                CamCurrCycleCounts
                0x200709d4                TxStringTail
                0x200709d6                WriteFlag
                0x200709d8                LastCrankRevCounts
                0x200709dc                TxStringHead
                0x200709e0                CrankRevCounts
                0x200709e4                engine_config6
                0x20070a24                CurrPage
                0x20070a28                DebugCounter
                0x20070a2c                CrankCurrCycleCounts
                0x20070a30                TC8_Overflow
                0x20070a31                DwellSecondFlag
                0x20070a34                TxString
                0x20070e34                cylinder
                0x20071054                VE
                0x20071064                engine_config9
                0x20071124                engine_config2
                0x20071170                engine_config4
                0x200711b0                TachEvents
                0x200711b4                RxString
                0x200715b4                engine_realtime
                0x200715d8                CamTimerCounts
                0x200715dc                RxFlag
                0x200715e0                PdcInterface
                0x200715e4                debug_cylinder
                0x20071664                DwellSecondTach
                0x20071666                RxStringTail
                0x20071668                CltAdc_LUT
                0x20071a68                RxStringHead
                0x20071a6a                TachEventDelayTeeths
                0x20071a6c                AdcData
                0x20071ac6                TachCrankDegreeInterval
                0x20071ac8                GlobalTimerFreqUARTScaler
                0x20071acc                IgnitionDwellLimit
                0x20071ad0                debug_cylinders
                0x20071ad8                CrankSecondInterval
                0x20071adc                CrankSecondTach
                0x20071ae0                AdcMedianCounter
                0x20071af0                GlobalTimerFreqADCScaler
                0x20071af4                IatAdc_LUT
                0x20071ef4                IgnATDC
                0x20071ef5                OffsetFlag
                0x20071ef6                Offset1
                0x20071ef7                CrankNewCycleFlag
                0x20071ef8                AFR
                0x20071f08                Offset2
                0x20071f0c                DwellSecondInterval
                0x20071f10                GlobalTimerFreqTelemetryScaler
                0x20071f14                isDebug
                0x20071f18                engine_config7
                0x20071f58                PIOAHandlerTimeInCounts
                0x20071f5c                CrankFirstTach
                0x20071f60                IGN
                0x20071f70                CrankToothDegreeInterval
                0x20071f74                CamSignalFlag
                0x20071f78                CrankToothCounter
                0x20071f7c                AdcFlag
                0x20071f80                AdcChannels
                0x20071f88                AfrAdc_LUT
                0x20072388                DwellFirstFlag
                0x20072389                CrankTooth
                0x2007238c                engine_config8
                0x2007242c                DwellFirstTach
                0x20072430                CrankPrevCycleCounts
                0x20072434                PdcTxPacket
                0x2007243c                CrankSignalFlag
                0x2007243d                NewPageFlag
                0x2007243e                TachPulse
                0x20072440                millis
                0x20072444                DwellDegree
                0x20072448                CrankFirstInterval
 COMMON         0x2007244c        0x4 c:/program files (x86)/atmel/studio/7.0/toolchain/arm/arm-gnu-toolchain/bin/../lib/gcc/arm-none-eabi/6.2.1/../../../../arm-none-eabi/lib/thumb/v7-m\libc.a(lib_a-reent.o)
                0x2007244c                errno
                0x20072450                . = ALIGN (0x4)
                0x20072450                _ebss = .
                0x20072450                _ezero = .

.stack          0x20072450     0x2000 load address 0x00086968
                0x20072450                . = ALIGN (0x8)
                0x20072450                _sstack = .
                0x20074450                . = (. + __stack_size__)
 *fill*         0x20072450     0x2000 
                0x20074450                . = ALIGN (0x8)
                0x20074450                _estack = .
                0x20074450                . = ALIGN (0x4)
                0x20074450                _end = .
OUTPUT(RUthless_ECU.elf elf32-littlearm)

.ARM.attributes
                0x00000000       0x29
 .ARM.attributes
                0x00000000       0x1d c:/program files (x86)/atmel/studio/7.0/toolchain/arm/arm-gnu-toolchain/bin/../lib/gcc/arm-none-eabi/6.2.1/thumb/v7-m/crti.o
 .ARM.attributes
                0x0000001d       0x2d c:/program files (x86)/atmel/studio/7.0/toolchain/arm/arm-gnu-toolchain/bin/../lib/gcc/arm-none-eabi/6.2.1/thumb/v7-m/crtbegin.o
 .ARM.attributes
                0x0000004a       0x33 src/ASF/common/components/memory/eeprom/at24cxx/at24cxx.o
 .ARM.attributes
                0x0000007d       0x33 src/ASF/sam/drivers/adc/adc.o
 .ARM.attributes
                0x000000b0       0x33 src/ASF/common/services/clock/sam3x/sysclk.o
 .ARM.attributes
                0x000000e3       0x33 src/ASF/sam/boards/arduino_due_x/init.o
 .ARM.attributes
                0x00000116       0x33 src/ASF/sam/drivers/pdc/pdc.o
 .ARM.attributes
                0x00000149       0x33 src/ASF/sam/drivers/pio/pio.o
 .ARM.attributes
                0x0000017c       0x33 src/ASF/sam/drivers/pmc/pmc.o
 .ARM.attributes
                0x000001af       0x33 src/ASF/sam/drivers/tc/tc.o
 .ARM.attributes
                0x000001e2       0x33 src/ASF/sam/drivers/twi/twi.o
 .ARM.attributes
                0x00000215       0x33 src/ASF/sam/utils/cmsis/sam3x/source/templates/exceptions.o
 .ARM.attributes
                0x00000248       0x33 src/ASF/sam/utils/cmsis/sam3x/source/templates/gcc/startup_sam3x.o
 .ARM.attributes
                0x0000027b       0x33 src/ASF/sam/utils/cmsis/sam3x/source/templates/system_sam3x.o
 .ARM.attributes
                0x000002ae       0x33 src/ASF/sam/utils/syscalls/gcc/syscalls.o
 .ARM.attributes
                0x000002e1       0x33 src/include/ADC.o
 .ARM.attributes
                0x00000314       0x33 src/include/decoders.o
 .ARM.attributes
                0x00000347       0x33 src/include/eeprom.o
 .ARM.attributes
                0x0000037a       0x33 src/include/fuelcalc.o
 .ARM.attributes
                0x000003ad       0x33 src/include/global.o
 .ARM.attributes
                0x000003e0       0x33 src/include/igncalc.o
 .ARM.attributes
                0x00000413       0x33 src/include/interrupts.o
 .ARM.attributes
                0x00000446       0x33 src/include/math.o
 .ARM.attributes
                0x00000479       0x33 src/include/sensors.o
 .ARM.attributes
                0x000004ac       0x33 src/include/storage.o
 .ARM.attributes
                0x000004df       0x33 src/include/tables.o
 .ARM.attributes
                0x00000512       0x33 src/include/timers.o
 .ARM.attributes
                0x00000545       0x33 src/include/tunerstudiocomm.o
 .ARM.attributes
                0x00000578       0x33 src/include/uart.o
 .ARM.attributes
                0x000005ab       0x33 src/main.o
 .ARM.attributes
                0x000005de       0x1d c:/program files (x86)/atmel/studio/7.0/toolchain/arm/arm-gnu-toolchain/bin/../lib/gcc/arm-none-eabi/6.2.1/thumb/v7-m\libgcc.a(_arm_addsubdf3.o)
 .ARM.attributes
                0x000005fb       0x1d c:/program files (x86)/atmel/studio/7.0/toolchain/arm/arm-gnu-toolchain/bin/../lib/gcc/arm-none-eabi/6.2.1/thumb/v7-m\libgcc.a(_arm_muldivdf3.o)
 .ARM.attributes
                0x00000618       0x1d c:/program files (x86)/atmel/studio/7.0/toolchain/arm/arm-gnu-toolchain/bin/../lib/gcc/arm-none-eabi/6.2.1/thumb/v7-m\libgcc.a(_arm_fixunsdfsi.o)
 .ARM.attributes
                0x00000635       0x1d c:/program files (x86)/atmel/studio/7.0/toolchain/arm/arm-gnu-toolchain/bin/../lib/gcc/arm-none-eabi/6.2.1/thumb/v7-m\libgcc.a(_aeabi_uldivmod.o)
 .ARM.attributes
                0x00000652       0x2d c:/program files (x86)/atmel/studio/7.0/toolchain/arm/arm-gnu-toolchain/bin/../lib/gcc/arm-none-eabi/6.2.1/thumb/v7-m\libgcc.a(_udivmoddi4.o)
 .ARM.attributes
                0x0000067f       0x1d c:/program files (x86)/atmel/studio/7.0/toolchain/arm/arm-gnu-toolchain/bin/../lib/gcc/arm-none-eabi/6.2.1/thumb/v7-m\libgcc.a(_dvmd_tls.o)
 .ARM.attributes
                0x0000069c       0x2d c:/program files (x86)/atmel/studio/7.0/toolchain/arm/arm-gnu-toolchain/bin/../lib/gcc/arm-none-eabi/6.2.1/../../../../arm-none-eabi/lib/thumb/v7-m\libc.a(lib_a-impure.o)
 .ARM.attributes
                0x000006c9       0x2d c:/program files (x86)/atmel/studio/7.0/toolchain/arm/arm-gnu-toolchain/bin/../lib/gcc/arm-none-eabi/6.2.1/../../../../arm-none-eabi/lib/thumb/v7-m\libc.a(lib_a-init.o)
 .ARM.attributes
                0x000006f6       0x2d c:/program files (x86)/atmel/studio/7.0/toolchain/arm/arm-gnu-toolchain/bin/../lib/gcc/arm-none-eabi/6.2.1/../../../../arm-none-eabi/lib/thumb/v7-m\libc.a(lib_a-malloc.o)
 .ARM.attributes
                0x00000723       0x2d c:/program files (x86)/atmel/studio/7.0/toolchain/arm/arm-gnu-toolchain/bin/../lib/gcc/arm-none-eabi/6.2.1/../../../../arm-none-eabi/lib/thumb/v7-m\libc.a(lib_a-mallocr.o)
 .ARM.attributes
                0x00000750       0x2d c:/program files (x86)/atmel/studio/7.0/toolchain/arm/arm-gnu-toolchain/bin/../lib/gcc/arm-none-eabi/6.2.1/../../../../arm-none-eabi/lib/thumb/v7-m\libc.a(lib_a-mlock.o)
 .ARM.attributes
                0x0000077d       0x2d c:/program files (x86)/atmel/studio/7.0/toolchain/arm/arm-gnu-toolchain/bin/../lib/gcc/arm-none-eabi/6.2.1/../../../../arm-none-eabi/lib/thumb/v7-m\libc.a(lib_a-sbrkr.o)
 .ARM.attributes
                0x000007aa       0x2d c:/program files (x86)/atmel/studio/7.0/toolchain/arm/arm-gnu-toolchain/bin/../lib/gcc/arm-none-eabi/6.2.1/../../../../arm-none-eabi/lib/thumb/v7-m\libc.a(lib_a-__call_atexit.o)
 .ARM.attributes
                0x000007d7       0x2d c:/program files (x86)/atmel/studio/7.0/toolchain/arm/arm-gnu-toolchain/bin/../lib/gcc/arm-none-eabi/6.2.1/../../../../arm-none-eabi/lib/thumb/v7-m\libc.a(lib_a-atexit.o)
 .ARM.attributes
                0x00000804       0x2d c:/program files (x86)/atmel/studio/7.0/toolchain/arm/arm-gnu-toolchain/bin/../lib/gcc/arm-none-eabi/6.2.1/../../../../arm-none-eabi/lib/thumb/v7-m\libc.a(lib_a-fini.o)
 .ARM.attributes
                0x00000831       0x2d c:/program files (x86)/atmel/studio/7.0/toolchain/arm/arm-gnu-toolchain/bin/../lib/gcc/arm-none-eabi/6.2.1/../../../../arm-none-eabi/lib/thumb/v7-m\libc.a(lib_a-freer.o)
 .ARM.attributes
                0x0000085e       0x2d c:/program files (x86)/atmel/studio/7.0/toolchain/arm/arm-gnu-toolchain/bin/../lib/gcc/arm-none-eabi/6.2.1/../../../../arm-none-eabi/lib/thumb/v7-m\libc.a(lib_a-reent.o)
 .ARM.attributes
                0x0000088b       0x2d c:/program files (x86)/atmel/studio/7.0/toolchain/arm/arm-gnu-toolchain/bin/../lib/gcc/arm-none-eabi/6.2.1/../../../../arm-none-eabi/lib/thumb/v7-m\libc.a(lib_a-__atexit.o)
 .ARM.attributes
                0x000008b8       0x1d c:/program files (x86)/atmel/studio/7.0/toolchain/arm/arm-gnu-toolchain/bin/../lib/gcc/arm-none-eabi/6.2.1/thumb/v7-m/crtn.o

.comment        0x00000000       0x59
 .comment       0x00000000       0x59 src/ASF/common/components/memory/eeprom/at24cxx/at24cxx.o
                                 0x5a (size before relaxing)
 .comment       0x00000059       0x5a src/ASF/sam/drivers/adc/adc.o
 .comment       0x00000059       0x5a src/ASF/common/services/clock/sam3x/sysclk.o
 .comment       0x00000059       0x5a src/ASF/sam/boards/arduino_due_x/init.o
 .comment       0x00000059       0x5a src/ASF/sam/drivers/pdc/pdc.o
 .comment       0x00000059       0x5a src/ASF/sam/drivers/pio/pio.o
 .comment       0x00000059       0x5a src/ASF/sam/drivers/pmc/pmc.o
 .comment       0x00000059       0x5a src/ASF/sam/drivers/tc/tc.o
 .comment       0x00000059       0x5a src/ASF/sam/drivers/twi/twi.o
 .comment       0x00000059       0x5a src/ASF/sam/utils/cmsis/sam3x/source/templates/exceptions.o
 .comment       0x00000059       0x5a src/ASF/sam/utils/cmsis/sam3x/source/templates/gcc/startup_sam3x.o
 .comment       0x00000059       0x5a src/ASF/sam/utils/cmsis/sam3x/source/templates/system_sam3x.o
 .comment       0x00000059       0x5a src/ASF/sam/utils/syscalls/gcc/syscalls.o
 .comment       0x00000059       0x5a src/include/ADC.o
 .comment       0x00000059       0x5a src/include/decoders.o
 .comment       0x00000059       0x5a src/include/eeprom.o
 .comment       0x00000059       0x5a src/include/fuelcalc.o
 .comment       0x00000059       0x5a src/include/global.o
 .comment       0x00000059       0x5a src/include/igncalc.o
 .comment       0x00000059       0x5a src/include/interrupts.o
 .comment       0x00000059       0x5a src/include/math.o
 .comment       0x00000059       0x5a src/include/sensors.o
 .comment       0x00000059       0x5a src/include/storage.o
 .comment       0x00000059       0x5a src/include/tables.o
 .comment       0x00000059       0x5a src/include/timers.o
 .comment       0x00000059       0x5a src/include/tunerstudiocomm.o
 .comment       0x00000059       0x5a src/include/uart.o
 .comment       0x00000059       0x5a src/main.o

.debug_info     0x00000000    0x37f97
 .debug_info    0x00000000     0x1a3b src/ASF/common/components/memory/eeprom/at24cxx/at24cxx.o
 .debug_info    0x00001a3b     0x1aeb src/ASF/sam/drivers/adc/adc.o
 .debug_info    0x00003526     0x11a1 src/ASF/common/services/clock/sam3x/sysclk.o
 .debug_info    0x000046c7     0x107e src/ASF/sam/boards/arduino_due_x/init.o
 .debug_info    0x00005745      0xdd6 src/ASF/sam/drivers/pdc/pdc.o
 .debug_info    0x0000651b     0x1c55 src/ASF/sam/drivers/pio/pio.o
 .debug_info    0x00008170     0x1989 src/ASF/sam/drivers/pmc/pmc.o
 .debug_info    0x00009af9     0x1254 src/ASF/sam/drivers/tc/tc.o
 .debug_info    0x0000ad4d     0x1446 src/ASF/sam/drivers/twi/twi.o
 .debug_info    0x0000c193      0xa2d src/ASF/sam/utils/cmsis/sam3x/source/templates/exceptions.o
 .debug_info    0x0000cbc0      0xd0f src/ASF/sam/utils/cmsis/sam3x/source/templates/gcc/startup_sam3x.o
 .debug_info    0x0000d8cf      0xdb6 src/ASF/sam/utils/cmsis/sam3x/source/templates/system_sam3x.o
 .debug_info    0x0000e685      0xda4 src/ASF/sam/utils/syscalls/gcc/syscalls.o
 .debug_info    0x0000f429     0x2cb6 src/include/ADC.o
 .debug_info    0x000120df     0x2a20 src/include/decoders.o
 .debug_info    0x00014aff     0x29a4 src/include/eeprom.o
 .debug_info    0x000174a3     0x2703 src/include/fuelcalc.o
 .debug_info    0x00019ba6     0x28ad src/include/global.o
 .debug_info    0x0001c453     0x2701 src/include/igncalc.o
 .debug_info    0x0001eb54     0x2f31 src/include/interrupts.o
 .debug_info    0x00021a85     0x2c7b src/include/math.o
 .debug_info    0x00024700     0x26e3 src/include/sensors.o
 .debug_info    0x00026de3     0x2601 src/include/storage.o
 .debug_info    0x000293e4     0x27ae src/include/tables.o
 .debug_info    0x0002bb92     0x3481 src/include/timers.o
 .debug_info    0x0002f013     0x3250 src/include/tunerstudiocomm.o
 .debug_info    0x00032263     0x2de3 src/include/uart.o
 .debug_info    0x00035046     0x2f51 src/main.o

.debug_abbrev   0x00000000     0x4f1c
 .debug_abbrev  0x00000000      0x3d5 src/ASF/common/components/memory/eeprom/at24cxx/at24cxx.o
 .debug_abbrev  0x000003d5      0x337 src/ASF/sam/drivers/adc/adc.o
 .debug_abbrev  0x0000070c      0x330 src/ASF/common/services/clock/sam3x/sysclk.o
 .debug_abbrev  0x00000a3c      0x262 src/ASF/sam/boards/arduino_due_x/init.o
 .debug_abbrev  0x00000c9e      0x230 src/ASF/sam/drivers/pdc/pdc.o
 .debug_abbrev  0x00000ece      0x3c7 src/ASF/sam/drivers/pio/pio.o
 .debug_abbrev  0x00001295      0x306 src/ASF/sam/drivers/pmc/pmc.o
 .debug_abbrev  0x0000159b      0x293 src/ASF/sam/drivers/tc/tc.o
 .debug_abbrev  0x0000182e      0x371 src/ASF/sam/drivers/twi/twi.o
 .debug_abbrev  0x00001b9f      0x1a4 src/ASF/sam/utils/cmsis/sam3x/source/templates/exceptions.o
 .debug_abbrev  0x00001d43      0x1f2 src/ASF/sam/utils/cmsis/sam3x/source/templates/gcc/startup_sam3x.o
 .debug_abbrev  0x00001f35      0x1f4 src/ASF/sam/utils/cmsis/sam3x/source/templates/system_sam3x.o
 .debug_abbrev  0x00002129      0x264 src/ASF/sam/utils/syscalls/gcc/syscalls.o
 .debug_abbrev  0x0000238d      0x2f9 src/include/ADC.o
 .debug_abbrev  0x00002686      0x2cd src/include/decoders.o
 .debug_abbrev  0x00002953      0x32f src/include/eeprom.o
 .debug_abbrev  0x00002c82      0x275 src/include/fuelcalc.o
 .debug_abbrev  0x00002ef7      0x2ba src/include/global.o
 .debug_abbrev  0x000031b1      0x285 src/include/igncalc.o
 .debug_abbrev  0x00003436      0x332 src/include/interrupts.o
 .debug_abbrev  0x00003768      0x370 src/include/math.o
 .debug_abbrev  0x00003ad8      0x256 src/include/sensors.o
 .debug_abbrev  0x00003d2e      0x281 src/include/storage.o
 .debug_abbrev  0x00003faf      0x287 src/include/tables.o
 .debug_abbrev  0x00004236      0x344 src/include/timers.o
 .debug_abbrev  0x0000457a      0x379 src/include/tunerstudiocomm.o
 .debug_abbrev  0x000048f3      0x382 src/include/uart.o
 .debug_abbrev  0x00004c75      0x2a7 src/main.o

.debug_loc      0x00000000     0x6bed
 .debug_loc     0x00000000      0x772 src/ASF/common/components/memory/eeprom/at24cxx/at24cxx.o
 .debug_loc     0x00000772      0x9a4 src/ASF/sam/drivers/adc/adc.o
 .debug_loc     0x00001116      0x183 src/ASF/common/services/clock/sam3x/sysclk.o
 .debug_loc     0x00001299       0x70 src/ASF/sam/boards/arduino_due_x/init.o
 .debug_loc     0x00001309      0x1c3 src/ASF/sam/drivers/pdc/pdc.o
 .debug_loc     0x000014cc      0xacc src/ASF/sam/drivers/pio/pio.o
 .debug_loc     0x00001f98      0xaeb src/ASF/sam/drivers/pmc/pmc.o
 .debug_loc     0x00002a83      0x5a4 src/ASF/sam/drivers/tc/tc.o
 .debug_loc     0x00003027      0xa21 src/ASF/sam/drivers/twi/twi.o
 .debug_loc     0x00003a48       0x6b src/ASF/sam/utils/cmsis/sam3x/source/templates/gcc/startup_sam3x.o
 .debug_loc     0x00003ab3       0xfd src/ASF/sam/utils/syscalls/gcc/syscalls.o
 .debug_loc     0x00003bb0      0x18e src/include/ADC.o
 .debug_loc     0x00003d3e      0x4da src/include/decoders.o
 .debug_loc     0x00004218      0x170 src/include/eeprom.o
 .debug_loc     0x00004388      0x1fe src/include/fuelcalc.o
 .debug_loc     0x00004586       0xd3 src/include/global.o
 .debug_loc     0x00004659      0x240 src/include/igncalc.o
 .debug_loc     0x00004899      0x3eb src/include/interrupts.o
 .debug_loc     0x00004c84      0xaab src/include/math.o
 .debug_loc     0x0000572f       0x79 src/include/sensors.o
 .debug_loc     0x000057a8       0xe3 src/include/storage.o
 .debug_loc     0x0000588b      0x21a src/include/tables.o
 .debug_loc     0x00005aa5      0x3a9 src/include/timers.o
 .debug_loc     0x00005e4e      0x8dd src/include/tunerstudiocomm.o
 .debug_loc     0x0000672b      0x424 src/include/uart.o
 .debug_loc     0x00006b4f       0x9e src/main.o

.debug_aranges  0x00000000      0xcd0
 .debug_aranges
                0x00000000       0x60 src/ASF/common/components/memory/eeprom/at24cxx/at24cxx.o
 .debug_aranges
                0x00000060      0x178 src/ASF/sam/drivers/adc/adc.o
 .debug_aranges
                0x000001d8       0x40 src/ASF/common/services/clock/sam3x/sysclk.o
 .debug_aranges
                0x00000218       0x20 src/ASF/sam/boards/arduino_due_x/init.o
 .debug_aranges
                0x00000238       0x88 src/ASF/sam/drivers/pdc/pdc.o
 .debug_aranges
                0x000002c0      0x148 src/ASF/sam/drivers/pio/pio.o
 .debug_aranges
                0x00000408      0x200 src/ASF/sam/drivers/pmc/pmc.o
 .debug_aranges
                0x00000608       0xd0 src/ASF/sam/drivers/tc/tc.o
 .debug_aranges
                0x000006d8       0xc8 src/ASF/sam/drivers/twi/twi.o
 .debug_aranges
                0x000007a0       0x20 src/ASF/sam/utils/cmsis/sam3x/source/templates/exceptions.o
 .debug_aranges
                0x000007c0       0x20 src/ASF/sam/utils/cmsis/sam3x/source/templates/gcc/startup_sam3x.o
 .debug_aranges
                0x000007e0       0x30 src/ASF/sam/utils/cmsis/sam3x/source/templates/system_sam3x.o
 .debug_aranges
                0x00000810       0x60 src/ASF/sam/utils/syscalls/gcc/syscalls.o
 .debug_aranges
                0x00000870       0x30 src/include/ADC.o
 .debug_aranges
                0x000008a0       0x40 src/include/decoders.o
 .debug_aranges
                0x000008e0       0x38 src/include/eeprom.o
 .debug_aranges
                0x00000918       0x28 src/include/fuelcalc.o
 .debug_aranges
                0x00000940       0x30 src/include/global.o
 .debug_aranges
                0x00000970       0x40 src/include/igncalc.o
 .debug_aranges
                0x000009b0       0x38 src/include/interrupts.o
 .debug_aranges
                0x000009e8       0x80 src/include/math.o
 .debug_aranges
                0x00000a68       0x28 src/include/sensors.o
 .debug_aranges
                0x00000a90       0x28 src/include/storage.o
 .debug_aranges
                0x00000ab8       0x38 src/include/tables.o
 .debug_aranges
                0x00000af0       0x80 src/include/timers.o
 .debug_aranges
                0x00000b70       0xa0 src/include/tunerstudiocomm.o
 .debug_aranges
                0x00000c10       0x98 src/include/uart.o
 .debug_aranges
                0x00000ca8       0x28 src/main.o

.debug_ranges   0x00000000      0xc38
 .debug_ranges  0x00000000       0x68 src/ASF/common/components/memory/eeprom/at24cxx/at24cxx.o
 .debug_ranges  0x00000068      0x168 src/ASF/sam/drivers/adc/adc.o
 .debug_ranges  0x000001d0       0x30 src/ASF/common/services/clock/sam3x/sysclk.o
 .debug_ranges  0x00000200       0x10 src/ASF/sam/boards/arduino_due_x/init.o
 .debug_ranges  0x00000210       0x78 src/ASF/sam/drivers/pdc/pdc.o
 .debug_ranges  0x00000288      0x150 src/ASF/sam/drivers/pio/pio.o
 .debug_ranges  0x000003d8      0x1f0 src/ASF/sam/drivers/pmc/pmc.o
 .debug_ranges  0x000005c8       0xc0 src/ASF/sam/drivers/tc/tc.o
 .debug_ranges  0x00000688       0xb8 src/ASF/sam/drivers/twi/twi.o
 .debug_ranges  0x00000740       0x10 src/ASF/sam/utils/cmsis/sam3x/source/templates/exceptions.o
 .debug_ranges  0x00000750       0x10 src/ASF/sam/utils/cmsis/sam3x/source/templates/gcc/startup_sam3x.o
 .debug_ranges  0x00000760       0x20 src/ASF/sam/utils/cmsis/sam3x/source/templates/system_sam3x.o
 .debug_ranges  0x00000780       0x50 src/ASF/sam/utils/syscalls/gcc/syscalls.o
 .debug_ranges  0x000007d0       0x38 src/include/ADC.o
 .debug_ranges  0x00000808       0x30 src/include/decoders.o
 .debug_ranges  0x00000838       0x40 src/include/eeprom.o
 .debug_ranges  0x00000878       0x18 src/include/fuelcalc.o
 .debug_ranges  0x00000890       0x38 src/include/global.o
 .debug_ranges  0x000008c8       0x30 src/include/igncalc.o
 .debug_ranges  0x000008f8       0x40 src/include/interrupts.o
 .debug_ranges  0x00000938       0xa8 src/include/math.o
 .debug_ranges  0x000009e0       0x18 src/include/sensors.o
 .debug_ranges  0x000009f8       0x18 src/include/storage.o
 .debug_ranges  0x00000a10       0x28 src/include/tables.o
 .debug_ranges  0x00000a38       0x70 src/include/timers.o
 .debug_ranges  0x00000aa8       0x90 src/include/tunerstudiocomm.o
 .debug_ranges  0x00000b38       0xd0 src/include/uart.o
 .debug_ranges  0x00000c08       0x30 src/main.o

.debug_macro    0x00000000    0x1ebb1
 .debug_macro   0x00000000      0x636 src/ASF/common/components/memory/eeprom/at24cxx/at24cxx.o
 .debug_macro   0x00000636      0x8c8 src/ASF/common/components/memory/eeprom/at24cxx/at24cxx.o
 .debug_macro   0x00000efe      0x16d src/ASF/common/components/memory/eeprom/at24cxx/at24cxx.o
 .debug_macro   0x0000106b      0x652 src/ASF/common/components/memory/eeprom/at24cxx/at24cxx.o
 .debug_macro   0x000016bd       0x76 src/ASF/common/components/memory/eeprom/at24cxx/at24cxx.o
 .debug_macro   0x00001733       0x16 src/ASF/common/components/memory/eeprom/at24cxx/at24cxx.o
 .debug_macro   0x00001749      0x6e4 src/ASF/common/components/memory/eeprom/at24cxx/at24cxx.o
 .debug_macro   0x00001e2d       0x22 src/ASF/common/components/memory/eeprom/at24cxx/at24cxx.o
 .debug_macro   0x00001e4f       0x87 src/ASF/common/components/memory/eeprom/at24cxx/at24cxx.o
 .debug_macro   0x00001ed6       0x51 src/ASF/common/components/memory/eeprom/at24cxx/at24cxx.o
 .debug_macro   0x00001f27       0xef src/ASF/common/components/memory/eeprom/at24cxx/at24cxx.o
 .debug_macro   0x00002016       0x6a src/ASF/common/components/memory/eeprom/at24cxx/at24cxx.o
 .debug_macro   0x00002080      0x1df src/ASF/common/components/memory/eeprom/at24cxx/at24cxx.o
 .debug_macro   0x0000225f       0x20 src/ASF/common/components/memory/eeprom/at24cxx/at24cxx.o
 .debug_macro   0x0000227f       0x3a src/ASF/common/components/memory/eeprom/at24cxx/at24cxx.o
 .debug_macro   0x000022b9       0x2d src/ASF/common/components/memory/eeprom/at24cxx/at24cxx.o
 .debug_macro   0x000022e6      0xbb1 src/ASF/common/components/memory/eeprom/at24cxx/at24cxx.o
 .debug_macro   0x00002e97      0xab6 src/ASF/common/components/memory/eeprom/at24cxx/at24cxx.o
 .debug_macro   0x0000394d      0x569 src/ASF/common/components/memory/eeprom/at24cxx/at24cxx.o
 .debug_macro   0x00003eb6      0x2b5 src/ASF/common/components/memory/eeprom/at24cxx/at24cxx.o
 .debug_macro   0x0000416b      0x31a src/ASF/common/components/memory/eeprom/at24cxx/at24cxx.o
 .debug_macro   0x00004485      0x74f src/ASF/common/components/memory/eeprom/at24cxx/at24cxx.o
 .debug_macro   0x00004bd4       0x82 src/ASF/common/components/memory/eeprom/at24cxx/at24cxx.o
 .debug_macro   0x00004c56      0x57b src/ASF/common/components/memory/eeprom/at24cxx/at24cxx.o
 .debug_macro   0x000051d1       0x1c src/ASF/common/components/memory/eeprom/at24cxx/at24cxx.o
 .debug_macro   0x000051ed      0x6b7 src/ASF/common/components/memory/eeprom/at24cxx/at24cxx.o
 .debug_macro   0x000058a4      0x52d src/ASF/common/components/memory/eeprom/at24cxx/at24cxx.o
 .debug_macro   0x00005dd1       0xbe src/ASF/common/components/memory/eeprom/at24cxx/at24cxx.o
 .debug_macro   0x00005e8f     0x2342 src/ASF/common/components/memory/eeprom/at24cxx/at24cxx.o
 .debug_macro   0x000081d1      0x85d src/ASF/common/components/memory/eeprom/at24cxx/at24cxx.o
 .debug_macro   0x00008a2e      0xdc9 src/ASF/common/components/memory/eeprom/at24cxx/at24cxx.o
 .debug_macro   0x000097f7       0x7c src/ASF/common/components/memory/eeprom/at24cxx/at24cxx.o
 .debug_macro   0x00009873      0x263 src/ASF/common/components/memory/eeprom/at24cxx/at24cxx.o
 .debug_macro   0x00009ad6       0x58 src/ASF/common/components/memory/eeprom/at24cxx/at24cxx.o
 .debug_macro   0x00009b2e      0x9a7 src/ASF/common/components/memory/eeprom/at24cxx/at24cxx.o
 .debug_macro   0x0000a4d5      0x248 src/ASF/common/components/memory/eeprom/at24cxx/at24cxx.o
 .debug_macro   0x0000a71d      0x4df src/ASF/common/components/memory/eeprom/at24cxx/at24cxx.o
 .debug_macro   0x0000abfc      0x6b3 src/ASF/common/components/memory/eeprom/at24cxx/at24cxx.o
 .debug_macro   0x0000b2af      0x59f src/ASF/common/components/memory/eeprom/at24cxx/at24cxx.o
 .debug_macro   0x0000b84e       0x46 src/ASF/common/components/memory/eeprom/at24cxx/at24cxx.o
 .debug_macro   0x0000b894      0x34d src/ASF/common/components/memory/eeprom/at24cxx/at24cxx.o
 .debug_macro   0x0000bbe1      0x28c src/ASF/common/components/memory/eeprom/at24cxx/at24cxx.o
 .debug_macro   0x0000be6d     0x14d7 src/ASF/common/components/memory/eeprom/at24cxx/at24cxx.o
 .debug_macro   0x0000d344      0x7ba src/ASF/common/components/memory/eeprom/at24cxx/at24cxx.o
 .debug_macro   0x0000dafe       0x76 src/ASF/common/components/memory/eeprom/at24cxx/at24cxx.o
 .debug_macro   0x0000db74       0x82 src/ASF/common/components/memory/eeprom/at24cxx/at24cxx.o
 .debug_macro   0x0000dbf6       0x76 src/ASF/common/components/memory/eeprom/at24cxx/at24cxx.o
 .debug_macro   0x0000dc6c       0x4c src/ASF/common/components/memory/eeprom/at24cxx/at24cxx.o
 .debug_macro   0x0000dcb8      0x105 src/ASF/common/components/memory/eeprom/at24cxx/at24cxx.o
 .debug_macro   0x0000ddbd      0x105 src/ASF/common/components/memory/eeprom/at24cxx/at24cxx.o
 .debug_macro   0x0000dec2      0x105 src/ASF/common/components/memory/eeprom/at24cxx/at24cxx.o
 .debug_macro   0x0000dfc7       0x88 src/ASF/common/components/memory/eeprom/at24cxx/at24cxx.o
 .debug_macro   0x0000e04f       0x88 src/ASF/common/components/memory/eeprom/at24cxx/at24cxx.o
 .debug_macro   0x0000e0d7      0x3b4 src/ASF/common/components/memory/eeprom/at24cxx/at24cxx.o
 .debug_macro   0x0000e48b       0xb8 src/ASF/common/components/memory/eeprom/at24cxx/at24cxx.o
 .debug_macro   0x0000e543       0xb8 src/ASF/common/components/memory/eeprom/at24cxx/at24cxx.o
 .debug_macro   0x0000e5fb       0xb8 src/ASF/common/components/memory/eeprom/at24cxx/at24cxx.o
 .debug_macro   0x0000e6b3       0xb8 src/ASF/common/components/memory/eeprom/at24cxx/at24cxx.o
 .debug_macro   0x0000e76b      0x2b8 src/ASF/common/components/memory/eeprom/at24cxx/at24cxx.o
 .debug_macro   0x0000ea23      0x125 src/ASF/common/components/memory/eeprom/at24cxx/at24cxx.o
 .debug_macro   0x0000eb48      0x225 src/ASF/common/components/memory/eeprom/at24cxx/at24cxx.o
 .debug_macro   0x0000ed6d      0x225 src/ASF/common/components/memory/eeprom/at24cxx/at24cxx.o
 .debug_macro   0x0000ef92       0x2e src/ASF/common/components/memory/eeprom/at24cxx/at24cxx.o
 .debug_macro   0x0000efc0       0xac src/ASF/common/components/memory/eeprom/at24cxx/at24cxx.o
 .debug_macro   0x0000f06c      0x14d src/ASF/common/components/memory/eeprom/at24cxx/at24cxx.o
 .debug_macro   0x0000f1b9       0x7c src/ASF/common/components/memory/eeprom/at24cxx/at24cxx.o
 .debug_macro   0x0000f235      0x205 src/ASF/common/components/memory/eeprom/at24cxx/at24cxx.o
 .debug_macro   0x0000f43a       0x64 src/ASF/common/components/memory/eeprom/at24cxx/at24cxx.o
 .debug_macro   0x0000f49e       0xa6 src/ASF/common/components/memory/eeprom/at24cxx/at24cxx.o
 .debug_macro   0x0000f544       0x7c src/ASF/common/components/memory/eeprom/at24cxx/at24cxx.o
 .debug_macro   0x0000f5c0       0x16 src/ASF/common/components/memory/eeprom/at24cxx/at24cxx.o
 .debug_macro   0x0000f5d6       0x22 src/ASF/common/components/memory/eeprom/at24cxx/at24cxx.o
 .debug_macro   0x0000f5f8       0x22 src/ASF/common/components/memory/eeprom/at24cxx/at24cxx.o
 .debug_macro   0x0000f61a      0x115 src/ASF/common/components/memory/eeprom/at24cxx/at24cxx.o
 .debug_macro   0x0000f72f      0x115 src/ASF/common/components/memory/eeprom/at24cxx/at24cxx.o
 .debug_macro   0x0000f844      0x115 src/ASF/common/components/memory/eeprom/at24cxx/at24cxx.o
 .debug_macro   0x0000f959      0x115 src/ASF/common/components/memory/eeprom/at24cxx/at24cxx.o
 .debug_macro   0x0000fa6e       0x1c src/ASF/common/components/memory/eeprom/at24cxx/at24cxx.o
 .debug_macro   0x0000fa8a       0x2e src/ASF/common/components/memory/eeprom/at24cxx/at24cxx.o
 .debug_macro   0x0000fab8       0x22 src/ASF/common/components/memory/eeprom/at24cxx/at24cxx.o
 .debug_macro   0x0000fada       0x1c src/ASF/common/components/memory/eeprom/at24cxx/at24cxx.o
 .debug_macro   0x0000faf6       0x58 src/ASF/common/components/memory/eeprom/at24cxx/at24cxx.o
 .debug_macro   0x0000fb4e       0x10 src/ASF/common/components/memory/eeprom/at24cxx/at24cxx.o
 .debug_macro   0x0000fb5e      0x273 src/ASF/common/components/memory/eeprom/at24cxx/at24cxx.o
 .debug_macro   0x0000fdd1      0xd43 src/ASF/common/components/memory/eeprom/at24cxx/at24cxx.o
 .debug_macro   0x00010b14      0x131 src/ASF/common/components/memory/eeprom/at24cxx/at24cxx.o
 .debug_macro   0x00010c45       0x52 src/ASF/common/components/memory/eeprom/at24cxx/at24cxx.o
 .debug_macro   0x00010c97       0x35 src/ASF/common/components/memory/eeprom/at24cxx/at24cxx.o
 .debug_macro   0x00010ccc       0x9c src/ASF/common/components/memory/eeprom/at24cxx/at24cxx.o
 .debug_macro   0x00010d68       0x16 src/ASF/common/components/memory/eeprom/at24cxx/at24cxx.o
 .debug_macro   0x00010d7e       0x35 src/ASF/common/components/memory/eeprom/at24cxx/at24cxx.o
 .debug_macro   0x00010db3      0x330 src/ASF/common/components/memory/eeprom/at24cxx/at24cxx.o
 .debug_macro   0x000110e3       0x10 src/ASF/common/components/memory/eeprom/at24cxx/at24cxx.o
 .debug_macro   0x000110f3       0x52 src/ASF/common/components/memory/eeprom/at24cxx/at24cxx.o
 .debug_macro   0x00011145       0x1f src/ASF/common/components/memory/eeprom/at24cxx/at24cxx.o
 .debug_macro   0x00011164       0x43 src/ASF/common/components/memory/eeprom/at24cxx/at24cxx.o
 .debug_macro   0x000111a7       0x20 src/ASF/common/components/memory/eeprom/at24cxx/at24cxx.o
 .debug_macro   0x000111c7      0x187 src/ASF/common/components/memory/eeprom/at24cxx/at24cxx.o
 .debug_macro   0x0001134e       0x10 src/ASF/common/components/memory/eeprom/at24cxx/at24cxx.o
 .debug_macro   0x0001135e       0x1c src/ASF/common/components/memory/eeprom/at24cxx/at24cxx.o
 .debug_macro   0x0001137a       0x52 src/ASF/common/components/memory/eeprom/at24cxx/at24cxx.o
 .debug_macro   0x000113cc       0x40 src/ASF/common/components/memory/eeprom/at24cxx/at24cxx.o
 .debug_macro   0x0001140c       0x10 src/ASF/common/components/memory/eeprom/at24cxx/at24cxx.o
 .debug_macro   0x0001141c       0x40 src/ASF/common/components/memory/eeprom/at24cxx/at24cxx.o
 .debug_macro   0x0001145c       0xd7 src/ASF/common/components/memory/eeprom/at24cxx/at24cxx.o
 .debug_macro   0x00011533       0x16 src/ASF/common/components/memory/eeprom/at24cxx/at24cxx.o
 .debug_macro   0x00011549      0x18b src/ASF/common/components/memory/eeprom/at24cxx/at24cxx.o
 .debug_macro   0x000116d4       0x22 src/ASF/common/components/memory/eeprom/at24cxx/at24cxx.o
 .debug_macro   0x000116f6       0x16 src/ASF/common/components/memory/eeprom/at24cxx/at24cxx.o
 .debug_macro   0x0001170c       0x16 src/ASF/common/components/memory/eeprom/at24cxx/at24cxx.o
 .debug_macro   0x00011722       0x29 src/ASF/common/components/memory/eeprom/at24cxx/at24cxx.o
 .debug_macro   0x0001174b       0x75 src/ASF/common/components/memory/eeprom/at24cxx/at24cxx.o
 .debug_macro   0x000117c0       0x45 src/ASF/common/components/memory/eeprom/at24cxx/at24cxx.o
 .debug_macro   0x00011805      0x3ca src/ASF/common/components/memory/eeprom/at24cxx/at24cxx.o
 .debug_macro   0x00011bcf       0x4c src/ASF/common/components/memory/eeprom/at24cxx/at24cxx.o
 .debug_macro   0x00011c1b       0x34 src/ASF/common/components/memory/eeprom/at24cxx/at24cxx.o
 .debug_macro   0x00011c4f      0x2bf src/ASF/common/components/memory/eeprom/at24cxx/at24cxx.o
 .debug_macro   0x00011f0e      0x790 src/ASF/common/components/memory/eeprom/at24cxx/at24cxx.o
 .debug_macro   0x0001269e       0x5e src/ASF/common/components/memory/eeprom/at24cxx/at24cxx.o
 .debug_macro   0x000126fc       0x64 src/ASF/common/components/memory/eeprom/at24cxx/at24cxx.o
 .debug_macro   0x00012760       0x5f src/ASF/common/components/memory/eeprom/at24cxx/at24cxx.o
 .debug_macro   0x000127bf       0x90 src/ASF/common/components/memory/eeprom/at24cxx/at24cxx.o
 .debug_macro   0x0001284f       0x10 src/ASF/common/components/memory/eeprom/at24cxx/at24cxx.o
 .debug_macro   0x0001285f       0x3a src/ASF/common/components/memory/eeprom/at24cxx/at24cxx.o
 .debug_macro   0x00012899       0x70 src/ASF/common/components/memory/eeprom/at24cxx/at24cxx.o
 .debug_macro   0x00012909       0x28 src/ASF/common/components/memory/eeprom/at24cxx/at24cxx.o
 .debug_macro   0x00012931       0x23 src/ASF/common/components/memory/eeprom/at24cxx/at24cxx.o
 .debug_macro   0x00012954      0x570 src/ASF/sam/drivers/adc/adc.o
 .debug_macro   0x00012ec4       0x1c src/ASF/sam/drivers/adc/adc.o
 .debug_macro   0x00012ee0      0x5d1 src/ASF/common/services/clock/sam3x/sysclk.o
 .debug_macro   0x000134b1      0x2b9 src/ASF/common/services/clock/sam3x/sysclk.o
 .debug_macro   0x0001376a      0x616 src/ASF/sam/boards/arduino_due_x/init.o
 .debug_macro   0x00013d80       0x16 src/ASF/sam/boards/arduino_due_x/init.o
 .debug_macro   0x00013d96       0x94 src/ASF/sam/boards/arduino_due_x/init.o
 .debug_macro   0x00013e2a       0x40 src/ASF/sam/boards/arduino_due_x/init.o
 .debug_macro   0x00013e6a       0x6a src/ASF/sam/boards/arduino_due_x/init.o
 .debug_macro   0x00013ed4      0x55a src/ASF/sam/drivers/pdc/pdc.o
 .debug_macro   0x0001442e      0x56b src/ASF/sam/drivers/pio/pio.o
 .debug_macro   0x00014999       0x8e src/ASF/sam/drivers/pio/pio.o
 .debug_macro   0x00014a27      0x565 src/ASF/sam/drivers/pmc/pmc.o
 .debug_macro   0x00014f8c       0x58 src/ASF/sam/drivers/pmc/pmc.o
 .debug_macro   0x00014fe4      0x56c src/ASF/sam/drivers/tc/tc.o
 .debug_macro   0x00015550       0x4c src/ASF/sam/drivers/tc/tc.o
 .debug_macro   0x0001559c       0x8d src/ASF/sam/drivers/tc/tc.o
 .debug_macro   0x00015629       0x16 src/ASF/sam/drivers/tc/tc.o
 .debug_macro   0x0001563f       0x57 src/ASF/sam/drivers/tc/tc.o
 .debug_macro   0x00015696       0x1c src/ASF/sam/drivers/tc/tc.o
 .debug_macro   0x000156b2      0x589 src/ASF/sam/drivers/twi/twi.o
 .debug_macro   0x00015c3b       0x46 src/ASF/sam/drivers/twi/twi.o
 .debug_macro   0x00015c81      0x564 src/ASF/sam/utils/cmsis/sam3x/source/templates/exceptions.o
 .debug_macro   0x000161e5      0x572 src/ASF/sam/utils/cmsis/sam3x/source/templates/gcc/startup_sam3x.o
 .debug_macro   0x00016757      0x572 src/ASF/sam/utils/cmsis/sam3x/source/templates/system_sam3x.o
 .debug_macro   0x00016cc9       0x26 src/ASF/sam/utils/cmsis/sam3x/source/templates/system_sam3x.o
 .debug_macro   0x00016cef      0x1d6 src/ASF/sam/utils/syscalls/gcc/syscalls.o
 .debug_macro   0x00016ec5       0x97 src/ASF/sam/utils/syscalls/gcc/syscalls.o
 .debug_macro   0x00016f5c       0xf6 src/ASF/sam/utils/syscalls/gcc/syscalls.o
 .debug_macro   0x00017052       0x4c src/ASF/sam/utils/syscalls/gcc/syscalls.o
 .debug_macro   0x0001709e       0x16 src/ASF/sam/utils/syscalls/gcc/syscalls.o
 .debug_macro   0x000170b4       0x10 src/ASF/sam/utils/syscalls/gcc/syscalls.o
 .debug_macro   0x000170c4       0x10 src/ASF/sam/utils/syscalls/gcc/syscalls.o
 .debug_macro   0x000170d4       0x35 src/ASF/sam/utils/syscalls/gcc/syscalls.o
 .debug_macro   0x00017109      0x122 src/ASF/sam/utils/syscalls/gcc/syscalls.o
 .debug_macro   0x0001722b      0x789 src/include/ADC.o
 .debug_macro   0x000179b4       0x16 src/include/ADC.o
 .debug_macro   0x000179ca      0x30b src/include/ADC.o
 .debug_macro   0x00017cd5       0x10 src/include/ADC.o
 .debug_macro   0x00017ce5       0x22 src/include/ADC.o
 .debug_macro   0x00017d07       0x16 src/include/ADC.o
 .debug_macro   0x00017d1d       0x1c src/include/ADC.o
 .debug_macro   0x00017d39       0x82 src/include/ADC.o
 .debug_macro   0x00017dbb       0x7c src/include/ADC.o
 .debug_macro   0x00017e37      0x77c src/include/decoders.o
 .debug_macro   0x000185b3      0x311 src/include/decoders.o
 .debug_macro   0x000188c4       0x82 src/include/decoders.o
 .debug_macro   0x00018946      0x79b src/include/eeprom.o
 .debug_macro   0x000190e1       0x7c src/include/eeprom.o
 .debug_macro   0x0001915d      0x783 src/include/fuelcalc.o
 .debug_macro   0x000198e0      0x77f src/include/global.o
 .debug_macro   0x0001a05f      0x783 src/include/igncalc.o
 .debug_macro   0x0001a7e2      0x783 src/include/interrupts.o
 .debug_macro   0x0001af65      0x783 src/include/math.o
 .debug_macro   0x0001b6e8      0x783 src/include/sensors.o
 .debug_macro   0x0001be6b      0x783 src/include/storage.o
 .debug_macro   0x0001c5ee      0x784 src/include/tables.o
 .debug_macro   0x0001cd72      0x783 src/include/timers.o
 .debug_macro   0x0001d4f5      0x789 src/include/tunerstudiocomm.o
 .debug_macro   0x0001dc7e       0x16 src/include/tunerstudiocomm.o
 .debug_macro   0x0001dc94      0x789 src/include/uart.o
 .debug_macro   0x0001e41d       0x1c src/include/uart.o
 .debug_macro   0x0001e439      0x778 src/main.o

.debug_line     0x00000000    0x19d17
 .debug_line    0x00000000      0xef1 src/ASF/common/components/memory/eeprom/at24cxx/at24cxx.o
 .debug_line    0x00000ef1      0xeea src/ASF/sam/drivers/adc/adc.o
 .debug_line    0x00001ddb      0xcba src/ASF/common/services/clock/sam3x/sysclk.o
 .debug_line    0x00002a95      0xd4d src/ASF/sam/boards/arduino_due_x/init.o
 .debug_line    0x000037e2      0xc24 src/ASF/sam/drivers/pdc/pdc.o
 .debug_line    0x00004406      0xec9 src/ASF/sam/drivers/pio/pio.o
 .debug_line    0x000052cf     0x10b4 src/ASF/sam/drivers/pmc/pmc.o
 .debug_line    0x00006383      0xce6 src/ASF/sam/drivers/tc/tc.o
 .debug_line    0x00007069      0xdac src/ASF/sam/drivers/twi/twi.o
 .debug_line    0x00007e15      0xb23 src/ASF/sam/utils/cmsis/sam3x/source/templates/exceptions.o
 .debug_line    0x00008938      0xb6c src/ASF/sam/utils/cmsis/sam3x/source/templates/gcc/startup_sam3x.o
 .debug_line    0x000094a4      0xb9e src/ASF/sam/utils/cmsis/sam3x/source/templates/system_sam3x.o
 .debug_line    0x0000a042      0x40c src/ASF/sam/utils/syscalls/gcc/syscalls.o
 .debug_line    0x0000a44e     0x102b src/include/ADC.o
 .debug_line    0x0000b479     0x108d src/include/decoders.o
 .debug_line    0x0000c506     0x1039 src/include/eeprom.o
 .debug_line    0x0000d53f     0x100c src/include/fuelcalc.o
 .debug_line    0x0000e54b     0x1092 src/include/global.o
 .debug_line    0x0000f5dd     0x1053 src/include/igncalc.o
 .debug_line    0x00010630     0x1084 src/include/interrupts.o
 .debug_line    0x000116b4     0x1138 src/include/math.o
 .debug_line    0x000127ec     0x1010 src/include/sensors.o
 .debug_line    0x000137fc      0xfff src/include/storage.o
 .debug_line    0x000147fb     0x104a src/include/tables.o
 .debug_line    0x00015845     0x10fe src/include/timers.o
 .debug_line    0x00016943     0x1207 src/include/tunerstudiocomm.o
 .debug_line    0x00017b4a     0x1182 src/include/uart.o
 .debug_line    0x00018ccc     0x104b src/main.o

.debug_str      0x00000000    0x66e03
 .debug_str     0x00000000    0x60cc4 src/ASF/common/components/memory/eeprom/at24cxx/at24cxx.o
                              0x6115d (size before relaxing)
 .debug_str     0x00060cc4      0xa76 src/ASF/sam/drivers/adc/adc.o
                              0x5d0d1 (size before relaxing)
 .debug_str     0x0006173a      0x352 src/ASF/common/services/clock/sam3x/sysclk.o
                              0x60672 (size before relaxing)
 .debug_str     0x00061a8c      0x6fd src/ASF/sam/boards/arduino_due_x/init.o
                              0x60d54 (size before relaxing)
 .debug_str     0x00062189      0x188 src/ASF/sam/drivers/pdc/pdc.o
                              0x5c7a5 (size before relaxing)
 .debug_str     0x00062311      0x3fe src/ASF/sam/drivers/pio/pio.o
                              0x5cf86 (size before relaxing)
 .debug_str     0x0006270f      0x5df src/ASF/sam/drivers/pmc/pmc.o
                              0x5cffc (size before relaxing)
 .debug_str     0x00062cee      0x397 src/ASF/sam/drivers/tc/tc.o
                              0x5c98a (size before relaxing)
 .debug_str     0x00063085      0x2cc src/ASF/sam/drivers/twi/twi.o
                              0x5cb33 (size before relaxing)
 .debug_str     0x00063351       0x4d src/ASF/sam/utils/cmsis/sam3x/source/templates/exceptions.o
                              0x5c5fb (size before relaxing)
 .debug_str     0x0006339e       0xd9 src/ASF/sam/utils/cmsis/sam3x/source/templates/gcc/startup_sam3x.o
                              0x5c6f7 (size before relaxing)
 .debug_str     0x00063477      0x195 src/ASF/sam/utils/cmsis/sam3x/source/templates/system_sam3x.o
                              0x5c8d3 (size before relaxing)
 .debug_str     0x0006360c      0x776 src/ASF/sam/utils/syscalls/gcc/syscalls.o
                               0x72b2 (size before relaxing)
 .debug_str     0x00063d82     0x2098 src/include/ADC.o
                              0x63844 (size before relaxing)
 .debug_str     0x00065e1a      0x3a8 src/include/decoders.o
                              0x634c7 (size before relaxing)
 .debug_str     0x000661c2      0x14d src/include/eeprom.o
                              0x63464 (size before relaxing)
 .debug_str     0x0006630f       0x97 src/include/fuelcalc.o
                              0x63203 (size before relaxing)
 .debug_str     0x000663a6       0xae src/include/global.o
                              0x6323d (size before relaxing)
 .debug_str     0x00066454       0x76 src/include/igncalc.o
                              0x6321e (size before relaxing)
 .debug_str     0x000664ca      0x177 src/include/interrupts.o
                              0x6367c (size before relaxing)
 .debug_str     0x00066641      0x19e src/include/math.o
                              0x6341c (size before relaxing)
 .debug_str     0x000667df       0x37 src/include/sensors.o
                              0x6318e (size before relaxing)
 .debug_str     0x00066816       0x43 src/include/storage.o
                              0x631b6 (size before relaxing)
 .debug_str     0x00066859       0x71 src/include/tables.o
                              0x631d6 (size before relaxing)
 .debug_str     0x000668ca      0x10a src/include/timers.o
                              0x63834 (size before relaxing)
 .debug_str     0x000669d4      0x2a8 src/include/tunerstudiocomm.o
                              0x634cc (size before relaxing)
 .debug_str     0x00066c7c      0x156 src/include/uart.o
                              0x636c3 (size before relaxing)
 .debug_str     0x00066dd2       0x31 src/main.o
                              0x6340f (size before relaxing)

.debug_frame    0x00000000     0x204c
 .debug_frame   0x00000000      0x130 src/ASF/common/components/memory/eeprom/at24cxx/at24cxx.o
 .debug_frame   0x00000130      0x320 src/ASF/sam/drivers/adc/adc.o
 .debug_frame   0x00000450       0x88 src/ASF/common/services/clock/sam3x/sysclk.o
 .debug_frame   0x000004d8       0x28 src/ASF/sam/boards/arduino_due_x/init.o
 .debug_frame   0x00000500       0xf0 src/ASF/sam/drivers/pdc/pdc.o
 .debug_frame   0x000005f0      0x2b8 src/ASF/sam/drivers/pio/pio.o
 .debug_frame   0x000008a8      0x3ec src/ASF/sam/drivers/pmc/pmc.o
 .debug_frame   0x00000c94      0x1a8 src/ASF/sam/drivers/tc/tc.o
 .debug_frame   0x00000e3c      0x1d4 src/ASF/sam/drivers/twi/twi.o
 .debug_frame   0x00001010       0x20 src/ASF/sam/utils/cmsis/sam3x/source/templates/exceptions.o
 .debug_frame   0x00001030       0x28 src/ASF/sam/utils/cmsis/sam3x/source/templates/gcc/startup_sam3x.o
 .debug_frame   0x00001058       0x40 src/ASF/sam/utils/cmsis/sam3x/source/templates/system_sam3x.o
 .debug_frame   0x00001098       0xa0 src/ASF/sam/utils/syscalls/gcc/syscalls.o
 .debug_frame   0x00001138       0x70 src/include/ADC.o
 .debug_frame   0x000011a8       0xb4 src/include/decoders.o
 .debug_frame   0x0000125c       0x80 src/include/eeprom.o
 .debug_frame   0x000012dc       0x54 src/include/fuelcalc.o
 .debug_frame   0x00001330       0x6c src/include/global.o
 .debug_frame   0x0000139c       0x88 src/include/igncalc.o
 .debug_frame   0x00001424       0x84 src/include/interrupts.o
 .debug_frame   0x000014a8      0x178 src/include/math.o
 .debug_frame   0x00001620       0x54 src/include/sensors.o
 .debug_frame   0x00001674       0x38 src/include/storage.o
 .debug_frame   0x000016ac       0x88 src/include/tables.o
 .debug_frame   0x00001734      0x158 src/include/timers.o
 .debug_frame   0x0000188c      0x1d4 src/include/tunerstudiocomm.o
 .debug_frame   0x00001a60      0x180 src/include/uart.o
 .debug_frame   0x00001be0       0x3c src/main.o
 .debug_frame   0x00001c1c       0xac c:/program files (x86)/atmel/studio/7.0/toolchain/arm/arm-gnu-toolchain/bin/../lib/gcc/arm-none-eabi/6.2.1/thumb/v7-m\libgcc.a(_arm_addsubdf3.o)
 .debug_frame   0x00001cc8       0x50 c:/program files (x86)/atmel/studio/7.0/toolchain/arm/arm-gnu-toolchain/bin/../lib/gcc/arm-none-eabi/6.2.1/thumb/v7-m\libgcc.a(_arm_muldivdf3.o)
 .debug_frame   0x00001d18       0x24 c:/program files (x86)/atmel/studio/7.0/toolchain/arm/arm-gnu-toolchain/bin/../lib/gcc/arm-none-eabi/6.2.1/thumb/v7-m\libgcc.a(_arm_fixunsdfsi.o)
 .debug_frame   0x00001d3c       0x2c c:/program files (x86)/atmel/studio/7.0/toolchain/arm/arm-gnu-toolchain/bin/../lib/gcc/arm-none-eabi/6.2.1/thumb/v7-m\libgcc.a(_aeabi_uldivmod.o)
 .debug_frame   0x00001d68       0x34 c:/program files (x86)/atmel/studio/7.0/toolchain/arm/arm-gnu-toolchain/bin/../lib/gcc/arm-none-eabi/6.2.1/thumb/v7-m\libgcc.a(_udivmoddi4.o)
 .debug_frame   0x00001d9c       0x2c c:/program files (x86)/atmel/studio/7.0/toolchain/arm/arm-gnu-toolchain/bin/../lib/gcc/arm-none-eabi/6.2.1/../../../../arm-none-eabi/lib/thumb/v7-m\libc.a(lib_a-init.o)
 .debug_frame   0x00001dc8       0x30 c:/program files (x86)/atmel/studio/7.0/toolchain/arm/arm-gnu-toolchain/bin/../lib/gcc/arm-none-eabi/6.2.1/../../../../arm-none-eabi/lib/thumb/v7-m\libc.a(lib_a-malloc.o)
 .debug_frame   0x00001df8       0x54 c:/program files (x86)/atmel/studio/7.0/toolchain/arm/arm-gnu-toolchain/bin/../lib/gcc/arm-none-eabi/6.2.1/../../../../arm-none-eabi/lib/thumb/v7-m\libc.a(lib_a-mallocr.o)
 .debug_frame   0x00001e4c       0x30 c:/program files (x86)/atmel/studio/7.0/toolchain/arm/arm-gnu-toolchain/bin/../lib/gcc/arm-none-eabi/6.2.1/../../../../arm-none-eabi/lib/thumb/v7-m\libc.a(lib_a-mlock.o)
 .debug_frame   0x00001e7c       0x2c c:/program files (x86)/atmel/studio/7.0/toolchain/arm/arm-gnu-toolchain/bin/../lib/gcc/arm-none-eabi/6.2.1/../../../../arm-none-eabi/lib/thumb/v7-m\libc.a(lib_a-sbrkr.o)
 .debug_frame   0x00001ea8       0x50 c:/program files (x86)/atmel/studio/7.0/toolchain/arm/arm-gnu-toolchain/bin/../lib/gcc/arm-none-eabi/6.2.1/../../../../arm-none-eabi/lib/thumb/v7-m\libc.a(lib_a-__call_atexit.o)
 .debug_frame   0x00001ef8       0x20 c:/program files (x86)/atmel/studio/7.0/toolchain/arm/arm-gnu-toolchain/bin/../lib/gcc/arm-none-eabi/6.2.1/../../../../arm-none-eabi/lib/thumb/v7-m\libc.a(lib_a-atexit.o)
 .debug_frame   0x00001f18       0x34 c:/program files (x86)/atmel/studio/7.0/toolchain/arm/arm-gnu-toolchain/bin/../lib/gcc/arm-none-eabi/6.2.1/../../../../arm-none-eabi/lib/thumb/v7-m\libc.a(lib_a-fini.o)
 .debug_frame   0x00001f4c       0x74 c:/program files (x86)/atmel/studio/7.0/toolchain/arm/arm-gnu-toolchain/bin/../lib/gcc/arm-none-eabi/6.2.1/../../../../arm-none-eabi/lib/thumb/v7-m\libc.a(lib_a-freer.o)
 .debug_frame   0x00001fc0       0x58 c:/program files (x86)/atmel/studio/7.0/toolchain/arm/arm-gnu-toolchain/bin/../lib/gcc/arm-none-eabi/6.2.1/../../../../arm-none-eabi/lib/thumb/v7-m\libc.a(lib_a-reent.o)
 .debug_frame   0x00002018       0x34 c:/program files (x86)/atmel/studio/7.0/toolchain/arm/arm-gnu-toolchain/bin/../lib/gcc/arm-none-eabi/6.2.1/../../../../arm-none-eabi/lib/thumb/v7-m\libc.a(lib_a-__atexit.o)

Cross Reference Table

Symbol                                            File
ADC_Handler                                       src/include/ADC.o
                                                  src/ASF/sam/utils/cmsis/sam3x/source/templates/exceptions.o
                                                  src/ASF/sam/utils/cmsis/sam3x/source/templates/gcc/startup_sam3x.o
AFR                                               src/main.o
                                                  src/include/uart.o
                                                  src/include/tunerstudiocomm.o
                                                  src/include/timers.o
                                                  src/include/tables.o
                                                  src/include/storage.o
                                                  src/include/sensors.o
                                                  src/include/math.o
                                                  src/include/interrupts.o
                                                  src/include/igncalc.o
                                                  src/include/global.o
                                                  src/include/fuelcalc.o
                                                  src/include/eeprom.o
                                                  src/include/decoders.o
                                                  src/include/ADC.o
AdcChannels                                       src/main.o
                                                  src/include/uart.o
                                                  src/include/tunerstudiocomm.o
                                                  src/include/timers.o
                                                  src/include/tables.o
                                                  src/include/storage.o
                                                  src/include/sensors.o
                                                  src/include/math.o
                                                  src/include/interrupts.o
                                                  src/include/igncalc.o
                                                  src/include/global.o
                                                  src/include/fuelcalc.o
                                                  src/include/eeprom.o
                                                  src/include/decoders.o
                                                  src/include/ADC.o
AdcData                                           src/main.o
                                                  src/include/uart.o
                                                  src/include/tunerstudiocomm.o
                                                  src/include/timers.o
                                                  src/include/tables.o
                                                  src/include/storage.o
                                                  src/include/sensors.o
                                                  src/include/math.o