Archive member included to satisfy reference by file (symbol)

c:/program files (x86)/atmel/studio/7.0/toolchain/arm/arm-gnu-toolchain/bin/../lib/gcc/arm-none-eabi/5.3.1/armv7-m\libgcc.a(_arm_addsubdf3.o)
                              src/include/math.o (__aeabi_dadd)
c:/program files (x86)/atmel/studio/7.0/toolchain/arm/arm-gnu-toolchain/bin/../lib/gcc/arm-none-eabi/5.3.1/armv7-m\libgcc.a(_arm_muldivdf3.o)
                              src/include/math.o (__aeabi_dmul)
c:/program files (x86)/atmel/studio/7.0/toolchain/arm/arm-gnu-toolchain/bin/../lib/gcc/arm-none-eabi/5.3.1/armv7-m\libgcc.a(_arm_fixunsdfsi.o)
                              src/include/math.o (__aeabi_d2uiz)
c:/program files (x86)/atmel/studio/7.0/toolchain/arm/arm-gnu-toolchain/bin/../lib/gcc/arm-none-eabi/5.3.1/armv7-m\libgcc.a(_aeabi_uldivmod.o)
                              src/include/fuelcalc.o (__aeabi_uldivmod)
c:/program files (x86)/atmel/studio/7.0/toolchain/arm/arm-gnu-toolchain/bin/../lib/gcc/arm-none-eabi/5.3.1/armv7-m\libgcc.a(_udivmoddi4.o)
                              c:/program files (x86)/atmel/studio/7.0/toolchain/arm/arm-gnu-toolchain/bin/../lib/gcc/arm-none-eabi/5.3.1/armv7-m\libgcc.a(_aeabi_uldivmod.o) (__udivmoddi4)
c:/program files (x86)/atmel/studio/7.0/toolchain/arm/arm-gnu-toolchain/bin/../lib/gcc/arm-none-eabi/5.3.1/armv7-m\libgcc.a(_dvmd_tls.o)
                              c:/program files (x86)/atmel/studio/7.0/toolchain/arm/arm-gnu-toolchain/bin/../lib/gcc/arm-none-eabi/5.3.1/armv7-m\libgcc.a(_aeabi_uldivmod.o) (__aeabi_ldiv0)
c:/program files (x86)/atmel/studio/7.0/toolchain/arm/arm-gnu-toolchain/bin/../lib/gcc/arm-none-eabi/5.3.1/../../../../arm-none-eabi/lib/armv7-m\libc.a(lib_a-exit.o)
                              c:/program files (x86)/atmel/studio/7.0/toolchain/arm/arm-gnu-toolchain/bin/../lib/gcc/arm-none-eabi/5.3.1/../../../../arm-none-eabi/lib/armv7-m/crt0.o (exit)
c:/program files (x86)/atmel/studio/7.0/toolchain/arm/arm-gnu-toolchain/bin/../lib/gcc/arm-none-eabi/5.3.1/../../../../arm-none-eabi/lib/armv7-m\libc.a(lib_a-impure.o)
                              c:/program files (x86)/atmel/studio/7.0/toolchain/arm/arm-gnu-toolchain/bin/../lib/gcc/arm-none-eabi/5.3.1/../../../../arm-none-eabi/lib/armv7-m\libc.a(lib_a-exit.o) (_global_impure_ptr)
c:/program files (x86)/atmel/studio/7.0/toolchain/arm/arm-gnu-toolchain/bin/../lib/gcc/arm-none-eabi/5.3.1/../../../../arm-none-eabi/lib/armv7-m\libc.a(lib_a-init.o)
                              c:/program files (x86)/atmel/studio/7.0/toolchain/arm/arm-gnu-toolchain/bin/../lib/gcc/arm-none-eabi/5.3.1/../../../../arm-none-eabi/lib/armv7-m/crt0.o (__libc_init_array)
c:/program files (x86)/atmel/studio/7.0/toolchain/arm/arm-gnu-toolchain/bin/../lib/gcc/arm-none-eabi/5.3.1/../../../../arm-none-eabi/lib/armv7-m\libc.a(lib_a-iprintf.o)
                              src/ASF/sam/drivers/adc/adc.o (iprintf)
c:/program files (x86)/atmel/studio/7.0/toolchain/arm/arm-gnu-toolchain/bin/../lib/gcc/arm-none-eabi/5.3.1/../../../../arm-none-eabi/lib/armv7-m\libc.a(lib_a-malloc.o)
                              src/include/tables.o (malloc)
c:/program files (x86)/atmel/studio/7.0/toolchain/arm/arm-gnu-toolchain/bin/../lib/gcc/arm-none-eabi/5.3.1/../../../../arm-none-eabi/lib/armv7-m\libc.a(lib_a-mallocr.o)
                              c:/program files (x86)/atmel/studio/7.0/toolchain/arm/arm-gnu-toolchain/bin/../lib/gcc/arm-none-eabi/5.3.1/../../../../arm-none-eabi/lib/armv7-m\libc.a(lib_a-malloc.o) (_malloc_r)
c:/program files (x86)/atmel/studio/7.0/toolchain/arm/arm-gnu-toolchain/bin/../lib/gcc/arm-none-eabi/5.3.1/../../../../arm-none-eabi/lib/armv7-m\libc.a(lib_a-memset.o)
                              c:/program files (x86)/atmel/studio/7.0/toolchain/arm/arm-gnu-toolchain/bin/../lib/gcc/arm-none-eabi/5.3.1/../../../../arm-none-eabi/lib/armv7-m/crt0.o (memset)
c:/program files (x86)/atmel/studio/7.0/toolchain/arm/arm-gnu-toolchain/bin/../lib/gcc/arm-none-eabi/5.3.1/../../../../arm-none-eabi/lib/armv7-m\libc.a(lib_a-mlock.o)
                              c:/program files (x86)/atmel/studio/7.0/toolchain/arm/arm-gnu-toolchain/bin/../lib/gcc/arm-none-eabi/5.3.1/../../../../arm-none-eabi/lib/armv7-m\libc.a(lib_a-mallocr.o) (__malloc_lock)
c:/program files (x86)/atmel/studio/7.0/toolchain/arm/arm-gnu-toolchain/bin/../lib/gcc/arm-none-eabi/5.3.1/../../../../arm-none-eabi/lib/armv7-m\libc.a(lib_a-puts.o)
                              src/ASF/sam/drivers/adc/adc.o (puts)
c:/program files (x86)/atmel/studio/7.0/toolchain/arm/arm-gnu-toolchain/bin/../lib/gcc/arm-none-eabi/5.3.1/../../../../arm-none-eabi/lib/armv7-m\libc.a(lib_a-sbrkr.o)
                              c:/program files (x86)/atmel/studio/7.0/toolchain/arm/arm-gnu-toolchain/bin/../lib/gcc/arm-none-eabi/5.3.1/../../../../arm-none-eabi/lib/armv7-m\libc.a(lib_a-mallocr.o) (_sbrk_r)
[...]
Memory Configuration

Name             Origin             Length             Attributes
rom              0x00080000         0x00080000         xr
sram0            0x20000000         0x00010000         xrw
sram1            0x20080000         0x00008000         xrw
ram              0x20070000         0x00018000         xrw
*default*        0x00000000         0xffffffff

Linker script and memory map

LOAD c:/program files (x86)/atmel/studio/7.0/toolchain/arm/arm-gnu-toolchain/bin/../lib/gcc/arm-none-eabi/5.3.1/armv7-m/crti.o
LOAD c:/program files (x86)/atmel/studio/7.0/toolchain/arm/arm-gnu-toolchain/bin/../lib/gcc/arm-none-eabi/5.3.1/armv7-m/crtbegin.o
LOAD c:/program files (x86)/atmel/studio/7.0/toolchain/arm/arm-gnu-toolchain/bin/../lib/gcc/arm-none-eabi/5.3.1/../../../../arm-none-eabi/lib/armv7-m/crt0.o
LOAD src/ASF/common/components/memory/eeprom/at24cxx/at24cxx.o
LOAD src/ASF/common/services/delay/sam/cycle_counter.o
LOAD src/ASF/sam/drivers/adc/adc.o
LOAD src/ASF/sam/drivers/adc/adc_sam3u.o
LOAD src/ASF/common/services/clock/sam3x/sysclk.o
LOAD src/ASF/common/utils/interrupt/interrupt_sam_nvic.o
LOAD src/ASF/sam/boards/arduino_due_x/init.o
LOAD src/ASF/sam/drivers/pdc/pdc.o
LOAD src/ASF/sam/drivers/pio/pio.o
LOAD src/ASF/sam/drivers/pio/pio_handler.o
LOAD src/ASF/sam/drivers/pmc/pmc.o
LOAD src/ASF/sam/drivers/pmc/sleep.o
LOAD src/ASF/sam/drivers/tc/tc.o
LOAD src/ASF/sam/drivers/twi/twi.o
LOAD src/ASF/sam/utils/cmsis/sam3x/source/templates/exceptions.o
LOAD src/ASF/sam/utils/cmsis/sam3x/source/templates/gcc/startup_sam3x.o
LOAD src/ASF/sam/utils/cmsis/sam3x/source/templates/system_sam3x.o
LOAD src/ASF/sam/utils/syscalls/gcc/syscalls.o
LOAD src/include/ADC.o
LOAD src/include/decoders.o
LOAD src/include/eeprom.o
LOAD src/include/fuelcalc.o
LOAD src/include/global.o
LOAD src/include/igncalc.o
LOAD src/include/interrupts.o
LOAD src/include/math.o
LOAD src/include/sensors.o
LOAD src/include/storage.o
LOAD src/include/tables.o
LOAD src/include/timers.o
LOAD src/include/tunerstudiocomm.o
LOAD src/include/uart.o
LOAD src/main.o
START GROUP
LOAD ../src/ASF/thirdparty/CMSIS/Lib/GCC\libarm_cortexM3l_math.a
LOAD c:/program files (x86)/atmel/studio/7.0/toolchain/arm/arm-gnu-toolchain/bin/../lib/gcc/arm-none-eabi/5.3.1/../../../../arm-none-eabi/lib/armv7-m\libm.a
END GROUP
START GROUP
LOAD c:/program files (x86)/atmel/studio/7.0/toolchain/arm/arm-gnu-toolchain/bin/../lib/gcc/arm-none-eabi/5.3.1/armv7-m\libgcc.a
LOAD c:/program files (x86)/atmel/studio/7.0/toolchain/arm/arm-gnu-toolchain/bin/../lib/gcc/arm-none-eabi/5.3.1/../../../../arm-none-eabi/lib/armv7-m\libc.a
END GROUP
LOAD c:/program files (x86)/atmel/studio/7.0/toolchain/arm/arm-gnu-toolchain/bin/../lib/gcc/arm-none-eabi/5.3.1/armv7-m/crtend.o
LOAD c:/program files (x86)/atmel/studio/7.0/toolchain/arm/arm-gnu-toolchain/bin/../lib/gcc/arm-none-eabi/5.3.1/armv7-m/crtn.o
                0x00002000                __stack_size__ = DEFINED (__stack_size__)?__stack_size__:0x2000
                0x20087ffc                __ram_end__ = ((ORIGIN (ram) + LENGTH (ram)) - 0x4)

.text           0x00080000     0x3668
                0x00080000                . = ALIGN (0x4)
                0x00080000                _sfixed = .
 *(.vectors .vectors.*)
 .vectors       0x00080000       0xf4 src/ASF/sam/utils/cmsis/sam3x/source/templates/gcc/startup_sam3x.o
                0x00080000                exception_table
 *(.text .text.* .gnu.linkonce.t.*)
 .text          0x000800f4       0x5c c:/program files (x86)/atmel/studio/7.0/toolchain/arm/arm-gnu-toolchain/bin/../lib/gcc/arm-none-eabi/5.3.1/armv7-m/crtbegin.o
 .text.at24cxx_acknowledge_polling
                0x00080150       0x54 src/ASF/common/components/memory/eeprom/at24cxx/at24cxx.o
 .text.at24cxx_write_byte
                0x000801a4       0x50 src/ASF/common/components/memory/eeprom/at24cxx/at24cxx.o
                0x000801a4                at24cxx_write_byte
 .text.at24cxx_read_byte
                0x000801f4       0x3c src/ASF/common/components/memory/eeprom/at24cxx/at24cxx.o
                0x000801f4                at24cxx_read_byte
 .text.at24cxx_read_continuous
                0x00080230       0x38 src/ASF/common/components/memory/eeprom/at24cxx/at24cxx.o
                0x00080230                at24cxx_read_continuous
 .text.adc_init
                0x00080268       0x34 src/ASF/sam/drivers/adc/adc.o
                0x00080268                adc_init
 .text.adc_set_resolution
                0x0008029c       0x10 src/ASF/sam/drivers/adc/adc.o
                0x0008029c                adc_set_resolution
 .text.adc_configure_trigger
                0x000802ac       0x10 src/ASF/sam/drivers/adc/adc.o
                0x000802ac                adc_configure_trigger
 .text.adc_configure_timing
                0x000802bc       0x1c src/ASF/sam/drivers/adc/adc.o
                0x000802bc                adc_configure_timing
 .text.adc_start
                0x000802d8        0x8 src/ASF/sam/drivers/adc/adc.o
                0x000802d8                adc_start
 .text.adc_enable_channel
                0x000802e0        0xc src/ASF/sam/drivers/adc/adc.o
                0x000802e0                adc_enable_channel
 .text.adc_enable_tag
                0x000802ec        0xc src/ASF/sam/drivers/adc/adc.o
                0x000802ec                adc_enable_tag
 .text.adc_enable_interrupt
                0x000802f8        0x4 src/ASF/sam/drivers/adc/adc.o
                0x000802f8                adc_enable_interrupt
 .text.sysclk_init
                0x000802fc       0x64 src/ASF/common/services/clock/sam3x/sysclk.o
                0x000802fc                sysclk_init
 .text.board_init
                0x00080360       0x80 src/ASF/sam/boards/arduino_due_x/init.o
                0x00080360                board_init
 .text.pdc_tx_init
                0x000803e0       0x18 src/ASF/sam/drivers/pdc/pdc.o
                0x000803e0                pdc_tx_init
 .text.pdc_enable_transfer
                0x000803f8        0xc src/ASF/sam/drivers/pdc/pdc.o
                0x000803f8                pdc_enable_transfer
 .text.pio_clear
                0x00080404        0x4 src/ASF/sam/drivers/pio/pio.o
                0x00080404                pio_clear
 .text.pio_set_peripheral
                0x00080408       0x40 src/ASF/sam/drivers/pio/pio.o
                0x00080408                pio_set_peripheral
 .text.pio_set_input
                0x00080448       0x34 src/ASF/sam/drivers/pio/pio.o
                0x00080448                pio_set_input
 .text.pio_set_output
                0x0008047c       0x28 src/ASF/sam/drivers/pio/pio.o
                0x0008047c                pio_set_output
 .text.pio_configure_pin
                0x000804a4       0xd4 src/ASF/sam/drivers/pio/pio.o
                0x000804a4                pio_configure_pin
 .text.pio_configure_pin_group
                0x00080578       0xa0 src/ASF/sam/drivers/pio/pio.o
                0x00080578                pio_configure_pin_group
 .text.pmc_switch_mck_to_pllack
                0x00080618       0x68 src/ASF/sam/drivers/pmc/pmc.o
                0x00080618                pmc_switch_mck_to_pllack
 .text.pmc_switch_mainck_to_xtal
                0x00080680       0x54 src/ASF/sam/drivers/pmc/pmc.o
                0x00080680                pmc_switch_mainck_to_xtal
 .text.pmc_osc_is_ready_mainck
                0x000806d4       0x10 src/ASF/sam/drivers/pmc/pmc.o
                0x000806d4                pmc_osc_is_ready_mainck
 .text.pmc_disable_pllack
                0x000806e4       0x10 src/ASF/sam/drivers/pmc/pmc.o
                0x000806e4                pmc_disable_pllack
 .text.pmc_is_locked_pllack
                0x000806f4       0x10 src/ASF/sam/drivers/pmc/pmc.o
                0x000806f4                pmc_is_locked_pllack
 .text.pmc_enable_periph_clk
                0x00080704       0x54 src/ASF/sam/drivers/pmc/pmc.o
                0x00080704                pmc_enable_periph_clk
 .text.tc_init  0x00080758       0x18 src/ASF/sam/drivers/tc/tc.o
                0x00080758                tc_init
 .text.tc_start
                0x00080770        0x8 src/ASF/sam/drivers/tc/tc.o
                0x00080770                tc_start
 .text.tc_read_cv
                0x00080778        0x8 src/ASF/sam/drivers/tc/tc.o
                0x00080778                tc_read_cv
 .text.tc_write_ra
                0x00080780        0x8 src/ASF/sam/drivers/tc/tc.o
                0x00080780                tc_write_ra
 .text.tc_write_rc
                0x00080788        0x8 src/ASF/sam/drivers/tc/tc.o
                0x00080788                tc_write_rc
 .text.tc_enable_interrupt
                0x00080790        0x8 src/ASF/sam/drivers/tc/tc.o
                0x00080790                tc_enable_interrupt
 .text.twi_set_speed
                0x00080798       0xbc src/ASF/sam/drivers/twi/twi.o
                0x00080798                twi_set_speed
 .text.twi_master_init
                0x00080854       0x40 src/ASF/sam/drivers/twi/twi.o
                0x00080854                twi_master_init
 .text.twi_mk_addr
                0x00080894       0x24 src/ASF/sam/drivers/twi/twi.o
                0x00080894                twi_mk_addr
 .text.twi_master_read
                0x000808b8       0xd4 src/ASF/sam/drivers/twi/twi.o
                0x000808b8                twi_master_read
 .text.twi_master_write
                0x0008098c       0x88 src/ASF/sam/drivers/twi/twi.o
                0x0008098c                twi_master_write
 .text.Dummy_Handler
                0x00080a14        0x4 src/ASF/sam/utils/cmsis/sam3x/source/templates/exceptions.o
                0x00080a14                DACC_Handler
                0x00080a14                DebugMon_Handler
                0x00080a14                DMAC_Handler
                0x00080a14                TRNG_Handler
                0x00080a14                HardFault_Handler
                0x00080a14                SysTick_Handler
                0x00080a14                USART3_Handler
                0x00080a14                TWI1_Handler
                0x00080a14                PendSV_Handler
                0x00080a14                NMI_Handler
                0x00080a14                SMC_Handler
                0x00080a14                USART0_Handler
                0x00080a14                RTT_Handler
                0x00080a14                EFC1_Handler
                0x00080a14                PIOB_Handler
                0x00080a14                RTC_Handler
                0x00080a14                UsageFault_Handler
                0x00080a14                WDT_Handler
                0x00080a14                CAN0_Handler
                0x00080a14                HSMCI_Handler
                0x00080a14                Dummy_Handler
                0x00080a14                TWI0_Handler
                0x00080a14                USART1_Handler
                0x00080a14                SSC_Handler
                0x00080a14                EFC0_Handler
                0x00080a14                PMC_Handler
                0x00080a14                PWM_Handler
                0x00080a14                CAN1_Handler
                0x00080a14                MemManage_Handler
                0x00080a14                SUPC_Handler
                0x00080a14                SVC_Handler
                0x00080a14                USART2_Handler
                0x00080a14                PIOD_Handler
                0x00080a14                EMAC_Handler
                0x00080a14                PIOC_Handler
                0x00080a14                BusFault_Handler
                0x00080a14                RSTC_Handler
                0x00080a14                UOTGHS_Handler
                0x00080a14                SPI0_Handler
 .text.Reset_Handler
                0x00080a18       0xac src/ASF/sam/utils/cmsis/sam3x/source/templates/gcc/startup_sam3x.o
                0x00080a18                Reset_Handler
 .text.SystemCoreClockUpdate
                0x00080ac4      0x11c src/ASF/sam/utils/cmsis/sam3x/source/templates/system_sam3x.o
                0x00080ac4                SystemCoreClockUpdate
 .text._sbrk    0x00080be0       0x34 src/ASF/sam/utils/syscalls/gcc/syscalls.o
                0x00080be0                _sbrk
 .text.adc_initialize
                0x00080c14       0x9c src/include/ADC.o
                0x00080c14                adc_initialize
 .text.adc_turn_on_multiple_channels
                0x00080cb0       0x58 src/include/ADC.o
                0x00080cb0                adc_turn_on_multiple_channels
 .text.ADC_Handler
                0x00080d08       0x54 src/include/ADC.o
                0x00080d08                ADC_Handler
 .text.decoders_crank_primary
                0x00080d5c       0xd4 src/include/decoders.o
                0x00080d5c                decoders_crank_primary
 .text.decoders_toggle_ign1pin
                0x00080e30       0x1c src/include/decoders.o
                0x00080e30                decoders_toggle_ign1pin
 .text.decoders_toggle_ign2pin
                0x00080e4c       0x1c src/include/decoders.o
                0x00080e4c                decoders_toggle_ign2pin
 .text.decoders_toggle_ign3pin
                0x00080e68       0x1c src/include/decoders.o
                0x00080e68                decoders_toggle_ign3pin
 .text.decoders_toggle_ign4pin
                0x00080e84       0x1c src/include/decoders.o
                0x00080e84                decoders_toggle_ign4pin
 .text.eeprom_init
                0x00080ea0       0x60 src/include/eeprom.o
                0x00080ea0                eeprom_init
 .text.eeprom_read_byte
                0x00080f00       0x60 src/include/eeprom.o
                0x00080f00                eeprom_read_byte
 .text.cylinder_init
                0x00080f60       0x24 src/include/global.o
                0x00080f60                cylinder_init
 .text.global_init
                0x00080f84       0xf8 src/include/global.o
                0x00080f84                global_init
 .text.interrupts_enable_interrupt_vector
                0x0008107c       0x50 src/include/interrupts.o
                0x0008107c                interrupts_enable_interrupt_vector
 .text.interrupts_enable_pio
                0x000810cc       0x7c src/include/interrupts.o
                0x000810cc                interrupts_enable_pio
 .text.PIOA_Handler
                0x00081148       0xfc src/include/interrupts.o
                0x00081148                PIOA_Handler
 .text.math_map_adc
                0x00081244        0xc src/include/math.o
                0x00081244                math_map_adc
 .text.math_map
                0x00081250       0x10 src/include/math.o
                0x00081250                math_map
 .text.math_find_median
                0x00081260       0xc8 src/include/math.o
                0x00081260                math_find_median
 .text.math_ign_time_teeth
                0x00081328       0x38 src/include/math.o
                0x00081328                math_ign_time_teeth
 .text.math_ign_time_interval
                0x00081360       0x4c src/include/math.o
                0x00081360                math_ign_time_interval
 .text.sensors_init
                0x000813ac       0x50 src/include/sensors.o
                0x000813ac                sensors_init
 .text.sensors_read_adc
                0x000813fc       0xcc src/include/sensors.o
                0x000813fc                sensors_read_adc
 .text.storage_struct_read_eeprom_init
                0x000814c8       0x14 src/include/storage.o
                0x000814c8                storage_struct_read_eeprom_init
 .text.storage_init_struct_to_zero
                0x000814dc       0x18 src/include/storage.o
                0x000814dc                storage_init_struct_to_zero
 .text.tables_Table3D_alloc_mem
                0x000814f4       0x60 src/include/tables.o
                0x000814f4                tables_Table3D_alloc_mem
 .text.tables_Table3D_read_eeprom
                0x00081554       0x48 src/include/tables.o
                0x00081554                tables_Table3D_read_eeprom
 .text.tables_Table3D_init
                0x0008159c       0x1c src/include/tables.o
                0x0008159c                tables_Table3D_init
 .text.table_init
                0x000815b8       0x38 src/include/tables.o
                0x000815b8                table_init
 .text.timer_init
                0x000815f0       0xa8 src/include/timers.o
                0x000815f0                timer_init
 .text.TC0_Handler
                0x00081698       0x18 src/include/timers.o
                0x00081698                TC0_Handler
 .text.TC1_Handler
                0x000816b0       0x18 src/include/timers.o
                0x000816b0                TC1_Handler
 .text.TC2_Handler
                0x000816c8       0x1c src/include/timers.o
                0x000816c8                TC2_Handler
 .text.TC3_Handler
                0x000816e4       0x18 src/include/timers.o
                0x000816e4                TC3_Handler
 .text.TC4_Handler
                0x000816fc        0x4 src/include/timers.o
                0x000816fc                TC4_Handler
 .text.TC5_Handler
                0x00081700        0x4 src/include/timers.o
                0x00081700                TC5_Handler
 .text.TC6_Handler
                0x00081704        0x4 src/include/timers.o
                0x00081704                TC6_Handler
 .text.TC7_Handler
                0x00081708        0x4 src/include/timers.o
                0x00081708                TC7_Handler
 .text.TC8_Handler
                0x0008170c       0xb4 src/include/timers.o
                0x0008170c                TC8_Handler
 .text.tunerstudio_init
                0x000817c0       0x38 src/include/tunerstudiocomm.o
                0x000817c0                tunerstudio_init
 .text.tunerstudio_send_struct
                0x000817f8       0x28 src/include/tunerstudiocomm.o
                0x000817f8                tunerstudio_send_struct
 .text.tunerstudio_send_Table3D
                0x00081820       0x34 src/include/tunerstudiocomm.o
                0x00081820                tunerstudio_send_Table3D
 .text.tunerstudio_send_page
                0x00081854       0xa0 src/include/tunerstudiocomm.o
                0x00081854                tunerstudio_send_page
 .text.tunerstudio_write_Table3D
                0x000818f4       0x40 src/include/tunerstudiocomm.o
                0x000818f4                tunerstudio_write_Table3D
 .text.tunerstudio_write_data
                0x00081934       0xa4 src/include/tunerstudiocomm.o
                0x00081934                tunerstudio_write_data
 .text.tunerstudio_burn_value_if_changed
                0x000819d8       0x24 src/include/tunerstudiocomm.o
                0x000819d8                tunerstudio_burn_value_if_changed
 .text.tunerstudio_burn_struct
                0x000819fc       0x44 src/include/tunerstudiocomm.o
                0x000819fc                tunerstudio_burn_struct
 .text.tunerstudio_burn_Table3D
                0x00081a40       0x68 src/include/tunerstudiocomm.o
                0x00081a40                tunerstudio_burn_Table3D
 .text.tunerstudio_burn_page_eeprom
                0x00081aa8       0xc0 src/include/tunerstudiocomm.o
                0x00081aa8                tunerstudio_burn_page_eeprom
 .text.tunerstudio_update_calib_vect_helper
                0x00081b68       0x80 src/include/tunerstudiocomm.o
                0x00081b68                tunerstudio_update_calib_vect_helper
 .text.tunerstudio_update_calib_vect
                0x00081be8       0x70 src/include/tunerstudiocomm.o
                0x00081be8                tunerstudio_update_calib_vect
 .text.tunerstudio_debug_global_function
                0x00081c58      0x118 src/include/tunerstudiocomm.o
                0x00081c58                tunerstudio_debug_global_function
 .text.tunerstudio_command
                0x00081d70      0x164 src/include/tunerstudiocomm.o
                0x00081d70                tunerstudio_command
 .text.uart_init
                0x00081ed4       0x34 src/include/uart.o
                0x00081ed4                uart_init
 .text.uart_tx_interrupt_init
                0x00081f08       0x58 src/include/uart.o
                0x00081f08                uart_tx_interrupt_init
 .text.uart_interrupt_transfer
                0x00081f60       0x5c src/include/uart.o
                0x00081f60                uart_interrupt_transfer
 .text.uart_load_tx_buffer
                0x00081fbc       0x1c src/include/uart.o
                0x00081fbc                uart_load_tx_buffer
 .text.uart_enable_tx_interrupt
                0x00081fd8        0xc src/include/uart.o
                0x00081fd8                uart_enable_tx_interrupt
 .text.uart_enable_rx_interrupt
                0x00081fe4       0x1c src/include/uart.o
                0x00081fe4                uart_enable_rx_interrupt
 .text.uart_disable_rx_interrupt
                0x00082000        0xc src/include/uart.o
                0x00082000                uart_disable_rx_interrupt
 .text.uart_rx_read_buffer
                0x0008200c       0x54 src/include/uart.o
                0x0008200c                uart_rx_read_buffer
 .text.uart_transfer
                0x00082060       0x14 src/include/uart.o
                0x00082060                uart_transfer
 .text.uart_print_int
                0x00082074       0x50 src/include/uart.o
                0x00082074                uart_print_int
 .text.uart_new_line
                0x000820c4       0x10 src/include/uart.o
                0x000820c4                uart_new_line
 .text.uart_print_string
                0x000820d4       0x28 src/include/uart.o
                0x000820d4                uart_print_string
 .text.UART_Handler
                0x000820fc       0xa4 src/include/uart.o
                0x000820fc                UART_Handler
 .text.uart_receive
                0x000821a0       0x18 src/include/uart.o
                0x000821a0                uart_receive
 .text.uart_load_pdc_tx_buffer
                0x000821b8       0x30 src/include/uart.o
                0x000821b8                uart_load_pdc_tx_buffer
 .text.main     0x000821e8      0x1fc src/main.o
                0x000821e8                main
 .text          0x000823e4      0x370 c:/program files (x86)/atmel/studio/7.0/toolchain/arm/arm-gnu-toolchain/bin/../lib/gcc/arm-none-eabi/5.3.1/armv7-m\libgcc.a(_arm_addsubdf3.o)
                0x000823e4                __aeabi_drsub
                0x000823ec                __aeabi_dsub
                0x000823ec                __subdf3
                0x000823f0                __aeabi_dadd
                0x000823f0                __adddf3
                0x00082668                __floatunsidf
                0x00082668                __aeabi_ui2d
                0x00082688                __floatsidf
                0x00082688                __aeabi_i2d
                0x000826ac                __aeabi_f2d
                0x000826ac                __extendsfdf2
                0x000826e8                __floatundidf
                0x000826e8                __aeabi_ul2d
                0x000826f8                __floatdidf
                0x000826f8                __aeabi_l2d
 .text          0x00082754      0x424 c:/program files (x86)/atmel/studio/7.0/toolchain/arm/arm-gnu-toolchain/bin/../lib/gcc/arm-none-eabi/5.3.1/armv7-m\libgcc.a(_arm_muldivdf3.o)
                0x00082754                __aeabi_dmul
                0x00082754                __muldf3
                0x000829a8                __divdf3
                0x000829a8                __aeabi_ddiv
 .text          0x00082b78       0x40 c:/program files (x86)/atmel/studio/7.0/toolchain/arm/arm-gnu-toolchain/bin/../lib/gcc/arm-none-eabi/5.3.1/armv7-m\libgcc.a(_arm_fixunsdfsi.o)
                0x00082b78                __aeabi_d2uiz
                0x00082b78                __fixunsdfsi
 .text.__libc_init_array
                0x00082bb8       0x50 c:/program files (x86)/atmel/studio/7.0/toolchain/arm/arm-gnu-toolchain/bin/../lib/gcc/arm-none-eabi/5.3.1/../../../../arm-none-eabi/lib/armv7-m\libc.a(lib_a-init.o)
                0x00082bb8                __libc_init_array
 .text.malloc   0x00082c08       0x10 c:/program files (x86)/atmel/studio/7.0/toolchain/arm/arm-gnu-toolchain/bin/../lib/gcc/arm-none-eabi/5.3.1/../../../../arm-none-eabi/lib/armv7-m\libc.a(lib_a-malloc.o)
                0x00082c08                malloc
 .text._malloc_r
                0x00082c18      0x558 c:/program files (x86)/atmel/studio/7.0/toolchain/arm/arm-gnu-toolchain/bin/../lib/gcc/arm-none-eabi/5.3.1/../../../../arm-none-eabi/lib/armv7-m\libc.a(lib_a-mallocr.o)
                0x00082c18                _malloc_r
 .text.__malloc_lock
                0x00083170        0x4 c:/program files (x86)/atmel/studio/7.0/toolchain/arm/arm-gnu-toolchain/bin/../lib/gcc/arm-none-eabi/5.3.1/../../../../arm-none-eabi/lib/armv7-m\libc.a(lib_a-mlock.o)
                0x00083170                __malloc_lock
 .text.__malloc_unlock
                0x00083174        0x4 c:/program files (x86)/atmel/studio/7.0/toolchain/arm/arm-gnu-toolchain/bin/../lib/gcc/arm-none-eabi/5.3.1/../../../../arm-none-eabi/lib/armv7-m\libc.a(lib_a-mlock.o)
                0x00083174                __malloc_unlock
 .text._sbrk_r  0x00083178       0x24 c:/program files (x86)/atmel/studio/7.0/toolchain/arm/arm-gnu-toolchain/bin/../lib/gcc/arm-none-eabi/5.3.1/../../../../arm-none-eabi/lib/armv7-m\libc.a(lib_a-sbrkr.o)
                0x00083178                _sbrk_r
 .text.startup.register_fini
                0x0008319c       0x14 c:/program files (x86)/atmel/studio/7.0/toolchain/arm/arm-gnu-toolchain/bin/../lib/gcc/arm-none-eabi/5.3.1/../../../../arm-none-eabi/lib/armv7-m\libc.a(lib_a-__call_atexit.o)
 .text.atexit   0x000831b0        0xc c:/program files (x86)/atmel/studio/7.0/toolchain/arm/arm-gnu-toolchain/bin/../lib/gcc/arm-none-eabi/5.3.1/../../../../arm-none-eabi/lib/armv7-m\libc.a(lib_a-atexit.o)
                0x000831b0                atexit
 .text.__libc_fini_array
                0x000831bc       0x28 c:/program files (x86)/atmel/studio/7.0/toolchain/arm/arm-gnu-toolchain/bin/../lib/gcc/arm-none-eabi/5.3.1/../../../../arm-none-eabi/lib/armv7-m\libc.a(lib_a-fini.o)
                0x000831bc                __libc_fini_array
 .text._malloc_trim_r
                0x000831e4       0x9c c:/program files (x86)/atmel/studio/7.0/toolchain/arm/arm-gnu-toolchain/bin/../lib/gcc/arm-none-eabi/5.3.1/../../../../arm-none-eabi/lib/armv7-m\libc.a(lib_a-freer.o)
                0x000831e4                _malloc_trim_r
 .text._free_r  0x00083280      0x1d0 c:/program files (x86)/atmel/studio/7.0/toolchain/arm/arm-gnu-toolchain/bin/../lib/gcc/arm-none-eabi/5.3.1/../../../../arm-none-eabi/lib/armv7-m\libc.a(lib_a-freer.o)
                0x00083280                _free_r
 .text.__register_exitproc
                0x00083450       0xa4 c:/program files (x86)/atmel/studio/7.0/toolchain/arm/arm-gnu-toolchain/bin/../lib/gcc/arm-none-eabi/5.3.1/../../../../arm-none-eabi/lib/armv7-m\libc.a(lib_a-__atexit.o)
                0x00083450                __register_exitproc
 *(.glue_7t)
 .glue_7t       0x000834f4        0x0 linker stubs
 *(.glue_7)
 .glue_7        0x000834f4        0x0 linker stubs
 *(.rodata .rodata* .gnu.linkonce.r.*)
 .rodata.str1.4
                0x000834f4        0xb src/include/eeprom.o
 *fill*         0x000834ff        0x1 
 .rodata.str1.4
                0x00083500      0x11a src/include/tunerstudiocomm.o
 *fill*         0x0008361a        0x2 
 .rodata        0x0008361c        0x7 src/main.o
 *fill*         0x00083623        0x1 
 .rodata.str1.4
                0x00083624       0x16 src/main.o
 *fill*         0x0008363a        0x2 
 .rodata.str1.4
                0x0008363c        0x4 c:/program files (x86)/atmel/studio/7.0/toolchain/arm/arm-gnu-toolchain/bin/../lib/gcc/arm-none-eabi/5.3.1/../../../../arm-none-eabi/lib/armv7-m\libc.a(lib_a-impure.o)
                                  0x2 (size before relaxing)
 .rodata._global_impure_ptr
                0x00083640        0x4 c:/program files (x86)/atmel/studio/7.0/toolchain/arm/arm-gnu-toolchain/bin/../lib/gcc/arm-none-eabi/5.3.1/../../../../arm-none-eabi/lib/armv7-m\libc.a(lib_a-impure.o)
                0x00083640                _global_impure_ptr
 *(.ARM.extab* .gnu.linkonce.armextab.*)
                0x00083644                . = ALIGN (0x4)
 *(.init)
 .init          0x00083644        0x4 c:/program files (x86)/atmel/studio/7.0/toolchain/arm/arm-gnu-toolchain/bin/../lib/gcc/arm-none-eabi/5.3.1/armv7-m/crti.o
                0x00083644                _init
 .init          0x00083648        0x8 c:/program files (x86)/atmel/studio/7.0/toolchain/arm/arm-gnu-toolchain/bin/../lib/gcc/arm-none-eabi/5.3.1/armv7-m/crtn.o
                0x00083650                . = ALIGN (0x4)
                0x00083650                __preinit_array_start = .
 *(.preinit_array)
                0x00083650                __preinit_array_end = .
                0x00083650                . = ALIGN (0x4)
                0x00083650                __init_array_start = .
 *(SORT(.init_array.*))
 .init_array.00000
                0x00083650        0x4 c:/program files (x86)/atmel/studio/7.0/toolchain/arm/arm-gnu-toolchain/bin/../lib/gcc/arm-none-eabi/5.3.1/../../../../arm-none-eabi/lib/armv7-m\libc.a(lib_a-__call_atexit.o)
 *(.init_array)
 .init_array    0x00083654        0x4 c:/program files (x86)/atmel/studio/7.0/toolchain/arm/arm-gnu-toolchain/bin/../lib/gcc/arm-none-eabi/5.3.1/armv7-m/crtbegin.o
                0x00083658                __init_array_end = .
                0x00083658                . = ALIGN (0x4)
 *crtbegin.o(.ctors)
 *(EXCLUDE_FILE(*crtend.o) .ctors)
 *(SORT(.ctors.*))
 *crtend.o(.ctors)
                0x00083658                . = ALIGN (0x4)
 *(.fini)
 .fini          0x00083658        0x4 c:/program files (x86)/atmel/studio/7.0/toolchain/arm/arm-gnu-toolchain/bin/../lib/gcc/arm-none-eabi/5.3.1/armv7-m/crti.o
                0x00083658                _fini
 .fini          0x0008365c        0x8 c:/program files (x86)/atmel/studio/7.0/toolchain/arm/arm-gnu-toolchain/bin/../lib/gcc/arm-none-eabi/5.3.1/armv7-m/crtn.o
                0x00083664                . = ALIGN (0x4)
                0x00083664                __fini_array_start = .
 *(.fini_array)
 .fini_array    0x00083664        0x4 c:/program files (x86)/atmel/studio/7.0/toolchain/arm/arm-gnu-toolchain/bin/../lib/gcc/arm-none-eabi/5.3.1/armv7-m/crtbegin.o
 *(SORT(.fini_array.*))
                0x00083668                __fini_array_end = .
 *crtbegin.o(.dtors)
 *(EXCLUDE_FILE(*crtend.o) .dtors)
 *(SORT(.dtors.*))
 *crtend.o(.dtors)
                0x00083668                . = ALIGN (0x4)
                0x00083668                _efixed = .
                [!provide]                PROVIDE (__exidx_start, .)

.vfp11_veneer   0x00083668        0x0
 .vfp11_veneer  0x00083668        0x0 linker stubs

.v4_bx          0x00083668        0x0
 .v4_bx         0x00083668        0x0 linker stubs

.iplt           0x00083668        0x0
 .iplt          0x00083668        0x0 c:/program files (x86)/atmel/studio/7.0/toolchain/arm/arm-gnu-toolchain/bin/../lib/gcc/arm-none-eabi/5.3.1/armv7-m/crtbegin.o

.eh_frame       0x00083668        0x0
 .eh_frame      0x00083668        0x0 c:/program files (x86)/atmel/studio/7.0/toolchain/arm/arm-gnu-toolchain/bin/../lib/gcc/arm-none-eabi/5.3.1/armv7-m/crtbegin.o

.rel.dyn        0x00083668        0x0
 .rel.iplt      0x00083668        0x0 c:/program files (x86)/atmel/studio/7.0/toolchain/arm/arm-gnu-toolchain/bin/../lib/gcc/arm-none-eabi/5.3.1/armv7-m/crtbegin.o

.jcr            0x00083668        0x0
 .jcr           0x00083668        0x0 c:/program files (x86)/atmel/studio/7.0/toolchain/arm/arm-gnu-toolchain/bin/../lib/gcc/arm-none-eabi/5.3.1/armv7-m/crtbegin.o

.igot.plt       0x00083668        0x0
 .igot.plt      0x00083668        0x0 c:/program files (x86)/atmel/studio/7.0/toolchain/arm/arm-gnu-toolchain/bin/../lib/gcc/arm-none-eabi/5.3.1/armv7-m/crtbegin.o

.ARM.exidx
 *(.ARM.exidx* .gnu.linkonce.armexidx.*)
                [!provide]                PROVIDE (__exidx_end, .)
                0x00083668                . = ALIGN (0x4)
                0x00083668                _etext = .

.relocate       0x20070000      0x96c load address 0x00083668
                0x20070000                . = ALIGN (0x4)
                0x20070000                _srelocate = .
 *(.ramfunc .ramfunc.*)
 .ramfunc       0x20070000      0x12c src/ASF/sam/utils/cmsis/sam3x/source/templates/system_sam3x.o
                0x20070000                SystemInit
                0x200700a4                system_init_flash
 *(.data .data.*)
 .data.SystemCoreClock
                0x2007012c        0x4 src/ASF/sam/utils/cmsis/sam3x/source/templates/system_sam3x.o
                0x2007012c                SystemCoreClock
 .data.impure_data
                0x20070130      0x428 c:/program files (x86)/atmel/studio/7.0/toolchain/arm/arm-gnu-toolchain/bin/../lib/gcc/arm-none-eabi/5.3.1/../../../../arm-none-eabi/lib/armv7-m\libc.a(lib_a-impure.o)
 .data._impure_ptr
                0x20070558        0x4 c:/program files (x86)/atmel/studio/7.0/toolchain/arm/arm-gnu-toolchain/bin/../lib/gcc/arm-none-eabi/5.3.1/../../../../arm-none-eabi/lib/armv7-m\libc.a(lib_a-impure.o)
                0x20070558                _impure_ptr
 .data.__malloc_av_
                0x2007055c      0x408 c:/program files (x86)/atmel/studio/7.0/toolchain/arm/arm-gnu-toolchain/bin/../lib/gcc/arm-none-eabi/5.3.1/../../../../arm-none-eabi/lib/armv7-m\libc.a(lib_a-mallocr.o)
                0x2007055c                __malloc_av_
 .data.__malloc_trim_threshold
                0x20070964        0x4 c:/program files (x86)/atmel/studio/7.0/toolchain/arm/arm-gnu-toolchain/bin/../lib/gcc/arm-none-eabi/5.3.1/../../../../arm-none-eabi/lib/armv7-m\libc.a(lib_a-mallocr.o)
                0x20070964                __malloc_trim_threshold
 .data.__malloc_sbrk_base
                0x20070968        0x4 c:/program files (x86)/atmel/studio/7.0/toolchain/arm/arm-gnu-toolchain/bin/../lib/gcc/arm-none-eabi/5.3.1/../../../../arm-none-eabi/lib/armv7-m\libc.a(lib_a-mallocr.o)
                0x20070968                __malloc_sbrk_base
                0x2007096c                . = ALIGN (0x4)
                0x2007096c                _erelocate = .

.bss            0x2007096c     0x1834 load address 0x00083fd4
                0x2007096c                . = ALIGN (0x4)
                0x2007096c                _sbss = .
                0x2007096c                _szero = .
 *(.bss .bss.*)
 .bss           0x2007096c       0x1c c:/program files (x86)/atmel/studio/7.0/toolchain/arm/arm-gnu-toolchain/bin/../lib/gcc/arm-none-eabi/5.3.1/armv7-m/crtbegin.o
 .bss.heap.5287
                0x20070988        0x4 src/ASF/sam/utils/syscalls/gcc/syscalls.o
 .bss.__malloc_max_total_mem
                0x2007098c        0x4 c:/program files (x86)/atmel/studio/7.0/toolchain/arm/arm-gnu-toolchain/bin/../lib/gcc/arm-none-eabi/5.3.1/../../../../arm-none-eabi/lib/armv7-m\libc.a(lib_a-mallocr.o)
                0x2007098c                __malloc_max_total_mem
 .bss.__malloc_max_sbrked_mem
                0x20070990        0x4 c:/program files (x86)/atmel/studio/7.0/toolchain/arm/arm-gnu-toolchain/bin/../lib/gcc/arm-none-eabi/5.3.1/../../../../arm-none-eabi/lib/armv7-m\libc.a(lib_a-mallocr.o)
                0x20070990                __malloc_max_sbrked_mem
 .bss.__malloc_top_pad
                0x20070994        0x4 c:/program files (x86)/atmel/studio/7.0/toolchain/arm/arm-gnu-toolchain/bin/../lib/gcc/arm-none-eabi/5.3.1/../../../../arm-none-eabi/lib/armv7-m\libc.a(lib_a-mallocr.o)
                0x20070994                __malloc_top_pad
 .bss.__malloc_current_mallinfo
                0x20070998       0x28 c:/program files (x86)/atmel/studio/7.0/toolchain/arm/arm-gnu-toolchain/bin/../lib/gcc/arm-none-eabi/5.3.1/../../../../arm-none-eabi/lib/armv7-m\libc.a(lib_a-mallocr.o)
                0x20070998                __malloc_current_mallinfo
 *(COMMON)
 COMMON         0x200709c0     0x17dc src/include/ADC.o
                0x200709c0                CrankTimerCounts
                0x200709c4                CamCurrCycleCounts
                0x200709c8                TxStringTail
                0x200709ca                WriteFlag
                0x200709cc                TxStringHead
                0x200709d0                CrankRevCounts
                0x200709d4                engine_config6
                0x20070a14                CurrPage
                0x20070a18                DebugCounter
                0x20070a1c                CrankCurrCycleCounts
                0x20070a20                TC8_Overflow
                0x20070a24                TxString
                0x20070e24                cylinder
                0x20070e64                VE
                0x20070e74                engine_config9
                0x20070f34                engine_config2
                0x20070f78                engine_config4
                0x20070fb8                RxString
                0x200713b8                engine_realtime
                0x200713dc                CamTimerCounts
                0x200713e0                RxFlag
                0x200713e4                PdcInterface
                0x200713e8                RxStringTail
                0x200713ec                CltAdc_LUT
                0x200717ec                RxStringHead
                0x200717f0                AdcData
                0x2007184a                GlobalTimerFreqUARTScaler
                0x2007184c                CrankSecondInterval
                0x20071850                CrankSecondTach
                0x20071854                AdcMedianCounter
                0x20071864                GlobalTimerFreqADCScaler
                0x20071868                IatAdc_LUT
                0x20071c68                OffsetFlag
                0x20071c69                Offset1
                0x20071c6c                AFR
                0x20071c7c                Offset2
                0x20071c7e                GlobalTimerFreqTelemetryScaler
                0x20071c80                engine_config7
                0x20071cc0                CrankFirstTach
                0x20071cc4                IGN
                0x20071cd4                CamSignalFlag
                0x20071cd5                AdcFlag
                0x20071cd8                AdcChannels
                0x20071ce0                AfrAdc_LUT
                0x200720e0                CrankTooth
                0x200720e4                engine_config8
                0x20072184                CrankPrevCycleCounts
                0x20072188                PdcTxPacket
                0x20072190                CrankSignalFlag
                0x20072191                NewPageFlag
                0x20072192                TachPulse
                0x20072194                millis
                0x20072198                CrankFirstInterval
 COMMON         0x2007219c        0x4 c:/program files (x86)/atmel/studio/7.0/toolchain/arm/arm-gnu-toolchain/bin/../lib/gcc/arm-none-eabi/5.3.1/../../../../arm-none-eabi/lib/armv7-m\libc.a(lib_a-reent.o)
                0x2007219c                errno
                0x200721a0                . = ALIGN (0x4)
                0x200721a0                _ebss = .
                0x200721a0                _ezero = .

.stack          0x200721a0     0x2000 load address 0x00085808
                0x200721a0                . = ALIGN (0x8)
                0x200721a0                _sstack = .
                0x200741a0                . = (. + __stack_size__)
 *fill*         0x200721a0     0x2000 
                0x200741a0                . = ALIGN (0x8)
                0x200741a0                _estack = .
                0x200741a0                . = ALIGN (0x4)
                0x200741a0                _end = .
OUTPUT(RUthless_ECU.elf elf32-littlearm)

.ARM.attributes
                0x00000000       0x29
 .ARM.attributes
                0x00000000       0x1d c:/program files (x86)/atmel/studio/7.0/toolchain/arm/arm-gnu-toolchain/bin/../lib/gcc/arm-none-eabi/5.3.1/armv7-m/crti.o
 .ARM.attributes
                0x0000001d       0x2d c:/program files (x86)/atmel/studio/7.0/toolchain/arm/arm-gnu-toolchain/bin/../lib/gcc/arm-none-eabi/5.3.1/armv7-m/crtbegin.o
 .ARM.attributes
                0x0000004a       0x33 src/ASF/common/components/memory/eeprom/at24cxx/at24cxx.o
 .ARM.attributes
                0x0000007d       0x33 src/ASF/sam/drivers/adc/adc.o
 .ARM.attributes
                0x000000b0       0x33 src/ASF/common/services/clock/sam3x/sysclk.o
 .ARM.attributes
                0x000000e3       0x33 src/ASF/sam/boards/arduino_due_x/init.o
 .ARM.attributes
                0x00000116       0x33 src/ASF/sam/drivers/pdc/pdc.o
 .ARM.attributes
                0x00000149       0x33 src/ASF/sam/drivers/pio/pio.o
 .ARM.attributes
                0x0000017c       0x33 src/ASF/sam/drivers/pmc/pmc.o
 .ARM.attributes
                0x000001af       0x33 src/ASF/sam/drivers/tc/tc.o
 .ARM.attributes
                0x000001e2       0x33 src/ASF/sam/drivers/twi/twi.o
 .ARM.attributes
                0x00000215       0x33 src/ASF/sam/utils/cmsis/sam3x/source/templates/exceptions.o
 .ARM.attributes
                0x00000248       0x33 src/ASF/sam/utils/cmsis/sam3x/source/templates/gcc/startup_sam3x.o
 .ARM.attributes
                0x0000027b       0x33 src/ASF/sam/utils/cmsis/sam3x/source/templates/system_sam3x.o
 .ARM.attributes
                0x000002ae       0x33 src/ASF/sam/utils/syscalls/gcc/syscalls.o
 .ARM.attributes
                0x000002e1       0x33 src/include/ADC.o
 .ARM.attributes
                0x00000314       0x33 src/include/decoders.o
 .ARM.attributes
                0x00000347       0x33 src/include/eeprom.o
 .ARM.attributes
                0x0000037a       0x33 src/include/global.o
 .ARM.attributes
                0x000003ad       0x33 src/include/interrupts.o
 .ARM.attributes
                0x000003e0       0x33 src/include/math.o
 .ARM.attributes
                0x00000413       0x33 src/include/sensors.o
 .ARM.attributes
                0x00000446       0x33 src/include/storage.o
 .ARM.attributes
                0x00000479       0x33 src/include/tables.o
 .ARM.attributes
                0x000004ac       0x33 src/include/timers.o
 .ARM.attributes
                0x000004df       0x33 src/include/tunerstudiocomm.o
 .ARM.attributes
                0x00000512       0x33 src/include/uart.o
 .ARM.attributes
                0x00000545       0x33 src/main.o
 .ARM.attributes
                0x00000578       0x1d c:/program files (x86)/atmel/studio/7.0/toolchain/arm/arm-gnu-toolchain/bin/../lib/gcc/arm-none-eabi/5.3.1/armv7-m\libgcc.a(_arm_addsubdf3.o)
 .ARM.attributes
                0x00000595       0x1d c:/program files (x86)/atmel/studio/7.0/toolchain/arm/arm-gnu-toolchain/bin/../lib/gcc/arm-none-eabi/5.3.1/armv7-m\libgcc.a(_arm_muldivdf3.o)
 .ARM.attributes
                0x000005b2       0x1d c:/program files (x86)/atmel/studio/7.0/toolchain/arm/arm-gnu-toolchain/bin/../lib/gcc/arm-none-eabi/5.3.1/armv7-m\libgcc.a(_arm_fixunsdfsi.o)
 .ARM.attributes
                0x000005cf       0x2d c:/program files (x86)/atmel/studio/7.0/toolchain/arm/arm-gnu-toolchain/bin/../lib/gcc/arm-none-eabi/5.3.1/../../../../arm-none-eabi/lib/armv7-m\libc.a(lib_a-impure.o)
 .ARM.attributes
                0x000005fc       0x2d c:/program files (x86)/atmel/studio/7.0/toolchain/arm/arm-gnu-toolchain/bin/../lib/gcc/arm-none-eabi/5.3.1/../../../../arm-none-eabi/lib/armv7-m\libc.a(lib_a-init.o)
 .ARM.attributes
                0x00000629       0x2d c:/program files (x86)/atmel/studio/7.0/toolchain/arm/arm-gnu-toolchain/bin/../lib/gcc/arm-none-eabi/5.3.1/../../../../arm-none-eabi/lib/armv7-m\libc.a(lib_a-malloc.o)
 .ARM.attributes
                0x00000656       0x2d c:/program files (x86)/atmel/studio/7.0/toolchain/arm/arm-gnu-toolchain/bin/../lib/gcc/arm-none-eabi/5.3.1/../../../../arm-none-eabi/lib/armv7-m\libc.a(lib_a-mallocr.o)
 .ARM.attributes
                0x00000683       0x2d c:/program files (x86)/atmel/studio/7.0/toolchain/arm/arm-gnu-toolchain/bin/../lib/gcc/arm-none-eabi/5.3.1/../../../../arm-none-eabi/lib/armv7-m\libc.a(lib_a-mlock.o)
 .ARM.attributes
                0x000006b0       0x2d c:/program files (x86)/atmel/studio/7.0/toolchain/arm/arm-gnu-toolchain/bin/../lib/gcc/arm-none-eabi/5.3.1/../../../../arm-none-eabi/lib/armv7-m\libc.a(lib_a-sbrkr.o)
 .ARM.attributes
                0x000006dd       0x2d c:/program files (x86)/atmel/studio/7.0/toolchain/arm/arm-gnu-toolchain/bin/../lib/gcc/arm-none-eabi/5.3.1/../../../../arm-none-eabi/lib/armv7-m\libc.a(lib_a-__call_atexit.o)
 .ARM.attributes
                0x0000070a       0x2d c:/program files (x86)/atmel/studio/7.0/toolchain/arm/arm-gnu-toolchain/bin/../lib/gcc/arm-none-eabi/5.3.1/../../../../arm-none-eabi/lib/armv7-m\libc.a(lib_a-atexit.o)
 .ARM.attributes
                0x00000737       0x2d c:/program files (x86)/atmel/studio/7.0/toolchain/arm/arm-gnu-toolchain/bin/../lib/gcc/arm-none-eabi/5.3.1/../../../../arm-none-eabi/lib/armv7-m\libc.a(lib_a-fini.o)
 .ARM.attributes
                0x00000764       0x2d c:/program files (x86)/atmel/studio/7.0/toolchain/arm/arm-gnu-toolchain/bin/../lib/gcc/arm-none-eabi/5.3.1/../../../../arm-none-eabi/lib/armv7-m\libc.a(lib_a-freer.o)
 .ARM.attributes
                0x00000791       0x2d c:/program files (x86)/atmel/studio/7.0/toolchain/arm/arm-gnu-toolchain/bin/../lib/gcc/arm-none-eabi/5.3.1/../../../../arm-none-eabi/lib/armv7-m\libc.a(lib_a-reent.o)
 .ARM.attributes
                0x000007be       0x2d c:/program files (x86)/atmel/studio/7.0/toolchain/arm/arm-gnu-toolchain/bin/../lib/gcc/arm-none-eabi/5.3.1/../../../../arm-none-eabi/lib/armv7-m\libc.a(lib_a-__atexit.o)
 .ARM.attributes
                0x000007eb       0x1d c:/program files (x86)/atmel/studio/7.0/toolchain/arm/arm-gnu-toolchain/bin/../lib/gcc/arm-none-eabi/5.3.1/armv7-m/crtn.o

.comment        0x00000000       0x59
 .comment       0x00000000       0x59 src/ASF/common/components/memory/eeprom/at24cxx/at24cxx.o
                                 0x5a (size before relaxing)
 .comment       0x00000059       0x5a src/ASF/sam/drivers/adc/adc.o
 .comment       0x00000059       0x5a src/ASF/common/services/clock/sam3x/sysclk.o
 .comment       0x00000059       0x5a src/ASF/sam/boards/arduino_due_x/init.o
 .comment       0x00000059       0x5a src/ASF/sam/drivers/pdc/pdc.o
 .comment       0x00000059       0x5a src/ASF/sam/drivers/pio/pio.o
 .comment       0x00000059       0x5a src/ASF/sam/drivers/pmc/pmc.o
 .comment       0x00000059       0x5a src/ASF/sam/drivers/tc/tc.o
 .comment       0x00000059       0x5a src/ASF/sam/drivers/twi/twi.o
 .comment       0x00000059       0x5a src/ASF/sam/utils/cmsis/sam3x/source/templates/exceptions.o
 .comment       0x00000059       0x5a src/ASF/sam/utils/cmsis/sam3x/source/templates/gcc/startup_sam3x.o
 .comment       0x00000059       0x5a src/ASF/sam/utils/cmsis/sam3x/source/templates/system_sam3x.o
 .comment       0x00000059       0x5a src/ASF/sam/utils/syscalls/gcc/syscalls.o
 .comment       0x00000059       0x5a src/include/ADC.o
 .comment       0x00000059       0x5a src/include/decoders.o
 .comment       0x00000059       0x5a src/include/eeprom.o
 .comment       0x00000059       0x5a src/include/global.o
 .comment       0x00000059       0x5a src/include/interrupts.o
 .comment       0x00000059       0x5a src/include/math.o
 .comment       0x00000059       0x5a src/include/sensors.o
 .comment       0x00000059       0x5a src/include/storage.o
 .comment       0x00000059       0x5a src/include/tables.o
 .comment       0x00000059       0x5a src/include/timers.o
 .comment       0x00000059       0x5a src/include/tunerstudiocomm.o
 .comment       0x00000059       0x5a src/include/uart.o
 .comment       0x00000059       0x5a src/main.o

.debug_info     0x00000000    0x1edab
 .debug_info    0x00000000     0x1118 src/ASF/common/components/memory/eeprom/at24cxx/at24cxx.o
 .debug_info    0x00001118     0x11bd src/ASF/sam/drivers/adc/adc.o
 .debug_info    0x000022d5      0x79d src/ASF/common/services/clock/sam3x/sysclk.o
 .debug_info    0x00002a72      0x767 src/ASF/sam/boards/arduino_due_x/init.o
 .debug_info    0x000031d9      0x4d1 src/ASF/sam/drivers/pdc/pdc.o
 .debug_info    0x000036aa     0x1384 src/ASF/sam/drivers/pio/pio.o
 .debug_info    0x00004a2e     0x1097 src/ASF/sam/drivers/pmc/pmc.o
 .debug_info    0x00005ac5      0x954 src/ASF/sam/drivers/tc/tc.o
 .debug_info    0x00006419      0xb4c src/ASF/sam/drivers/twi/twi.o
 .debug_info    0x00006f65      0x125 src/ASF/sam/utils/cmsis/sam3x/source/templates/exceptions.o
 .debug_info    0x0000708a      0x3d3 src/ASF/sam/utils/cmsis/sam3x/source/templates/gcc/startup_sam3x.o
 .debug_info    0x0000745d      0x4c6 src/ASF/sam/utils/cmsis/sam3x/source/templates/system_sam3x.o
 .debug_info    0x00007923      0x427 src/ASF/sam/utils/syscalls/gcc/syscalls.o
 .debug_info    0x00007d4a     0x1c43 src/include/ADC.o
 .debug_info    0x0000998d     0x1a73 src/include/decoders.o
 .debug_info    0x0000b400     0x1d03 src/include/eeprom.o
 .debug_info    0x0000d103     0x1696 src/include/global.o
 .debug_info    0x0000e799     0x235d src/include/interrupts.o
 .debug_info    0x00010af6     0x1ac9 src/include/math.o
 .debug_info    0x000125bf     0x169a src/include/sensors.o
 .debug_info    0x00013c59     0x15f0 src/include/storage.o
 .debug_info    0x00015249     0x1781 src/include/tables.o
 .debug_info    0x000169ca     0x2400 src/include/timers.o
 .debug_info    0x00018dca     0x2149 src/include/tunerstudiocomm.o
 .debug_info    0x0001af13     0x1db4 src/include/uart.o
 .debug_info    0x0001ccc7     0x20e4 src/main.o

.debug_abbrev   0x00000000     0x353c
 .debug_abbrev  0x00000000      0x307 src/ASF/common/components/memory/eeprom/at24cxx/at24cxx.o
 .debug_abbrev  0x00000307      0x240 src/ASF/sam/drivers/adc/adc.o
 .debug_abbrev  0x00000547      0x241 src/ASF/common/services/clock/sam3x/sysclk.o
 .debug_abbrev  0x00000788      0x17a src/ASF/sam/boards/arduino_due_x/init.o
 .debug_abbrev  0x00000902      0x13b src/ASF/sam/drivers/pdc/pdc.o
 .debug_abbrev  0x00000a3d      0x2de src/ASF/sam/drivers/pio/pio.o
 .debug_abbrev  0x00000d1b      0x268 src/ASF/sam/drivers/pmc/pmc.o
 .debug_abbrev  0x00000f83      0x1bb src/ASF/sam/drivers/tc/tc.o
 .debug_abbrev  0x0000113e      0x29e src/ASF/sam/drivers/twi/twi.o
 .debug_abbrev  0x000013dc       0x8f src/ASF/sam/utils/cmsis/sam3x/source/templates/exceptions.o
 .debug_abbrev  0x0000146b      0x11b src/ASF/sam/utils/cmsis/sam3x/source/templates/gcc/startup_sam3x.o
 .debug_abbrev  0x00001586      0x115 src/ASF/sam/utils/cmsis/sam3x/source/templates/system_sam3x.o
 .debug_abbrev  0x0000169b      0x14b src/ASF/sam/utils/syscalls/gcc/syscalls.o
 .debug_abbrev  0x000017e6      0x241 src/include/ADC.o
 .debug_abbrev  0x00001a27      0x1f0 src/include/decoders.o
 .debug_abbrev  0x00001c17      0x295 src/include/eeprom.o
 .debug_abbrev  0x00001eac      0x1bc src/include/global.o
 .debug_abbrev  0x00002068      0x25c src/include/interrupts.o
 .debug_abbrev  0x000022c4      0x275 src/include/math.o
 .debug_abbrev  0x00002539      0x1bc src/include/sensors.o
 .debug_abbrev  0x000026f5      0x1cf src/include/storage.o
 .debug_abbrev  0x000028c4      0x1d9 src/include/tables.o
 .debug_abbrev  0x00002a9d      0x290 src/include/timers.o
 .debug_abbrev  0x00002d2d      0x326 src/include/tunerstudiocomm.o
 .debug_abbrev  0x00003053      0x2f2 src/include/uart.o
 .debug_abbrev  0x00003345      0x1f7 src/main.o

.debug_loc      0x00000000     0x5f4b
 .debug_loc     0x00000000      0x766 src/ASF/common/components/memory/eeprom/at24cxx/at24cxx.o
 .debug_loc     0x00000766      0xa08 src/ASF/sam/drivers/adc/adc.o
 .debug_loc     0x0000116e      0x183 src/ASF/common/services/clock/sam3x/sysclk.o
 .debug_loc     0x000012f1       0x70 src/ASF/sam/boards/arduino_due_x/init.o
 .debug_loc     0x00001361      0x1c3 src/ASF/sam/drivers/pdc/pdc.o
 .debug_loc     0x00001524      0xb2a src/ASF/sam/drivers/pio/pio.o
 .debug_loc     0x0000204e      0xd57 src/ASF/sam/drivers/pmc/pmc.o
 .debug_loc     0x00002da5      0x5a5 src/ASF/sam/drivers/tc/tc.o
 .debug_loc     0x0000334a      0x9f6 src/ASF/sam/drivers/twi/twi.o
 .debug_loc     0x00003d40       0x5e src/ASF/sam/utils/cmsis/sam3x/source/templates/gcc/startup_sam3x.o
 .debug_loc     0x00003d9e       0xdf src/ASF/sam/utils/syscalls/gcc/syscalls.o
 .debug_loc     0x00003e7d      0x189 src/include/ADC.o
 .debug_loc     0x00004006       0x91 src/include/decoders.o
 .debug_loc     0x00004097      0x155 src/include/eeprom.o
 .debug_loc     0x000041ec       0x78 src/include/global.o
 .debug_loc     0x00004264      0x29e src/include/interrupts.o
 .debug_loc     0x00004502      0x794 src/include/math.o
 .debug_loc     0x00004c96       0x79 src/include/sensors.o
 .debug_loc     0x00004d0f       0xe3 src/include/storage.o
 .debug_loc     0x00004df2      0x21a src/include/tables.o
 .debug_loc     0x0000500c      0x21b src/include/timers.o
 .debug_loc     0x00005227      0x8cc src/include/tunerstudiocomm.o
 .debug_loc     0x00005af3      0x3c6 src/include/uart.o
 .debug_loc     0x00005eb9       0x92 src/main.o

.debug_aranges  0x00000000      0xc30
 .debug_aranges
                0x00000000       0x60 src/ASF/common/components/memory/eeprom/at24cxx/at24cxx.o
 .debug_aranges
                0x00000060      0x178 src/ASF/sam/drivers/adc/adc.o
 .debug_aranges
                0x000001d8       0x40 src/ASF/common/services/clock/sam3x/sysclk.o
 .debug_aranges
                0x00000218       0x20 src/ASF/sam/boards/arduino_due_x/init.o
 .debug_aranges
                0x00000238       0x88 src/ASF/sam/drivers/pdc/pdc.o
 .debug_aranges
                0x000002c0      0x148 src/ASF/sam/drivers/pio/pio.o
 .debug_aranges
                0x00000408      0x200 src/ASF/sam/drivers/pmc/pmc.o
 .debug_aranges
                0x00000608       0xd0 src/ASF/sam/drivers/tc/tc.o
 .debug_aranges
                0x000006d8       0xc8 src/ASF/sam/drivers/twi/twi.o
 .debug_aranges
                0x000007a0       0x20 src/ASF/sam/utils/cmsis/sam3x/source/templates/exceptions.o
 .debug_aranges
                0x000007c0       0x20 src/ASF/sam/utils/cmsis/sam3x/source/templates/gcc/startup_sam3x.o
 .debug_aranges
                0x000007e0       0x30 src/ASF/sam/utils/cmsis/sam3x/source/templates/system_sam3x.o
 .debug_aranges
                0x00000810       0x60 src/ASF/sam/utils/syscalls/gcc/syscalls.o
 .debug_aranges
                0x00000870       0x30 src/include/ADC.o
 .debug_aranges
                0x000008a0       0x48 src/include/decoders.o
 .debug_aranges
                0x000008e8       0x38 src/include/eeprom.o
 .debug_aranges
                0x00000920       0x28 src/include/global.o
 .debug_aranges
                0x00000948       0x30 src/include/interrupts.o
 .debug_aranges
                0x00000978       0x60 src/include/math.o
 .debug_aranges
                0x000009d8       0x28 src/include/sensors.o
 .debug_aranges
                0x00000a00       0x28 src/include/storage.o
 .debug_aranges
                0x00000a28       0x38 src/include/tables.o
 .debug_aranges
                0x00000a60       0x70 src/include/timers.o
 .debug_aranges
                0x00000ad0       0xa0 src/include/tunerstudiocomm.o
 .debug_aranges
                0x00000b70       0x98 src/include/uart.o
 .debug_aranges
                0x00000c08       0x28 src/main.o

.debug_ranges   0x00000000      0xb38
 .debug_ranges  0x00000000       0x68 src/ASF/common/components/memory/eeprom/at24cxx/at24cxx.o
 .debug_ranges  0x00000068      0x168 src/ASF/sam/drivers/adc/adc.o
 .debug_ranges  0x000001d0       0x30 src/ASF/common/services/clock/sam3x/sysclk.o
 .debug_ranges  0x00000200       0x10 src/ASF/sam/boards/arduino_due_x/init.o
 .debug_ranges  0x00000210       0x78 src/ASF/sam/drivers/pdc/pdc.o
 .debug_ranges  0x00000288      0x138 src/ASF/sam/drivers/pio/pio.o
 .debug_ranges  0x000003c0      0x1f0 src/ASF/sam/drivers/pmc/pmc.o
 .debug_ranges  0x000005b0       0xc0 src/ASF/sam/drivers/tc/tc.o
 .debug_ranges  0x00000670       0xb8 src/ASF/sam/drivers/twi/twi.o
 .debug_ranges  0x00000728       0x10 src/ASF/sam/utils/cmsis/sam3x/source/templates/exceptions.o
 .debug_ranges  0x00000738       0x10 src/ASF/sam/utils/cmsis/sam3x/source/templates/gcc/startup_sam3x.o
 .debug_ranges  0x00000748       0x20 src/ASF/sam/utils/cmsis/sam3x/source/templates/system_sam3x.o
 .debug_ranges  0x00000768       0x50 src/ASF/sam/utils/syscalls/gcc/syscalls.o
 .debug_ranges  0x000007b8       0x38 src/include/ADC.o
 .debug_ranges  0x000007f0       0x38 src/include/decoders.o
 .debug_ranges  0x00000828       0x28 src/include/eeprom.o
 .debug_ranges  0x00000850       0x18 src/include/global.o
 .debug_ranges  0x00000868       0x20 src/include/interrupts.o
 .debug_ranges  0x00000888       0x68 src/include/math.o
 .debug_ranges  0x000008f0       0x18 src/include/sensors.o
 .debug_ranges  0x00000908       0x18 src/include/storage.o
 .debug_ranges  0x00000920       0x28 src/include/tables.o
 .debug_ranges  0x00000948       0x60 src/include/timers.o
 .debug_ranges  0x000009a8       0xc0 src/include/tunerstudiocomm.o
 .debug_ranges  0x00000a68       0xb8 src/include/uart.o
 .debug_ranges  0x00000b20       0x18 src/main.o

.debug_macro    0x00000000    0x1d58e
 .debug_macro   0x00000000      0x608 src/ASF/common/components/memory/eeprom/at24cxx/at24cxx.o
 .debug_macro   0x00000608      0x892 src/ASF/common/components/memory/eeprom/at24cxx/at24cxx.o
 .debug_macro   0x00000e9a      0x16d src/ASF/common/components/memory/eeprom/at24cxx/at24cxx.o
 .debug_macro   0x00001007      0x652 src/ASF/common/components/memory/eeprom/at24cxx/at24cxx.o
 .debug_macro   0x00001659       0x76 src/ASF/common/components/memory/eeprom/at24cxx/at24cxx.o
 .debug_macro   0x000016cf       0x16 src/ASF/common/components/memory/eeprom/at24cxx/at24cxx.o
 .debug_macro   0x000016e5      0x6e4 src/ASF/common/components/memory/eeprom/at24cxx/at24cxx.o
 .debug_macro   0x00001dc9       0x22 src/ASF/common/components/memory/eeprom/at24cxx/at24cxx.o
 .debug_macro   0x00001deb       0x87 src/ASF/common/components/memory/eeprom/at24cxx/at24cxx.o
 .debug_macro   0x00001e72       0x44 src/ASF/common/components/memory/eeprom/at24cxx/at24cxx.o
 .debug_macro   0x00001eb6       0xfd src/ASF/common/components/memory/eeprom/at24cxx/at24cxx.o
 .debug_macro   0x00001fb3       0x22 src/ASF/common/components/memory/eeprom/at24cxx/at24cxx.o
 .debug_macro   0x00001fd5      0x1df src/ASF/common/components/memory/eeprom/at24cxx/at24cxx.o
 .debug_macro   0x000021b4       0x20 src/ASF/common/components/memory/eeprom/at24cxx/at24cxx.o
 .debug_macro   0x000021d4       0x3a src/ASF/common/components/memory/eeprom/at24cxx/at24cxx.o
 .debug_macro   0x0000220e       0x2d src/ASF/common/components/memory/eeprom/at24cxx/at24cxx.o
 .debug_macro   0x0000223b      0xbb1 src/ASF/common/components/memory/eeprom/at24cxx/at24cxx.o
 .debug_macro   0x00002dec      0xab6 src/ASF/common/components/memory/eeprom/at24cxx/at24cxx.o
 .debug_macro   0x000038a2      0x569 src/ASF/common/components/memory/eeprom/at24cxx/at24cxx.o
 .debug_macro   0x00003e0b      0x2b5 src/ASF/common/components/memory/eeprom/at24cxx/at24cxx.o
 .debug_macro   0x000040c0      0x31a src/ASF/common/components/memory/eeprom/at24cxx/at24cxx.o
 .debug_macro   0x000043da      0x74f src/ASF/common/components/memory/eeprom/at24cxx/at24cxx.o
 .debug_macro   0x00004b29       0x82 src/ASF/common/components/memory/eeprom/at24cxx/at24cxx.o
 .debug_macro   0x00004bab      0x57b src/ASF/common/components/memory/eeprom/at24cxx/at24cxx.o
 .debug_macro   0x00005126       0x1c src/ASF/common/components/memory/eeprom/at24cxx/at24cxx.o
 .debug_macro   0x00005142      0x6b7 src/ASF/common/components/memory/eeprom/at24cxx/at24cxx.o
 .debug_macro   0x000057f9      0x52d src/ASF/common/components/memory/eeprom/at24cxx/at24cxx.o
 .debug_macro   0x00005d26       0xbe src/ASF/common/components/memory/eeprom/at24cxx/at24cxx.o
 .debug_macro   0x00005de4     0x2342 src/ASF/common/components/memory/eeprom/at24cxx/at24cxx.o
 .debug_macro   0x00008126      0x85d src/ASF/common/components/memory/eeprom/at24cxx/at24cxx.o
 .debug_macro   0x00008983      0xdc9 src/ASF/common/components/memory/eeprom/at24cxx/at24cxx.o
 .debug_macro   0x0000974c       0x7c src/ASF/common/components/memory/eeprom/at24cxx/at24cxx.o
 .debug_macro   0x000097c8      0x263 src/ASF/common/components/memory/eeprom/at24cxx/at24cxx.o
 .debug_macro   0x00009a2b       0x58 src/ASF/common/components/memory/eeprom/at24cxx/at24cxx.o
 .debug_macro   0x00009a83      0x9a7 src/ASF/common/components/memory/eeprom/at24cxx/at24cxx.o
 .debug_macro   0x0000a42a      0x248 src/ASF/common/components/memory/eeprom/at24cxx/at24cxx.o
 .debug_macro   0x0000a672      0x4df src/ASF/common/components/memory/eeprom/at24cxx/at24cxx.o
 .debug_macro   0x0000ab51      0x6b3 src/ASF/common/components/memory/eeprom/at24cxx/at24cxx.o
 .debug_macro   0x0000b204      0x59f src/ASF/common/components/memory/eeprom/at24cxx/at24cxx.o
 .debug_macro   0x0000b7a3       0x46 src/ASF/common/components/memory/eeprom/at24cxx/at24cxx.o
 .debug_macro   0x0000b7e9      0x34d src/ASF/common/components/memory/eeprom/at24cxx/at24cxx.o
 .debug_macro   0x0000bb36      0x28c src/ASF/common/components/memory/eeprom/at24cxx/at24cxx.o
 .debug_macro   0x0000bdc2     0x14d7 src/ASF/common/components/memory/eeprom/at24cxx/at24cxx.o
 .debug_macro   0x0000d299      0x7ba src/ASF/common/components/memory/eeprom/at24cxx/at24cxx.o
 .debug_macro   0x0000da53       0x76 src/ASF/common/components/memory/eeprom/at24cxx/at24cxx.o
 .debug_macro   0x0000dac9       0x82 src/ASF/common/components/memory/eeprom/at24cxx/at24cxx.o
 .debug_macro   0x0000db4b       0x76 src/ASF/common/components/memory/eeprom/at24cxx/at24cxx.o
 .debug_macro   0x0000dbc1       0x4c src/ASF/common/components/memory/eeprom/at24cxx/at24cxx.o
 .debug_macro   0x0000dc0d      0x105 src/ASF/common/components/memory/eeprom/at24cxx/at24cxx.o
 .debug_macro   0x0000dd12      0x105 src/ASF/common/components/memory/eeprom/at24cxx/at24cxx.o
 .debug_macro   0x0000de17      0x105 src/ASF/common/components/memory/eeprom/at24cxx/at24cxx.o
 .debug_macro   0x0000df1c       0x88 src/ASF/common/components/memory/eeprom/at24cxx/at24cxx.o
 .debug_macro   0x0000dfa4       0x88 src/ASF/common/components/memory/eeprom/at24cxx/at24cxx.o
 .debug_macro   0x0000e02c      0x3b4 src/ASF/common/components/memory/eeprom/at24cxx/at24cxx.o
 .debug_macro   0x0000e3e0       0xb8 src/ASF/common/components/memory/eeprom/at24cxx/at24cxx.o
 .debug_macro   0x0000e498       0xb8 src/ASF/common/components/memory/eeprom/at24cxx/at24cxx.o
 .debug_macro   0x0000e550       0xb8 src/ASF/common/components/memory/eeprom/at24cxx/at24cxx.o
 .debug_macro   0x0000e608       0xb8 src/ASF/common/components/memory/eeprom/at24cxx/at24cxx.o
 .debug_macro   0x0000e6c0      0x2b8 src/ASF/common/components/memory/eeprom/at24cxx/at24cxx.o
 .debug_macro   0x0000e978      0x125 src/ASF/common/components/memory/eeprom/at24cxx/at24cxx.o
 .debug_macro   0x0000ea9d      0x225 src/ASF/common/components/memory/eeprom/at24cxx/at24cxx.o
 .debug_macro   0x0000ecc2      0x225 src/ASF/common/components/memory/eeprom/at24cxx/at24cxx.o
 .debug_macro   0x0000eee7       0x2e src/ASF/common/components/memory/eeprom/at24cxx/at24cxx.o
 .debug_macro   0x0000ef15       0xac src/ASF/common/components/memory/eeprom/at24cxx/at24cxx.o
 .debug_macro   0x0000efc1      0x14d src/ASF/common/components/memory/eeprom/at24cxx/at24cxx.o
 .debug_macro   0x0000f10e       0x7c src/ASF/common/components/memory/eeprom/at24cxx/at24cxx.o
 .debug_macro   0x0000f18a      0x205 src/ASF/common/components/memory/eeprom/at24cxx/at24cxx.o
 .debug_macro   0x0000f38f       0x64 src/ASF/common/components/memory/eeprom/at24cxx/at24cxx.o
 .debug_macro   0x0000f3f3       0xa6 src/ASF/common/components/memory/eeprom/at24cxx/at24cxx.o
 .debug_macro   0x0000f499       0x7c src/ASF/common/components/memory/eeprom/at24cxx/at24cxx.o
 .debug_macro   0x0000f515       0x16 src/ASF/common/components/memory/eeprom/at24cxx/at24cxx.o
 .debug_macro   0x0000f52b       0x22 src/ASF/common/components/memory/eeprom/at24cxx/at24cxx.o
 .debug_macro   0x0000f54d       0x22 src/ASF/common/components/memory/eeprom/at24cxx/at24cxx.o
 .debug_macro   0x0000f56f      0x115 src/ASF/common/components/memory/eeprom/at24cxx/at24cxx.o
 .debug_macro   0x0000f684      0x115 src/ASF/common/components/memory/eeprom/at24cxx/at24cxx.o
 .debug_macro   0x0000f799      0x115 src/ASF/common/components/memory/eeprom/at24cxx/at24cxx.o
 .debug_macro   0x0000f8ae      0x115 src/ASF/common/components/memory/eeprom/at24cxx/at24cxx.o
 .debug_macro   0x0000f9c3       0x1c src/ASF/common/components/memory/eeprom/at24cxx/at24cxx.o
 .debug_macro   0x0000f9df       0x2e src/ASF/common/components/memory/eeprom/at24cxx/at24cxx.o
 .debug_macro   0x0000fa0d       0x22 src/ASF/common/components/memory/eeprom/at24cxx/at24cxx.o
 .debug_macro   0x0000fa2f       0x1c src/ASF/common/components/memory/eeprom/at24cxx/at24cxx.o
 .debug_macro   0x0000fa4b       0x58 src/ASF/common/components/memory/eeprom/at24cxx/at24cxx.o
 .debug_macro   0x0000faa3       0x10 src/ASF/common/components/memory/eeprom/at24cxx/at24cxx.o
 .debug_macro   0x0000fab3      0x273 src/ASF/common/components/memory/eeprom/at24cxx/at24cxx.o
 .debug_macro   0x0000fd26      0xd43 src/ASF/common/components/memory/eeprom/at24cxx/at24cxx.o
 .debug_macro   0x00010a69      0x131 src/ASF/common/components/memory/eeprom/at24cxx/at24cxx.o
 .debug_macro   0x00010b9a       0x52 src/ASF/common/components/memory/eeprom/at24cxx/at24cxx.o
 .debug_macro   0x00010bec       0x35 src/ASF/common/components/memory/eeprom/at24cxx/at24cxx.o
 .debug_macro   0x00010c21       0x9c src/ASF/common/components/memory/eeprom/at24cxx/at24cxx.o
 .debug_macro   0x00010cbd       0x16 src/ASF/common/components/memory/eeprom/at24cxx/at24cxx.o
 .debug_macro   0x00010cd3       0x35 src/ASF/common/components/memory/eeprom/at24cxx/at24cxx.o
 .debug_macro   0x00010d08      0x330 src/ASF/common/components/memory/eeprom/at24cxx/at24cxx.o
 .debug_macro   0x00011038       0x10 src/ASF/common/components/memory/eeprom/at24cxx/at24cxx.o
 .debug_macro   0x00011048       0x52 src/ASF/common/components/memory/eeprom/at24cxx/at24cxx.o
 .debug_macro   0x0001109a       0x16 src/ASF/common/components/memory/eeprom/at24cxx/at24cxx.o
 .debug_macro   0x000110b0       0x43 src/ASF/common/components/memory/eeprom/at24cxx/at24cxx.o
 .debug_macro   0x000110f3      0x187 src/ASF/common/components/memory/eeprom/at24cxx/at24cxx.o
 .debug_macro   0x0001127a       0x22 src/ASF/common/components/memory/eeprom/at24cxx/at24cxx.o
 .debug_macro   0x0001129c       0x3a src/ASF/common/components/memory/eeprom/at24cxx/at24cxx.o
 .debug_macro   0x000112d6       0x10 src/ASF/common/components/memory/eeprom/at24cxx/at24cxx.o
 .debug_macro   0x000112e6       0x40 src/ASF/common/components/memory/eeprom/at24cxx/at24cxx.o
 .debug_macro   0x00011326       0x6c src/ASF/common/components/memory/eeprom/at24cxx/at24cxx.o
 .debug_macro   0x00011392       0x16 src/ASF/common/components/memory/eeprom/at24cxx/at24cxx.o
 .debug_macro   0x000113a8      0x182 src/ASF/common/components/memory/eeprom/at24cxx/at24cxx.o
 .debug_macro   0x0001152a       0x22 src/ASF/common/components/memory/eeprom/at24cxx/at24cxx.o
 .debug_macro   0x0001154c       0x16 src/ASF/common/components/memory/eeprom/at24cxx/at24cxx.o
 .debug_macro   0x00011562       0x16 src/ASF/common/components/memory/eeprom/at24cxx/at24cxx.o
 .debug_macro   0x00011578       0x29 src/ASF/common/components/memory/eeprom/at24cxx/at24cxx.o
 .debug_macro   0x000115a1       0x75 src/ASF/common/components/memory/eeprom/at24cxx/at24cxx.o
 .debug_macro   0x00011616       0x45 src/ASF/common/components/memory/eeprom/at24cxx/at24cxx.o
 .debug_macro   0x0001165b      0x3ca src/ASF/common/components/memory/eeprom/at24cxx/at24cxx.o
 .debug_macro   0x00011a25       0x4c src/ASF/common/components/memory/eeprom/at24cxx/at24cxx.o
 .debug_macro   0x00011a71       0x34 src/ASF/common/components/memory/eeprom/at24cxx/at24cxx.o
 .debug_macro   0x00011aa5      0x2bf src/ASF/common/components/memory/eeprom/at24cxx/at24cxx.o
 .debug_macro   0x00011d64      0x790 src/ASF/common/components/memory/eeprom/at24cxx/at24cxx.o
 .debug_macro   0x000124f4       0x5e src/ASF/common/components/memory/eeprom/at24cxx/at24cxx.o
 .debug_macro   0x00012552       0x64 src/ASF/common/components/memory/eeprom/at24cxx/at24cxx.o
 .debug_macro   0x000125b6       0x5f src/ASF/common/components/memory/eeprom/at24cxx/at24cxx.o
 .debug_macro   0x00012615       0x90 src/ASF/common/components/memory/eeprom/at24cxx/at24cxx.o
 .debug_macro   0x000126a5       0x10 src/ASF/common/components/memory/eeprom/at24cxx/at24cxx.o
 .debug_macro   0x000126b5       0x3a src/ASF/common/components/memory/eeprom/at24cxx/at24cxx.o
 .debug_macro   0x000126ef       0x70 src/ASF/common/components/memory/eeprom/at24cxx/at24cxx.o
 .debug_macro   0x0001275f       0x28 src/ASF/common/components/memory/eeprom/at24cxx/at24cxx.o
 .debug_macro   0x00012787       0x23 src/ASF/common/components/memory/eeprom/at24cxx/at24cxx.o
 .debug_macro   0x000127aa      0x545 src/ASF/sam/drivers/adc/adc.o
 .debug_macro   0x00012cef       0x1c src/ASF/sam/drivers/adc/adc.o
 .debug_macro   0x00012d0b      0x5a5 src/ASF/common/services/clock/sam3x/sysclk.o
 .debug_macro   0x000132b0      0x2b9 src/ASF/common/services/clock/sam3x/sysclk.o
 .debug_macro   0x00013569      0x5e8 src/ASF/sam/boards/arduino_due_x/init.o
 .debug_macro   0x00013b51       0x16 src/ASF/sam/boards/arduino_due_x/init.o
 .debug_macro   0x00013b67       0x94 src/ASF/sam/boards/arduino_due_x/init.o
 .debug_macro   0x00013bfb       0x40 src/ASF/sam/boards/arduino_due_x/init.o
 .debug_macro   0x00013c3b       0x6a src/ASF/sam/boards/arduino_due_x/init.o
 .debug_macro   0x00013ca5      0x52f src/ASF/sam/drivers/pdc/pdc.o
 .debug_macro   0x000141d4      0x540 src/ASF/sam/drivers/pio/pio.o
 .debug_macro   0x00014714       0x8e src/ASF/sam/drivers/pio/pio.o
 .debug_macro   0x000147a2      0x53a src/ASF/sam/drivers/pmc/pmc.o
 .debug_macro   0x00014cdc       0x58 src/ASF/sam/drivers/pmc/pmc.o
 .debug_macro   0x00014d34      0x541 src/ASF/sam/drivers/tc/tc.o
 .debug_macro   0x00015275       0x4c src/ASF/sam/drivers/tc/tc.o
 .debug_macro   0x000152c1       0x8d src/ASF/sam/drivers/tc/tc.o
 .debug_macro   0x0001534e       0x16 src/ASF/sam/drivers/tc/tc.o
 .debug_macro   0x00015364       0x4a src/ASF/sam/drivers/tc/tc.o
 .debug_macro   0x000153ae       0x1c src/ASF/sam/drivers/tc/tc.o
 .debug_macro   0x000153ca      0x55e src/ASF/sam/drivers/twi/twi.o
 .debug_macro   0x00015928       0x46 src/ASF/sam/drivers/twi/twi.o
 .debug_macro   0x0001596e      0x539 src/ASF/sam/utils/cmsis/sam3x/source/templates/exceptions.o
 .debug_macro   0x00015ea7      0x547 src/ASF/sam/utils/cmsis/sam3x/source/templates/gcc/startup_sam3x.o
 .debug_macro   0x000163ee      0x547 src/ASF/sam/utils/cmsis/sam3x/source/templates/system_sam3x.o
 .debug_macro   0x00016935       0x26 src/ASF/sam/utils/cmsis/sam3x/source/templates/system_sam3x.o
 .debug_macro   0x0001695b      0x19c src/ASF/sam/utils/syscalls/gcc/syscalls.o
 .debug_macro   0x00016af7       0x97 src/ASF/sam/utils/syscalls/gcc/syscalls.o
 .debug_macro   0x00016b8e       0xf6 src/ASF/sam/utils/syscalls/gcc/syscalls.o
 .debug_macro   0x00016c84       0x52 src/ASF/sam/utils/syscalls/gcc/syscalls.o
 .debug_macro   0x00016cd6       0x16 src/ASF/sam/utils/syscalls/gcc/syscalls.o
 .debug_macro   0x00016cec       0x10 src/ASF/sam/utils/syscalls/gcc/syscalls.o
 .debug_macro   0x00016cfc       0x41 src/ASF/sam/utils/syscalls/gcc/syscalls.o
 .debug_macro   0x00016d3d      0x122 src/ASF/sam/utils/syscalls/gcc/syscalls.o
 .debug_macro   0x00016e5f      0x750 src/include/ADC.o
 .debug_macro   0x000175af       0x16 src/include/ADC.o
 .debug_macro   0x000175c5      0x2dd src/include/ADC.o
 .debug_macro   0x000178a2       0x22 src/include/ADC.o
 .debug_macro   0x000178c4       0x16 src/include/ADC.o
 .debug_macro   0x000178da       0x1c src/include/ADC.o
 .debug_macro   0x000178f6       0x82 src/include/ADC.o
 .debug_macro   0x00017978       0x7c src/include/ADC.o
 .debug_macro   0x000179f4      0x743 src/include/decoders.o
 .debug_macro   0x00018137      0x2e3 src/include/decoders.o
 .debug_macro   0x0001841a       0x82 src/include/decoders.o
 .debug_macro   0x0001849c      0x762 src/include/eeprom.o
 .debug_macro   0x00018bfe       0x7c src/include/eeprom.o
 .debug_macro   0x00018c7a      0x746 src/include/global.o
 .debug_macro   0x000193c0      0x74a src/include/interrupts.o
 .debug_macro   0x00019b0a      0x74a src/include/math.o
 .debug_macro   0x0001a254      0x74a src/include/sensors.o
 .debug_macro   0x0001a99e      0x74a src/include/storage.o
 .debug_macro   0x0001b0e8      0x74a src/include/tables.o
 .debug_macro   0x0001b832      0x74a src/include/timers.o
 .debug_macro   0x0001bf7c      0x750 src/include/tunerstudiocomm.o
 .debug_macro   0x0001c6cc       0x16 src/include/tunerstudiocomm.o
 .debug_macro   0x0001c6e2      0x750 src/include/uart.o
 .debug_macro   0x0001ce32       0x1c src/include/uart.o
 .debug_macro   0x0001ce4e      0x740 src/main.o

.debug_line     0x00000000    0x17556
 .debug_line    0x00000000      0xec5 src/ASF/common/components/memory/eeprom/at24cxx/at24cxx.o
 .debug_line    0x00000ec5      0xe88 src/ASF/sam/drivers/adc/adc.o
 .debug_line    0x00001d4d      0xc8a src/ASF/common/services/clock/sam3x/sysclk.o
 .debug_line    0x000029d7      0xd21 src/ASF/sam/boards/arduino_due_x/init.o
 .debug_line    0x000036f8      0xbf8 src/ASF/sam/drivers/pdc/pdc.o
 .debug_line    0x000042f0      0xe80 src/ASF/sam/drivers/pio/pio.o
 .debug_line    0x00005170     0x10ad src/ASF/sam/drivers/pmc/pmc.o
 .debug_line    0x0000621d      0xcb9 src/ASF/sam/drivers/tc/tc.o
 .debug_line    0x00006ed6      0xd82 src/ASF/sam/drivers/twi/twi.o
 .debug_line    0x00007c58      0xaf7 src/ASF/sam/utils/cmsis/sam3x/source/templates/exceptions.o
 .debug_line    0x0000874f      0xb41 src/ASF/sam/utils/cmsis/sam3x/source/templates/gcc/startup_sam3x.o
 .debug_line    0x00009290      0xb5f src/ASF/sam/utils/cmsis/sam3x/source/templates/system_sam3x.o
 .debug_line    0x00009def      0x3d1 src/ASF/sam/utils/syscalls/gcc/syscalls.o
 .debug_line    0x0000a1c0      0xff0 src/include/ADC.o
 .debug_line    0x0000b1b0     0x1022 src/include/decoders.o
 .debug_line    0x0000c1d2      0xffe src/include/eeprom.o
 .debug_line    0x0000d1d0      0xfeb src/include/global.o
 .debug_line    0x0000e1bb     0x100f src/include/interrupts.o
 .debug_line    0x0000f1ca     0x1087 src/include/math.o
 .debug_line    0x00010251      0xfd7 src/include/sensors.o
 .debug_line    0x00011228      0xfc6 src/include/storage.o
 .debug_line    0x000121ee     0x1002 src/include/tables.o
 .debug_line    0x000131f0     0x108b src/include/timers.o
 .debug_line    0x0001427b     0x1199 src/include/tunerstudiocomm.o
 .debug_line    0x00015414     0x1148 src/include/uart.o
 .debug_line    0x0001655c      0xffa src/main.o

.debug_str      0x00000000    0x65e45
 .debug_str     0x00000000    0x60464 src/ASF/common/components/memory/eeprom/at24cxx/at24cxx.o
                              0x60870 (size before relaxing)
 .debug_str     0x00060464      0xa67 src/ASF/sam/drivers/adc/adc.o
                              0x5c7ff (size before relaxing)
 .debug_str     0x00060ecb      0x23a src/ASF/common/services/clock/sam3x/sysclk.o
                              0x5fca4 (size before relaxing)
 .debug_str     0x00061105      0x6bd src/ASF/sam/boards/arduino_due_x/init.o
                              0x6045e (size before relaxing)
 .debug_str     0x000617c2      0x188 src/ASF/sam/drivers/pdc/pdc.o
                              0x5beef (size before relaxing)
 .debug_str     0x0006194a      0x428 src/ASF/sam/drivers/pio/pio.o
                              0x5c6d0 (size before relaxing)
 .debug_str     0x00061d72      0x6e5 src/ASF/sam/drivers/pmc/pmc.o
                              0x5c746 (size before relaxing)
 .debug_str     0x00062457      0x397 src/ASF/sam/drivers/tc/tc.o
                              0x5c0d4 (size before relaxing)
 .debug_str     0x000627ee      0x2ed src/ASF/sam/drivers/twi/twi.o
                              0x5c27d (size before relaxing)
 .debug_str     0x00062adb       0x4d src/ASF/sam/utils/cmsis/sam3x/source/templates/exceptions.o
                              0x5bd45 (size before relaxing)
 .debug_str     0x00062b28       0xb2 src/ASF/sam/utils/cmsis/sam3x/source/templates/gcc/startup_sam3x.o
                              0x5be1a (size before relaxing)
 .debug_str     0x00062bda      0x1cd src/ASF/sam/utils/cmsis/sam3x/source/templates/system_sam3x.o
                              0x5c02d (size before relaxing)
 .debug_str     0x00062da7      0x751 src/ASF/sam/utils/syscalls/gcc/syscalls.o
                               0x698e (size before relaxing)
 .debug_str     0x000634f8     0x1df7 src/include/ADC.o
                              0x629ee (size before relaxing)
 .debug_str     0x000652ef       0xba src/include/decoders.o
                              0x62606 (size before relaxing)
 .debug_str     0x000653a9      0x125 src/include/eeprom.o
                              0x6280f (size before relaxing)
 .debug_str     0x000654ce       0x32 src/include/global.o
                              0x6236c (size before relaxing)
 .debug_str     0x00065500      0x152 src/include/interrupts.o
                              0x62a8e (size before relaxing)
 .debug_str     0x00065652      0x180 src/include/math.o
                              0x62503 (size before relaxing)
 .debug_str     0x000657d2       0x37 src/include/sensors.o
                              0x62371 (size before relaxing)
 .debug_str     0x00065809       0x7f src/include/storage.o
                              0x623b9 (size before relaxing)
 .debug_str     0x00065888       0x6b src/include/tables.o
                              0x623b9 (size before relaxing)
 .debug_str     0x000658f3       0xef src/include/timers.o
                              0x62a0f (size before relaxing)
 .debug_str     0x000659e2      0x20b src/include/tunerstudiocomm.o
                              0x625f7 (size before relaxing)
 .debug_str     0x00065bed      0x222 src/include/uart.o
                              0x628cd (size before relaxing)
 .debug_str     0x00065e0f       0x36 src/main.o
                              0x626ed (size before relaxing)

.debug_frame    0x00000000     0x1d10
 .debug_frame   0x00000000      0x130 src/ASF/common/components/memory/eeprom/at24cxx/at24cxx.o
 .debug_frame   0x00000130      0x31c src/ASF/sam/drivers/adc/adc.o
 .debug_frame   0x0000044c       0x88 src/ASF/common/services/clock/sam3x/sysclk.o
 .debug_frame   0x000004d4       0x28 src/ASF/sam/boards/arduino_due_x/init.o
 .debug_frame   0x000004fc       0xf0 src/ASF/sam/drivers/pdc/pdc.o
 .debug_frame   0x000005ec      0x2b8 src/ASF/sam/drivers/pio/pio.o
 .debug_frame   0x000008a4      0x450 src/ASF/sam/drivers/pmc/pmc.o
 .debug_frame   0x00000cf4      0x1a4 src/ASF/sam/drivers/tc/tc.o
 .debug_frame   0x00000e98      0x1d0 src/ASF/sam/drivers/twi/twi.o
 .debug_frame   0x00001068       0x20 src/ASF/sam/utils/cmsis/sam3x/source/templates/exceptions.o
 .debug_frame   0x00001088       0x28 src/ASF/sam/utils/cmsis/sam3x/source/templates/gcc/startup_sam3x.o
 .debug_frame   0x000010b0       0x40 src/ASF/sam/utils/cmsis/sam3x/source/templates/system_sam3x.o
 .debug_frame   0x000010f0       0xa0 src/ASF/sam/utils/syscalls/gcc/syscalls.o
 .debug_frame   0x00001190       0x6c src/include/ADC.o
 .debug_frame   0x000011fc       0x7c src/include/decoders.o
 .debug_frame   0x00001278       0x7c src/include/eeprom.o
 .debug_frame   0x000012f4       0x44 src/include/global.o
 .debug_frame   0x00001338       0x64 src/include/interrupts.o
 .debug_frame   0x0000139c      0x108 src/include/math.o
 .debug_frame   0x000014a4       0x54 src/include/sensors.o
 .debug_frame   0x000014f8       0x38 src/include/storage.o
 .debug_frame   0x00001530       0x88 src/include/tables.o
 .debug_frame   0x000015b8      0x10c src/include/timers.o
 .debug_frame   0x000016c4      0x1dc src/include/tunerstudiocomm.o
 .debug_frame   0x000018a0      0x17c src/include/uart.o
 .debug_frame   0x00001a1c       0x44 src/main.o
 .debug_frame   0x00001a60       0x2c c:/program files (x86)/atmel/studio/7.0/toolchain/arm/arm-gnu-toolchain/bin/../lib/gcc/arm-none-eabi/5.3.1/../../../../arm-none-eabi/lib/armv7-m\libc.a(lib_a-init.o)
 .debug_frame   0x00001a8c       0x30 c:/program files (x86)/atmel/studio/7.0/toolchain/arm/arm-gnu-toolchain/bin/../lib/gcc/arm-none-eabi/5.3.1/../../../../arm-none-eabi/lib/armv7-m\libc.a(lib_a-malloc.o)
 .debug_frame   0x00001abc       0x54 c:/program files (x86)/atmel/studio/7.0/toolchain/arm/arm-gnu-toolchain/bin/../lib/gcc/arm-none-eabi/5.3.1/../../../../arm-none-eabi/lib/armv7-m\libc.a(lib_a-mallocr.o)
 .debug_frame   0x00001b10       0x30 c:/program files (x86)/atmel/studio/7.0/toolchain/arm/arm-gnu-toolchain/bin/../lib/gcc/arm-none-eabi/5.3.1/../../../../arm-none-eabi/lib/armv7-m\libc.a(lib_a-mlock.o)
 .debug_frame   0x00001b40       0x2c c:/program files (x86)/atmel/studio/7.0/toolchain/arm/arm-gnu-toolchain/bin/../lib/gcc/arm-none-eabi/5.3.1/../../../../arm-none-eabi/lib/armv7-m\libc.a(lib_a-sbrkr.o)
 .debug_frame   0x00001b6c       0x50 c:/program files (x86)/atmel/studio/7.0/toolchain/arm/arm-gnu-toolchain/bin/../lib/gcc/arm-none-eabi/5.3.1/../../../../arm-none-eabi/lib/armv7-m\libc.a(lib_a-__call_atexit.o)
 .debug_frame   0x00001bbc       0x20 c:/program files (x86)/atmel/studio/7.0/toolchain/arm/arm-gnu-toolchain/bin/../lib/gcc/arm-none-eabi/5.3.1/../../../../arm-none-eabi/lib/armv7-m\libc.a(lib_a-atexit.o)
 .debug_frame   0x00001bdc       0x34 c:/program files (x86)/atmel/studio/7.0/toolchain/arm/arm-gnu-toolchain/bin/../lib/gcc/arm-none-eabi/5.3.1/../../../../arm-none-eabi/lib/armv7-m\libc.a(lib_a-fini.o)
 .debug_frame   0x00001c10       0x74 c:/program files (x86)/atmel/studio/7.0/toolchain/arm/arm-gnu-toolchain/bin/../lib/gcc/arm-none-eabi/5.3.1/../../../../arm-none-eabi/lib/armv7-m\libc.a(lib_a-freer.o)
 .debug_frame   0x00001c84       0x58 c:/program files (x86)/atmel/studio/7.0/toolchain/arm/arm-gnu-toolchain/bin/../lib/gcc/arm-none-eabi/5.3.1/../../../../arm-none-eabi/lib/armv7-m\libc.a(lib_a-reent.o)
 .debug_frame   0x00001cdc       0x34 c:/program files (x86)/atmel/studio/7.0/toolchain/arm/arm-gnu-toolchain/bin/../lib/gcc/arm-none-eabi/5.3.1/../../../../arm-none-eabi/lib/armv7-m\libc.a(lib_a-__atexit.o)

Cross Reference Table

Symbol                                            File
ADC_Handler                                       src/include/ADC.o
                                                  src/ASF/sam/utils/cmsis/sam3x/source/templates/exceptions.o
                                                  src/ASF/sam/utils/cmsis/sam3x/source/templates/gcc/startup_sam3x.o
AFR                                               src/main.o
                                                  src/include/uart.o
                                                  src/include/tunerstudiocomm.o
                                                  src/include/timers.o
                                                  src/include/tables.o
                                                  src/include/storage.o
                                                  src/include/sensors.o
                                                  src/include/math.o
                                                  src/include/interrupts.o
                                                  src/include/igncalc.o
                                                  src/include/global.o
                                                  src/include/fuelcalc.o
                                                  src/include/eeprom.o
                                                  src/include/decoders.o
                                                  src/include/ADC.o
AdcChannels                                       src/main.o
                                                  src/include/uart.o
                                                  src/include/tunerstudiocomm.o
                                                  src/include/timers.o
                                                  src/include/tables.o
                                                  src/include/storage.o
                                                  src/include/sensors.o
                                                  src/include/math.o
                                                  src/include/interrupts.o
                                                  src/include/igncalc.o
                                                  src/include/global.o
                                                  src/include/fuelcalc.o
                                                  src/include/eeprom.o
                                                  src/include/decoders.o
                                                  src/include/ADC.o
AdcData                                           src/main.o
                                                  src/include/uart.o
                                                  src/include/tunerstudiocomm.o
                                                  src/include/timers.o
                                                  src/include/tables.o
                                                  src/include/storage.o
                                                  src/include/sensors.o
                                                  src/include/math.o
                                                  src/include/interrupts.o
                                                  src/include/igncalc.o
                                                  src/include/global.o
                                                  src/include/fuelcalc.o
                                                  src/include/eeprom.o
                                                  src/include/decoders.o
                                                  src/include/ADC.o
AdcFlag                                           src/main.o
                                                  src/include/uart.o
                                                  src/include/tunerstudiocomm.o
                                                  src/include/timers.o
                                                  src/include/tables.o
                                                  src/include/storage.o
                                                  src/include/sensors.o
                                                  src/include/math.o
                                                  src/include/interrupts.o
                                                  src/include/igncalc.o
                                                  src/include/global.o
                                                  src/include/fuelcalc.o
                                                  src/include/eeprom.o
                                                  src/include/decoders.o
                                                  src/include/ADC.o
AdcMedianCounter                                  src/main.o
                                                  src/include/uart.o
                                                  src/include/tunerstudiocomm.o
                                                  src/include/timers.o
                                                  src/include/tables.o
                                                  src/include/storage.o
                                                  src/include/sensors.o
                                                  src/include/math.o
                                                  src/include/interrupts.o
                                                  src/include/igncalc.o
                                                  src/include/global.o
                                                  src/include/fuelcalc.o
                                                  src/include/eeprom.o
                                                  src/include/decoders.o
                                                  src/include/ADC.o
AfrAdc_LUT                                        src/main.o
                                                  src/include/uart.o
                                                  src/include/tunerstudiocomm.o
                                                  src/include/timers.o
                                                  src/include/tables.o
                                                  src/include/storage.o
                                                  src/include/sensors.o
                                                  src/include/math.o
                                                  src/include/interrupts.o
                                                  src/include/igncalc.o
                                                  src/include/global.o
                                                  src/include/fuelcalc.o
                                                  src/include/eeprom.o
                                                  src/include/decoders.o
                                                  src/include/ADC.o
BusFault_Handler                                  src/ASF/sam/utils/cmsis/sam3x/source/templates/exceptions.o
                                                  src/ASF/sam/utils/cmsis/sam3x/source/templates/gcc/startup_sam3x.o
CAN0_Handler                                      src/ASF/sam/utils/cmsis/sam3x/source/templates/exceptions.o
                                                  src/ASF/sam/utils/cmsis/sam3x/source/templates/gcc/startup_sam3x.o
CAN1_Handler                                      src/ASF/sam/utils/cmsis/sam3x/source/templates/exceptions.o
                                                  src/ASF/sam/utils/cmsis/sam3x/source/templates/gcc/startup_sam3x.o
CamCurrCycleCounts                                src/main.o
                                                  src/include/uart.o
                                                  src/include/tunerstudiocomm.o
                                                  src/include/timers.o
                                                  src/include/tables.o
                                                  src/include/storage.o
                                                  src/include/sensors.o
                                                  src/include/math.o
                                                  src/include/interrupts.o
                                                  src/include/igncalc.o
                                                  src/include/global.o
                                                  src/include/fuelcalc.o
                                                  src/include/eeprom.o
                                                  src/include/decoders.o
                                                  src/include/ADC.o
CamSignalFlag                                     src/main.o
                                                  src/include/uart.o
                                                  src/include/tunerstudiocomm.o
                                                  src/include/timers.o
                                                  src/include/tables.o
                                                  src/include/storage.o
                                                  src/include/sensors.o
                                                  src/include/math.o
                                                  src/include/interrupts.o
                                                  src/include/igncalc.o
                                                  src/include/global.o
                                                  src/include/fuelcalc.o
                                                  src/include/eeprom.o
                                                  src/include/decoders.o
                                                  src/include/ADC.o
CamTimerCounts                                    src/main.o
                                                  src/include/uart.o
                                                  src/include/tunerstudiocomm.o
                                                  src/include/timers.o
                                                  src/include/tables.o
                                                  src/include/storage.o
                                                  src/include/sensors.o
                                                  src/include/math.o
                                                  src/include/interrupts.o
                                                  src/include/igncalc.o
                                                  src/include/global.o
                                                  src/include/fuelcalc.o
                                                  src/include/eeprom.o
                                                  src/include/decoders.o
                                                  src/include/ADC.o
CltAdc_LUT                                        src/main.o
                                                  src/include/uart.o
                                                  src/include/tunerstudiocomm.o
                                                  src/include/timers.o
                                                  src/include/tables.o
                                                  src/include/storage.o
                                                  src/include/sensors.o
                                                  src/include/math.o
                                                  src/include/interrupts.o
                                                  src/include/igncalc.o
                                                  src/include/global.o
                                                  src/include/fuelcalc.o
                                                  src/include/eeprom.o
                                                  src/include/decoders.o
                                                  src/include/ADC.o